Building 1 file(s)...
Building tests/fixtures/esp32-import.circuit.tsx...
Generating circuit JSON...
Circuit JSON written to dist/tests/fixtures/esp32-import/circuit.json
U1 has no pin with requires_power=true
Generating preview images...
[tests/fixtures/esp32-import] Generating PCB SVG...
[tests/fixtures/esp32-import] Written pcb.svg
[tests/fixtures/esp32-import] Generating PCB PNG...
[tests/fixtures/esp32-import] Written pcb.png
[tests/fixtures/esp32-import] Generating schematic SVG...
[tests/fixtures/esp32-import] Written schematic.svg
[tests/fixtures/esp32-import] Generating 3D PNG...
[tests/fixtures/esp32-import] Written 3d.png

Build complete
  Circuits  1 passed
  Options   pcb-png, pcb-svgs, schematic-svgs, 3d-png
  Output    dist

✓ Done
Build exiting with code 0: build finished successfully
