[
  {
    "file": "product/prints/BatterySupport.stl",
    "triangles": 32,
    "degenerate_triangles": 0,
    "nonmanifold_edges": 0,
    "bounds_mm": [
      [
        -22.0,
        -10.5,
        14.8
      ],
      [
        22.0,
        22.5,
        15.4
      ]
    ]
  },
  {
    "file": "product/prints/MagSafeFaceCover.stl",
    "triangles": 124,
    "degenerate_triangles": 0,
    "nonmanifold_edges": 0,
    "bounds_mm": [
      [
        -29.5,
        -29.5,
        0.0
      ],
      [
        29.5,
        29.5,
        0.6
      ]
    ]
  },
  {
    "file": "product/prints/MagSafeGrip.stl",
    "triangles": 984,
    "degenerate_triangles": 0,
    "nonmanifold_edges": 0,
    "bounds_mm": [
      [
        -29.5,
        -38.0,
        0.6
      ],
      [
        84.0,
        38.0,
        13.4
      ]
    ]
  },
  {
    "file": "product/prints/RemoteBase.stl",
    "triangles": 1224,
    "degenerate_triangles": 0,
    "nonmanifold_edges": 0,
    "bounds_mm": [
      [
        -34.0,
        -36.0,
        6.0
      ],
      [
        30.0,
        36.0,
        26.0
      ]
    ]
  },
  {
    "file": "product/prints/RemoteLid.stl",
    "triangles": 922,
    "degenerate_triangles": 0,
    "nonmanifold_edges": 0,
    "bounds_mm": [
      [
        -33.0,
        -35.0,
        10.0
      ],
      [
        29.0,
        35.0,
        29.0
      ]
    ]
  },
  {
    "file": "product/prints/SideShutterPlunger.stl",
    "triangles": 188,
    "degenerate_triangles": 0,
    "nonmanifold_edges": 0,
    "bounds_mm": [
      [
        22.624,
        -12.0,
        9.26
      ],
      [
        31.4,
        -5.0,
        12.46
      ]
    ]
  }
]
