bun install v1.3.9 (cf6cdbbb)

+ @biomejs/biome@1.9.4
+ @resvg/resvg-js@2.6.2
+ @tsci/tscircuit.ti@github:tscircuit/ti#57e314b
+ @tscircuit/alphabet@0.0.25
+ @tscircuit/bga-fanout-solver@github:tscircuit/bga-fanout-solver#247c835
+ @tscircuit/bus-lanes-solver@https://jscdn.tscircuit.com/@tscircuit/bus-lanes-solver/0.0.6.tgz
+ @tscircuit/capacity-autorouter@0.0.951
+ @tscircuit/checks@0.0.232
+ @tscircuit/circuit-json-util@../vendor/circuit-json-util-qualified-source.tgz
+ @tscircuit/common@0.0.20
+ @tscircuit/copper-pour-solver@0.0.62
+ @tscircuit/create-fdm-enclosure@0.0.4
+ @tscircuit/dogbone-solver@https://jscdn.tscircuit.com/@tscircuit/dogbone-solver/0.0.1.tgz
+ @tscircuit/fanout-solver@0.0.78
+ @tscircuit/flex-utils@https://jscdn.tscircuit.com/@tscircuit/flex-utils/0.0.5.tgz
+ @tscircuit/footprinter@0.0.426
+ @tscircuit/image-utils@0.0.8
+ @tscircuit/implicit-copper-pour-solver@github:tscircuit/implicit-copper-pour-solver#a5cbbda
+ @tscircuit/infer-cable-insertion-point@0.0.4
+ @tscircuit/infgrid-ijump-astar@0.0.35
+ @tscircuit/jlcpcb-manufacturing-specs@github:tscircuit/jlcpcb-manufacturing-specs#2326050
+ @tscircuit/krt-wasm@0.1.9
+ @tscircuit/log-soup@1.0.2
+ @tscircuit/matchpack@0.0.97
+ @tscircuit/math-utils@0.0.36
+ @tscircuit/miniflex@0.0.4
+ @tscircuit/ngspice-spice-engine@0.0.20
+ @tscircuit/props@../vendor/props-qualified-source.tgz
+ @tscircuit/schematic-match-adapt@0.0.18
+ @tscircuit/schematic-trace-solver@../vendor/schematic-trace-solver-0.0.217.tgz
+ @tscircuit/solver-utils@0.0.16
+ @tscircuit/soup-util@0.0.41
+ @tscircuit/via-stitch-solver@github:tscircuit/via-stitch-solver#64f2ac7
+ @tscircuit/winding-breakout-point-solver@github:tscircuit/winding-breakout-point-solver#202dbe9
+ @types/bun@1.4.2
+ @types/debug@4.1.13
+ @types/react@19.3.0
+ @types/react-dom@19.3.0
+ @types/react-reconciler@0.28.9
+ bpc-graph@0.0.57
+ bun-match-svg@0.0.12
+ calculate-elbow@0.0.12
+ chokidar-cli@3.0.0
+ circuit-json@../vendor/circuit-json-qualified-source.tgz
+ circuit-json-to-bpc@0.0.13
+ circuit-json-to-connectivity-map@0.0.33
+ circuit-json-to-gltf@0.0.133
+ circuit-json-to-spice@0.0.45
+ circuit-to-svg@../vendor/circuit-to-svg-qualified-source.tgz
+ concurrently@9.2.4
+ connectivity-map@1.0.1
+ debug@4.4.3
+ flatbush@4.6.2
+ graphics-debug@0.0.95
+ howfat@0.3.8
+ kicad-to-circuit-json@0.0.117
+ kicadts@0.0.53
+ live-server@1.2.2
+ minicssgrid@0.0.9
+ pkg-pr-new@0.0.37
+ poppygl@0.0.29
+ react@19.3.0
+ react-dom@19.3.0
+ schematic-symbols@0.0.248
+ spicets@0.0.4
+ spicey@0.0.14
+ stack-svgs@0.0.1
+ ts-expect@1.3.0
+ tsup@8.5.1
+ @flatten-js/core@1.6.14
+ @lume/kiwi@0.4.4
+ calculate-cell-boundaries@0.0.24
+ calculate-packing@0.0.90
+ css-select@5.1.0
+ format-si-unit@0.0.12
+ nanoid@5.1.16
+ performance-now@2.1.0
+ react-reconciler@0.32.0
+ svg-path-commander@2.3.3
+ transformation-matrix@2.16.1
+ zod@3.25.76
+ typescript@5.9.3

615 packages installed [11.04s]
