Classified manufacturing failures: 90
{'rule': 'outer_drill_track', 'a': 'pcb_via_1', 'b': 'source_net_0_mst7_0:bottom', 'gap_mm': 0.10494820782666674, 'minimum_mm': 0.2}
{'rule': 'project_unrelated_drill_copper', 'a': 'pcb_via_1', 'b': 'pcb_via_38:top', 'gap_mm': 0.0, 'minimum_mm': 0.2}
{'rule': 'project_unrelated_drill_copper', 'a': 'pcb_via_1', 'b': 'pcb_via_38:bottom', 'gap_mm': 0.0, 'minimum_mm': 0.2}
{'rule': 'project_unrelated_drill_copper', 'a': 'pcb_via_3', 'b': 'pcb_smtpad_87:top', 'gap_mm': 0.20000089999999915, 'minimum_mm': 0.2, 'status': 'indeterminate_at_geometric_precision'}
{'rule': 'project_unrelated_drill_copper', 'a': 'pcb_via_11', 'b': 'pcb_smtpad_144:top', 'gap_mm': 0.15139830000000032, 'minimum_mm': 0.2}
{'rule': 'project_unrelated_drill_copper', 'a': 'pcb_via_13', 'b': 'pcb_smtpad_137:top', 'gap_mm': 0.0, 'minimum_mm': 0.2}
{'rule': 'project_unrelated_drill_copper', 'a': 'pcb_via_15', 'b': 'pcb_smtpad_134:top', 'gap_mm': 0.11267085852165538, 'minimum_mm': 0.2}
{'rule': 'outer_drill_track', 'a': 'pcb_via_15', 'b': 'source_net_2_mst4_0:top', 'gap_mm': 0.1761640353772893, 'minimum_mm': 0.2}
{'rule': 'project_unrelated_drill_copper', 'a': 'pcb_via_18', 'b': 'pcb_smtpad_123:top', 'gap_mm': 0.08650558969996958, 'minimum_mm': 0.2}
{'rule': 'project_unrelated_drill_copper', 'a': 'pcb_via_19', 'b': 'pcb_smtpad_124:top', 'gap_mm': 0.14671641014160366, 'minimum_mm': 0.2}
{'rule': 'outer_drill_track', 'a': 'pcb_via_24', 'b': 'source_net_3_mst4_0:bottom', 'gap_mm': 0.10691471137202259, 'minimum_mm': 0.2}
{'rule': 'project_unrelated_drill_copper', 'a': 'pcb_via_26', 'b': 'pcb_smtpad_61:top', 'gap_mm': 0.0, 'minimum_mm': 0.2}
{'rule': 'outer_drill_track', 'a': 'pcb_via_26', 'b': 'source_net_3_mst3_0:bottom', 'gap_mm': 0.1855678517576571, 'minimum_mm': 0.2}
{'rule': 'project_unrelated_drill_copper', 'a': 'pcb_via_27', 'b': 'pcb_smtpad_61:top', 'gap_mm': 0.11600090000000128, 'minimum_mm': 0.2}
{'rule': 'project_unrelated_drill_copper', 'a': 'pcb_via_36', 'b': 'pcb_smtpad_71:top', 'gap_mm': 0.0, 'minimum_mm': 0.2}
{'rule': 'outer_drill_track', 'a': 'pcb_via_38', 'b': 'source_net_0_mst7_0:bottom', 'gap_mm': 0.0, 'minimum_mm': 0.2}
{'rule': 'project_unrelated_drill_copper', 'a': 'pcb_via_38', 'b': 'pcb_via_1:top', 'gap_mm': 0.0, 'minimum_mm': 0.2}
{'rule': 'project_unrelated_drill_copper', 'a': 'pcb_via_38', 'b': 'pcb_via_1:bottom', 'gap_mm': 0.0, 'minimum_mm': 0.2}
{'rule': 'project_unrelated_drill_copper', 'a': 'pcb_via_53', 'b': 'pcb_smtpad_63:top', 'gap_mm': 0.0, 'minimum_mm': 0.2}
{'rule': 'project_unrelated_drill_copper', 'a': 'pcb_via_61', 'b': 'pcb_smtpad_129:top', 'gap_mm': 0.19299899999999862, 'minimum_mm': 0.2}
{'rule': 'project_unrelated_drill_copper', 'a': 'pcb_via_66', 'b': 'pcb_smtpad_137:top', 'gap_mm': 0.1784131000000002, 'minimum_mm': 0.2}
{'rule': 'project_unrelated_drill_copper', 'a': 'pcb_via_76', 'b': 'pcb_smtpad_8:top', 'gap_mm': 0.08156139031992637, 'minimum_mm': 0.2}
{'rule': 'project_unrelated_drill_copper', 'a': 'pcb_via_77', 'b': 'pcb_smtpad_37:top', 'gap_mm': 0.0, 'minimum_mm': 0.2}
{'rule': 'project_unrelated_drill_copper', 'a': 'pcb_via_78', 'b': 'pcb_smtpad_86:top', 'gap_mm': 0.19677716119811206, 'minimum_mm': 0.2}
{'rule': 'project_unrelated_drill_copper', 'a': 'pcb_via_79', 'b': 'pcb_smtpad_67:top', 'gap_mm': 0.0, 'minimum_mm': 0.2}
