bun test v1.3.9 (cf6cdbbb)

tests/repros/repro-fanout-later-custom-symbol.test.tsx:
104 | 
105 |       const errorMessage = `Could not find port for selector "${selector}". Component "${targetComponent.props.name ?? parentSelector}" found, but does not have pin "${portLabel}". ${detail}`
106 | 
107 |       const subcircuit = trace.getSubcircuit()
108 |       const sourceGroup = subcircuit.getGroup()
109 |       throw new TraceConnectionError({
                  ^
TraceConnectionError: Could not find port for selector ".Q1 > .pin1". Component ".Q1 > " found, but does not have pin "pin1". It has no ports
 errorData: {
  error_type: "source_trace_not_connected_error",
  message: "Could not find port for selector \".Q1 > .pin1\". Component \".Q1 > \" found, but does not have pin \"pin1\". It has no ports",
  subcircuit_id: undefined,
  source_group_id: undefined,
  source_trace_id: undefined,
  selectors_not_found: [ ".Q1 > .pin1" ],
},

      at Trace__findConnectedPorts (/Users/anassarkiz/tsci/tscircuit-store/boards/magnetic-shutter-remote--01a0f81f/tooling/core/lib/components/primitive-components/Trace/Trace__findConnectedPorts.ts:109:13)
      at doInitialCreateAutoplacedBreakoutPoints (/Users/anassarkiz/tsci/tscircuit-store/boards/magnetic-shutter-remote--01a0f81f/tooling/core/lib/components/primitive-components/Breakout/Breakout.ts:92:28)
      at runRenderPhase (/Users/anassarkiz/tsci/tscircuit-store/boards/magnetic-shutter-remote--01a0f81f/tooling/core/lib/components/base-components/Renderable.ts:518:34)
      at runRenderPhaseForChildren (/Users/anassarkiz/tsci/tscircuit-store/boards/magnetic-shutter-remote--01a0f81f/tooling/core/lib/components/base-components/Renderable.ts:539:13)
      at runRenderPhaseForChildren (/Users/anassarkiz/tsci/tscircuit-store/boards/magnetic-shutter-remote--01a0f81f/tooling/core/lib/components/normal-components/Board/Board.ts:662:11)
      at runRenderCycle (/Users/anassarkiz/tsci/tscircuit-store/boards/magnetic-shutter-remote--01a0f81f/tooling/core/lib/components/base-components/Renderable.ts:454:12)
      at render (/Users/anassarkiz/tsci/tscircuit-store/boards/magnetic-shutter-remote--01a0f81f/tooling/core/lib/IsolatedCircuit.ts:211:16)
      at renderUntilSettled (/Users/anassarkiz/tsci/tscircuit-store/boards/magnetic-shutter-remote--01a0f81f/tooling/core/lib/IsolatedCircuit.ts:225:10)
      at <anonymous> (/Users/anassarkiz/tsci/tscircuit-store/boards/magnetic-shutter-remote--01a0f81f/tooling/core/tests/repros/repro-fanout-later-custom-symbol.test.tsx:16:17)
(fail) fanout resolves a later custom-symbol switch after symbol ports initialize [20.99ms]

 0 pass
 1 fail
Ran 1 test across 1 file. [1120.00ms]
