C21190 0603WAF1001T5E PASS_PUBLIC_LISTING {'canPresaleNumber': 15816547, 'overseasStockCount': 21274410, 'preMinPurchaseNum': 4512, 'encapsulationNumber': 5000, 'lossNumber': 10, 'leastPatchNumber': 20, 'noBuyReason': None}
C19725033 BQ25185DLHR PASS_PUBLIC_LISTING {'canPresaleNumber': 3533, 'overseasStockCount': 3636, 'preMinPurchaseNum': 6, 'encapsulationNumber': 3000, 'lossNumber': 0, 'leastPatchNumber': 0, 'noBuyReason': None}
C37616412 USB4215-03-A PASS_PUBLIC_LISTING {'canPresaleNumber': 22, 'overseasStockCount': 114, 'preMinPurchaseNum': 13, 'encapsulationNumber': 1200, 'lossNumber': 0, 'leastPatchNumber': 0, 'noBuyReason': None}
C23186 0603WAF5101T5E PASS_PUBLIC_LISTING {'canPresaleNumber': 24108474, 'overseasStockCount': 25186290, 'preMinPurchaseNum': 5000, 'encapsulationNumber': 5000, 'lossNumber': 10, 'leastPatchNumber': 20, 'noBuyReason': None}
C19666 CL10A475KO8NNNC PASS_PUBLIC_LISTING {'canPresaleNumber': 1850931, 'overseasStockCount': 2461457, 'preMinPurchaseNum': 519, 'encapsulationNumber': 4000, 'lossNumber': 10, 'leastPatchNumber': 20, 'noBuyReason': None}
C160402 SM02B-SRSS-TB(LF)(SN) PASS_PUBLIC_LISTING {'canPresaleNumber': 32131, 'overseasStockCount': 33629, 'preMinPurchaseNum': 84, 'encapsulationNumber': 3000, 'lossNumber': 2, 'leastPatchNumber': 5, 'noBuyReason': None}
C22795 0603WAF1303T5E PASS_PUBLIC_LISTING {'canPresaleNumber': 534545, 'overseasStockCount': 584557, 'preMinPurchaseNum': 5000, 'encapsulationNumber': 5000, 'lossNumber': 10, 'leastPatchNumber': 20, 'noBuyReason': None}
C2286 KT-0603R PASS_PUBLIC_LISTING {'canPresaleNumber': 4180371, 'overseasStockCount': 4732306, 'preMinPurchaseNum': 1556, 'encapsulationNumber': 4000, 'lossNumber': 10, 'leastPatchNumber': 20, 'noBuyReason': None}
C15850 CL21A106KAYNNNE PASS_PUBLIC_LISTING {'canPresaleNumber': 3454309, 'overseasStockCount': 4831018, 'preMinPurchaseNum': 139, 'encapsulationNumber': 2000, 'lossNumber': 10, 'leastPatchNumber': 20, 'noBuyReason': None}
C282505 TCC0603COG470J500CT PASS_PUBLIC_LISTING {'canPresaleNumber': 7987, 'overseasStockCount': 8003, 'preMinPurchaseNum': 3610, 'encapsulationNumber': 4000, 'lossNumber': 10, 'leastPatchNumber': 20, 'noBuyReason': None}
C25804 0603WAF1002T5E PASS_PUBLIC_LISTING {'canPresaleNumber': 21640825, 'overseasStockCount': 29568930, 'preMinPurchaseNum': 5000, 'encapsulationNumber': 5000, 'lossNumber': 10, 'leastPatchNumber': 20, 'noBuyReason': None}
C19949072 ESPC3-12-N4 NEEDS_SUPPLY_CONFIRMATION {'canPresaleNumber': 3, 'overseasStockCount': 66, 'preMinPurchaseNum': 4, 'encapsulationNumber': 650, 'lossNumber': 0, 'leastPatchNumber': 0, 'noBuyReason': None}
C14663 CC0603KRX7R9BB104 PASS_PUBLIC_LISTING {'canPresaleNumber': 42915866, 'overseasStockCount': 57220244, 'preMinPurchaseNum': 1026, 'encapsulationNumber': 4000, 'lossNumber': 10, 'leastPatchNumber': 20, 'noBuyReason': None}
C393942 TS24CA PASS_PUBLIC_LISTING {'canPresaleNumber': 400566, 'overseasStockCount': 406482, 'preMinPurchaseNum': 461, 'encapsulationNumber': 3000, 'lossNumber': 1, 'leastPatchNumber': 5, 'noBuyReason': None}
C720477 TS-1088-AR02016 PASS_PUBLIC_LISTING {'canPresaleNumber': 716001, 'overseasStockCount': 766539, 'preMinPurchaseNum': 214, 'encapsulationNumber': 4000, 'lossNumber': 4, 'leastPatchNumber': 5, 'noBuyReason': None}
C160389 BM03B-SRSS-TB(LF)(SN) PASS_PUBLIC_LISTING {'canPresaleNumber': 31699, 'overseasStockCount': 32152, 'preMinPurchaseNum': 33, 'encapsulationNumber': 1500, 'lossNumber': 0, 'leastPatchNumber': 5, 'noBuyReason': None}
C431540 MSK12C02 PASS_PUBLIC_LISTING {'canPresaleNumber': 186001, 'overseasStockCount': 192348, 'preMinPurchaseNum': 196, 'encapsulationNumber': 3000, 'lossNumber': 4, 'leastPatchNumber': 2, 'noBuyReason': None}
C25803 0603WAF1003T5E PASS_PUBLIC_LISTING {'canPresaleNumber': 20070593, 'overseasStockCount': 22010609, 'preMinPurchaseNum': 3760, 'encapsulationNumber': 5000, 'lossNumber': 10, 'leastPatchNumber': 20, 'noBuyReason': None}
C8545 2N7002 PASS_PUBLIC_LISTING {'canPresaleNumber': 1452920, 'overseasStockCount': 1593414, 'preMinPurchaseNum': 640, 'encapsulationNumber': 3000, 'lossNumber': 5, 'leastPatchNumber': 10, 'noBuyReason': None}
C15516 TPS63031DSKR PASS_PUBLIC_LISTING {'canPresaleNumber': 13099, 'overseasStockCount': 13230, 'preMinPurchaseNum': 9, 'encapsulationNumber': 3000, 'lossNumber': 0, 'leastPatchNumber': 0, 'noBuyReason': None}
C485802 TPS3839G33DBZR PASS_PUBLIC_LISTING {'canPresaleNumber': 3355, 'overseasStockCount': 3390, 'preMinPurchaseNum': 27, 'encapsulationNumber': 3000, 'lossNumber': 0, 'leastPatchNumber': 5, 'noBuyReason': None}
C22844 0603WAF1621T5E PASS_PUBLIC_LISTING {'canPresaleNumber': 27589, 'overseasStockCount': 27688, 'preMinPurchaseNum': 5000, 'encapsulationNumber': 5000, 'lossNumber': 10, 'leastPatchNumber': 20, 'noBuyReason': None}
C56594 SWPA3015S1R5NT PASS_PUBLIC_LISTING {'canPresaleNumber': 4041, 'overseasStockCount': 4197, 'preMinPurchaseNum': 229, 'encapsulationNumber': 2000, 'lossNumber': 4, 'leastPatchNumber': 5, 'noBuyReason': None}
C22893 0603WAF1872T5E PASS_PUBLIC_LISTING {'canPresaleNumber': 121574, 'overseasStockCount': 127543, 'preMinPurchaseNum': 5000, 'encapsulationNumber': 5000, 'lossNumber': 10, 'leastPatchNumber': 20, 'noBuyReason': None}
C5219772 TMP390A2DRLR PASS_PUBLIC_LISTING {'canPresaleNumber': 37523, 'overseasStockCount': 37575, 'preMinPurchaseNum': 26, 'encapsulationNumber': 4000, 'lossNumber': 0, 'leastPatchNumber': 2, 'noBuyReason': None}
