node_modules/@tscircuit/dogbone-solver/node_modules/@tscircuit/fanout-solver/lib/complete-original-endpoints.ts(43,25): error TS2322: Type 'string | undefined' is not assignable to type 'string'.
  Type 'undefined' is not assignable to type 'string'.
node_modules/@tscircuit/dogbone-solver/node_modules/@tscircuit/fanout-solver/lib/prepare-buses.ts(376,30): error TS2322: Type 'string | undefined' is not assignable to type 'string'.
  Type 'undefined' is not assignable to type 'string'.
node_modules/@tscircuit/dogbone-solver/node_modules/@tscircuit/fanout-solver/lib/prepare-buses.ts(416,36): error TS2339: Property 'busId' does not exist on type 'ConnectionPoint$1'.
  Property 'busId' does not exist on type 'SingleLayerConnectionPoint'.
node_modules/@tscircuit/dogbone-solver/node_modules/@tscircuit/fanout-solver/lib/prepare-buses.ts(416,56): error TS2339: Property 'busId' does not exist on type 'ConnectionPoint$1'.
  Property 'busId' does not exist on type 'SingleLayerConnectionPoint'.
node_modules/@tscircuit/dogbone-solver/node_modules/@tscircuit/fanout-solver/lib/route-adaptive-left-crossbar-bus.ts(148,9): error TS2322: Type '({ layers: string[]; obstacleId?: string | undefined; componentId?: string | undefined; isFanoutSourceKeepout?: boolean | undefined; isNonPlatedHole?: boolean | undefined; shape?: "circle" | undefined; ... 11 more ...; offBoardConnectsTo?: string[] | undefined; } | { ...; })[]' is not assignable to type 'Obstacle[]'.
  Type '{ layers: string[]; obstacleId?: string | undefined; componentId?: string | undefined; isFanoutSourceKeepout?: boolean | undefined; isNonPlatedHole?: boolean | undefined; shape?: "circle" | undefined; ... 11 more ...; offBoardConnectsTo?: string[] | undefined; } | { ...; }' is not assignable to type 'Obstacle'.
    Type '{ type: "rect"; shape: string; center: Point2D; width: number; height: number; layers: string[]; connectedTo: string[]; }' is not assignable to type 'Obstacle'.
      Types of property 'shape' are incompatible.
        Type 'string' is not assignable to type '"circle"'.
node_modules/@tscircuit/dogbone-solver/node_modules/@tscircuit/fanout-solver/lib/route-bottom-crossbar-bus.ts(193,5): error TS2322: Type '{ busId: string; sharedBoundary: Bounds; preferredExit: undefined; exitEdge: undefined; connections: { sourcePoint: { layer: string; x: number; y: number; layers?: undefined; pointId?: string | undefined; pcb_port_id?: string | undefined; port_selector?: string | undefined; terminalVia?: TerminalViaHint | undefined;...' is not assignable to type 'PreparedBus[]'.
  Type '{ busId: string; sharedBoundary: Bounds; preferredExit: undefined; exitEdge: undefined; connections: { sourcePoint: { layer: string; x: number; y: number; layers?: never; pointId?: string; pcb_port_id?: string; port_selector?: string; terminalVia?: TerminalViaHint; } | { ...; }; ... 8 more ...; targetPoint: Connecti...' is not assignable to type 'PreparedBus'.
    Types of property 'connections' are incompatible.
      Type '{ sourcePoint: { layer: string; x: number; y: number; layers?: undefined; pointId?: string | undefined; pcb_port_id?: string | undefined; port_selector?: string | undefined; terminalVia?: TerminalViaHint | undefined; } | { ...; }; ... 8 more ...; targetPoint: ConnectionPoint$1; }[]' is not assignable to type 'PreparedConnection[]'.
        Type '{ sourcePoint: { layer: string; x: number; y: number; layers?: never; pointId?: string; pcb_port_id?: string; port_selector?: string; terminalVia?: TerminalViaHint; } | { ...; }; ... 8 more ...; targetPoint: ConnectionPoint$1; }' is not assignable to type 'PreparedConnection'.
          Types of property 'sourcePoint' are incompatible.
            Type '{ layer: string; x: number; y: number; layers?: undefined; pointId?: string | undefined; pcb_port_id?: string | undefined; port_selector?: string | undefined; terminalVia?: TerminalViaHint | undefined; } | { ...; }' is not assignable to type 'ConnectionPoint$1'.
              Type '{ layer: string; x: number; y: number; layers: string[]; pointId?: string; busId?: BusId; pcb_port_id?: string; port_selector?: string; }' is not assignable to type 'ConnectionPoint$1'.
                Type '{ layer: string; x: number; y: number; layers: string[]; pointId?: string; busId?: BusId; pcb_port_id?: string; port_selector?: string; }' is not assignable to type 'SingleLayerConnectionPoint'.
                  Types of property 'layers' are incompatible.
                    Type 'string[]' is not assignable to type 'undefined'.
node_modules/@tscircuit/dogbone-solver/node_modules/@tscircuit/fanout-solver/lib/types.ts(121,18): error TS2430: Interface 'FanoutBusSpec' incorrectly extends interface 'SimpleRouteBus'.
  Types of property 'allowedLayers' are incompatible.
    Type 'readonly string[] | undefined' is not assignable to type 'string[] | undefined'.
      The type 'readonly string[]' is 'readonly' and cannot be assigned to the mutable type 'string[]'.
node_modules/@tscircuit/dogbone-solver/node_modules/@tscircuit/fanout-solver/lib/validate-fanout-solution.ts(40,30): error TS2322: Type 'string | undefined' is not assignable to type 'string'.
  Type 'undefined' is not assignable to type 'string'.
node_modules/@tscircuit/dogbone-solver/node_modules/@tscircuit/fanout-solver/lib/validate-original-endpoint-connectivity.ts(84,30): error TS2322: Type 'string | undefined' is not assignable to type 'string'.
  Type 'undefined' is not assignable to type 'string'.
node_modules/@tscircuit/fanout-solver/lib/complete-original-endpoints.ts(43,25): error TS2322: Type 'string | undefined' is not assignable to type 'string'.
  Type 'undefined' is not assignable to type 'string'.
node_modules/@tscircuit/fanout-solver/lib/prepare-buses.ts(376,30): error TS2322: Type 'string | undefined' is not assignable to type 'string'.
  Type 'undefined' is not assignable to type 'string'.
node_modules/@tscircuit/fanout-solver/lib/prepare-buses.ts(416,36): error TS2339: Property 'busId' does not exist on type 'ConnectionPoint$1'.
  Property 'busId' does not exist on type 'SingleLayerConnectionPoint'.
node_modules/@tscircuit/fanout-solver/lib/prepare-buses.ts(416,56): error TS2339: Property 'busId' does not exist on type 'ConnectionPoint$1'.
  Property 'busId' does not exist on type 'SingleLayerConnectionPoint'.
node_modules/@tscircuit/fanout-solver/lib/route-adaptive-left-crossbar-bus.ts(148,9): error TS2322: Type '({ layers: string[]; obstacleId?: string | undefined; componentId?: string | undefined; isFanoutSourceKeepout?: boolean | undefined; isNonPlatedHole?: boolean | undefined; shape?: "circle" | undefined; ... 11 more ...; offBoardConnectsTo?: string[] | undefined; } | { ...; })[]' is not assignable to type 'Obstacle[]'.
  Type '{ layers: string[]; obstacleId?: string | undefined; componentId?: string | undefined; isFanoutSourceKeepout?: boolean | undefined; isNonPlatedHole?: boolean | undefined; shape?: "circle" | undefined; ... 11 more ...; offBoardConnectsTo?: string[] | undefined; } | { ...; }' is not assignable to type 'Obstacle'.
    Type '{ type: "rect"; shape: string; center: Point2D; width: number; height: number; layers: string[]; connectedTo: string[]; }' is not assignable to type 'Obstacle'.
      Types of property 'shape' are incompatible.
        Type 'string' is not assignable to type '"circle"'.
node_modules/@tscircuit/fanout-solver/lib/route-bottom-crossbar-bus.ts(193,5): error TS2322: Type '{ busId: string; sharedBoundary: Bounds; preferredExit: undefined; exitEdge: undefined; connections: { sourcePoint: { layer: string; x: number; y: number; layers?: undefined; pointId?: string | undefined; pcb_port_id?: string | undefined; port_selector?: string | undefined; terminalVia?: TerminalViaHint | undefined;...' is not assignable to type 'PreparedBus[]'.
  Type '{ busId: string; sharedBoundary: Bounds; preferredExit: undefined; exitEdge: undefined; connections: { sourcePoint: { layer: string; x: number; y: number; layers?: never; pointId?: string; pcb_port_id?: string; port_selector?: string; terminalVia?: TerminalViaHint; } | { ...; }; ... 8 more ...; targetPoint: Connecti...' is not assignable to type 'PreparedBus'.
    Types of property 'connections' are incompatible.
      Type '{ sourcePoint: { layer: string; x: number; y: number; layers?: undefined; pointId?: string | undefined; pcb_port_id?: string | undefined; port_selector?: string | undefined; terminalVia?: TerminalViaHint | undefined; } | { ...; }; ... 8 more ...; targetPoint: ConnectionPoint$1; }[]' is not assignable to type 'PreparedConnection[]'.
        Type '{ sourcePoint: { layer: string; x: number; y: number; layers?: never; pointId?: string; pcb_port_id?: string; port_selector?: string; terminalVia?: TerminalViaHint; } | { ...; }; ... 8 more ...; targetPoint: ConnectionPoint$1; }' is not assignable to type 'PreparedConnection'.
          Types of property 'sourcePoint' are incompatible.
            Type '{ layer: string; x: number; y: number; layers?: undefined; pointId?: string | undefined; pcb_port_id?: string | undefined; port_selector?: string | undefined; terminalVia?: TerminalViaHint | undefined; } | { ...; }' is not assignable to type 'ConnectionPoint$1'.
              Type '{ layer: string; x: number; y: number; layers: string[]; pointId?: string; busId?: BusId; pcb_port_id?: string; port_selector?: string; }' is not assignable to type 'ConnectionPoint$1'.
                Type '{ layer: string; x: number; y: number; layers: string[]; pointId?: string; busId?: BusId; pcb_port_id?: string; port_selector?: string; }' is not assignable to type 'SingleLayerConnectionPoint'.
                  Types of property 'layers' are incompatible.
                    Type 'string[]' is not assignable to type 'undefined'.
node_modules/@tscircuit/fanout-solver/lib/types.ts(121,18): error TS2430: Interface 'FanoutBusSpec' incorrectly extends interface 'SimpleRouteBus'.
  Types of property 'allowedLayers' are incompatible.
    Type 'readonly string[] | undefined' is not assignable to type 'string[] | undefined'.
      The type 'readonly string[]' is 'readonly' and cannot be assigned to the mutable type 'string[]'.
node_modules/@tscircuit/fanout-solver/lib/validate-fanout-solution.ts(40,30): error TS2322: Type 'string | undefined' is not assignable to type 'string'.
  Type 'undefined' is not assignable to type 'string'.
node_modules/@tscircuit/fanout-solver/lib/validate-original-endpoint-connectivity.ts(84,30): error TS2322: Type 'string | undefined' is not assignable to type 'string'.
  Type 'undefined' is not assignable to type 'string'.
scripts/generate-test-plan.ts(5,21): error TS2307: Cannot find module '../.github/test-timings.json' or its corresponding type declarations.
tests/features/capacity-mesh-autorouting2.test.tsx(3,37): error TS2307: Cannot find module 'benchmarking/benchmarks/benchmark1-led-matrix' or its corresponding type declarations.
tests/repros/r7/mixed-pad-bounds-convention.test.tsx(66,30): error TS2345: Argument of type 'string' is not assignable to parameter of type '"circle" | "rect" | "polygon" | "pill" | "rotated_pill" | "rotated_rect"'.
tests/repros/repro50-rp2040-decoupling-capacitors.test.tsx(3,71): error TS2307: Cannot find module 'benchmarking/benchmarks/benchmark2-rp2040-decoupling-capacitors.tsx' or its corresponding type declarations.
