placement summary: 4 suboptimal orientations

worst issues:
1. D1 connections cross the routing path between its pads. Suggested move: rotate D1 180 degrees.
2. D6 connections cross the routing path between its pads. Suggested move: rotate D6 180 degrees.
3. D7 connections cross the routing path between its pads. Suggested move: rotate D7 180 degrees.
4. D12 connections cross the routing path between its pads. Suggested move: rotate D12 180 degrees.

board top-layer utilization:
- occupied: 2.5% (102.407mm^2 of 4096mm^2)
- empty spaces over 5% of board area:
  - 43.865% (1796.695mm^2); bounds=(minX=-21.441mm, maxX=21.657mm, minY=-22.345mm, maxY=19.342mm)
  - 7.381% (302.314mm^2); bounds=(minX=-32mm, maxX=32mm, minY=27.276mm, maxY=32mm)

board-edge status:
- J1: 2.9mm inside top edge
- D1: 7.942mm inside top edge
- D2: 4.472mm inside right edge
- D3: 10.92mm inside bottom edge
- D4: 5.086mm inside bottom edge
- D5: 6.284mm inside left edge
- D6: 8.636mm inside left edge
- D7: 8.636mm inside right edge
- D8: 6.284mm inside right edge
- D9: 5.086mm inside bottom edge
- D10: 10.92mm inside bottom edge
- D11: 4.472mm inside left edge
- D12: 7.942mm inside top edge

flagged components:
- D1
  source placement: placement_mode=none
  resolved placement: center=(13.5mm, -23.383mm) on top; bounds=(minX=12.85mm, maxX=14.15mm, minY=-24.058mm, maxY=-22.708mm); size=(width=1.3mm, height=1.35mm); anchor_alignment="center"
  board edge status: 7.942mm inside top edge
  issues:
  - D1 connections cross the routing path between its pads. Suggested move: rotate D1 180 degrees.
- D6
  source placement: placement_mode=none
  resolved placement: center=(-22.714mm, -14.597mm) on top; bounds=(minX=-23.364mm, maxX=-22.064mm, minY=-15.272mm, maxY=-13.922mm); size=(width=1.3mm, height=1.35mm); anchor_alignment="center"
  board edge status: 8.636mm inside left edge
  issues:
  - D6 connections cross the routing path between its pads. Suggested move: rotate D6 180 degrees.
- D7
  source placement: placement_mode=none
  resolved placement: center=(22.714mm, -14.597mm) on top; bounds=(minX=22.064mm, maxX=23.364mm, minY=-15.272mm, maxY=-13.922mm); size=(width=1.3mm, height=1.35mm); anchor_alignment="center"
  board edge status: 8.636mm inside right edge
  issues:
  - D7 connections cross the routing path between its pads. Suggested move: rotate D7 180 degrees.
- D12
  source placement: placement_mode=none
  resolved placement: center=(-13.5mm, -23.383mm) on top; bounds=(minX=-14.15mm, maxX=-12.85mm, minY=-24.058mm, maxY=-22.708mm); size=(width=1.3mm, height=1.35mm); anchor_alignment="center"
  board edge status: 7.942mm inside top edge
  issues:
  - D12 connections cross the routing path between its pads. Suggested move: rotate D12 180 degrees.

placement drc:
Errors: 0
Warnings: 0
