Errors: 0
Warnings: 36
- source_component_pins_underspecified_warning: All pins on D1 are underspecified (no pinAttributes set)
- source_component_pins_underspecified_warning: All pins on D2 are underspecified (no pinAttributes set)
- source_component_pins_underspecified_warning: All pins on D3 are underspecified (no pinAttributes set)
- source_component_pins_underspecified_warning: All pins on D4 are underspecified (no pinAttributes set)
- source_component_pins_underspecified_warning: All pins on D5 are underspecified (no pinAttributes set)
- source_component_pins_underspecified_warning: All pins on D6 are underspecified (no pinAttributes set)
- source_component_pins_underspecified_warning: All pins on D7 are underspecified (no pinAttributes set)
- source_component_pins_underspecified_warning: All pins on D8 are underspecified (no pinAttributes set)
- source_component_pins_underspecified_warning: All pins on D9 are underspecified (no pinAttributes set)
- source_component_pins_underspecified_warning: All pins on D10 are underspecified (no pinAttributes set)
- source_component_pins_underspecified_warning: All pins on D11 are underspecified (no pinAttributes set)
- source_component_pins_underspecified_warning: All pins on D12 are underspecified (no pinAttributes set)
- source_no_power_pin_defined_warning: D1 has no pin with requires_power=true
- source_no_power_pin_defined_warning: D2 has no pin with requires_power=true
- source_no_power_pin_defined_warning: D3 has no pin with requires_power=true
- source_no_power_pin_defined_warning: D4 has no pin with requires_power=true
- source_no_power_pin_defined_warning: D5 has no pin with requires_power=true
- source_no_power_pin_defined_warning: D6 has no pin with requires_power=true
- source_no_power_pin_defined_warning: D7 has no pin with requires_power=true
- source_no_power_pin_defined_warning: D8 has no pin with requires_power=true
- source_no_power_pin_defined_warning: D9 has no pin with requires_power=true
- source_no_power_pin_defined_warning: D10 has no pin with requires_power=true
- source_no_power_pin_defined_warning: D11 has no pin with requires_power=true
- source_no_power_pin_defined_warning: D12 has no pin with requires_power=true
- source_no_ground_pin_defined_warning: D1 has no pin with requires_ground=true
- source_no_ground_pin_defined_warning: D2 has no pin with requires_ground=true
- source_no_ground_pin_defined_warning: D3 has no pin with requires_ground=true
- source_no_ground_pin_defined_warning: D4 has no pin with requires_ground=true
- source_no_ground_pin_defined_warning: D5 has no pin with requires_ground=true
- source_no_ground_pin_defined_warning: D6 has no pin with requires_ground=true
- source_no_ground_pin_defined_warning: D7 has no pin with requires_ground=true
- source_no_ground_pin_defined_warning: D8 has no pin with requires_ground=true
- source_no_ground_pin_defined_warning: D9 has no pin with requires_ground=true
- source_no_ground_pin_defined_warning: D10 has no pin with requires_ground=true
- source_no_ground_pin_defined_warning: D11 has no pin with requires_ground=true
- source_no_ground_pin_defined_warning: D12 has no pin with requires_ground=true
