[board/r8-doit-c3-prototype-20261005 d662924] Move R8 shutter to qualified right-edge side switch
 346 files changed, 1121950 insertions(+), 24214 deletions(-)
 create mode 100644 evidence/R8-INTEGRITY-2026-10-05-side-route10.json
 create mode 100644 evidence/R8-side-shutter-2026-10-05/J1-supplier-terminal-registration.json
 create mode 100644 evidence/R8-side-shutter-2026-10-05/REVIEW.md
 create mode 100644 evidence/R8-side-shutter-2026-10-05/SW2-supplier-terminal-registration.json
 create mode 100644 evidence/R8-side-shutter-2026-10-05/assembly-rotations.json
 create mode 100644 evidence/R8-side-shutter-2026-10-05/final-manufacturing.json
 create mode 100644 evidence/R8-side-shutter-2026-10-05/final-native-checks.json
 create mode 100644 evidence/R8-side-shutter-2026-10-05/final-process/isolated-labels/pcb_silkscreen_text_0.json
 create mode 100644 evidence/R8-side-shutter-2026-10-05/final-process/isolated-labels/pcb_silkscreen_text_0.zip
 create mode 100644 evidence/R8-side-shutter-2026-10-05/final-process/isolated-labels/pcb_silkscreen_text_1.json
 create mode 100644 evidence/R8-side-shutter-2026-10-05/final-process/isolated-labels/pcb_silkscreen_text_1.zip
 create mode 100644 evidence/R8-side-shutter-2026-10-05/final-process/isolated-labels/pcb_silkscreen_text_2.json
 create mode 100644 evidence/R8-side-shutter-2026-10-05/final-process/isolated-labels/pcb_silkscreen_text_2.zip
 create mode 100644 evidence/R8-side-shutter-2026-10-05/final-process/isolated-labels/pcb_silkscreen_text_3.json
 create mode 100644 evidence/R8-side-shutter-2026-10-05/final-process/isolated-labels/pcb_silkscreen_text_3.zip
 create mode 100644 evidence/R8-side-shutter-2026-10-05/final-process/isolated-labels/pcb_silkscreen_text_4.json
 create mode 100644 evidence/R8-side-shutter-2026-10-05/final-process/isolated-labels/pcb_silkscreen_text_4.zip
 create mode 100644 evidence/R8-side-shutter-2026-10-05/final-process/isolated-labels/pcb_silkscreen_text_5.json
 create mode 100644 evidence/R8-side-shutter-2026-10-05/final-process/isolated-labels/pcb_silkscreen_text_5.zip
 create mode 100644 evidence/R8-side-shutter-2026-10-05/final-process/isolated-labels/pcb_silkscreen_text_6.json
 create mode 100644 evidence/R8-side-shutter-2026-10-05/final-process/isolated-labels/pcb_silkscreen_text_6.zip
 create mode 100644 evidence/R8-side-shutter-2026-10-05/final-process/isolated-labels/pcb_silkscreen_text_7.json
 create mode 100644 evidence/R8-side-shutter-2026-10-05/final-process/isolated-labels/pcb_silkscreen_text_7.zip
 create mode 100644 evidence/R8-side-shutter-2026-10-05/final-process/isolated-labels/pcb_silkscreen_text_8.json
 create mode 100644 evidence/R8-side-shutter-2026-10-05/final-process/isolated-labels/pcb_silkscreen_text_8.zip
 create mode 100644 evidence/R8-side-shutter-2026-10-05/final-process/isolated-labels/pcb_silkscreen_text_9.json
 create mode 100644 evidence/R8-side-shutter-2026-10-05/final-process/isolated-labels/pcb_silkscreen_text_9.zip
 create mode 100644 evidence/R8-side-shutter-2026-10-05/final-process/process-review.json
 create mode 100644 evidence/R8-side-shutter-2026-10-05/final-readback/B_Cu.svg
 create mode 100644 evidence/R8-side-shutter-2026-10-05/final-readback/B_Mask.svg
 create mode 100644 evidence/R8-side-shutter-2026-10-05/final-readback/B_Paste.svg
 create mode 100644 evidence/R8-side-shutter-2026-10-05/final-readback/B_SilkScreen.svg
 create mode 100644 evidence/R8-side-shutter-2026-10-05/final-readback/Edge_Cuts.svg
 create mode 100644 evidence/R8-side-shutter-2026-10-05/final-readback/F_Cu.svg
 create mode 100644 evidence/R8-side-shutter-2026-10-05/final-readback/F_Fab.svg
 create mode 100644 evidence/R8-side-shutter-2026-10-05/final-readback/F_Mask.svg
 create mode 100644 evidence/R8-side-shutter-2026-10-05/final-readback/F_Paste.svg
 create mode 100644 evidence/R8-side-shutter-2026-10-05/final-readback/F_SilkScreen.svg
 create mode 100644 evidence/R8-side-shutter-2026-10-05/final-readback/exact-source-manufacturing.json
 create mode 100644 evidence/R8-side-shutter-2026-10-05/final-readback/readback.json
 create mode 100644 evidence/R8-side-shutter-2026-10-05/logs/C110293-import.log
 create mode 100644 evidence/R8-side-shutter-2026-10-05/logs/C2888932-import.log
 create mode 100644 evidence/R8-side-shutter-2026-10-05/logs/C2888948-import.log
 create mode 100644 evidence/R8-side-shutter-2026-10-05/logs/C393942-import.log
 create mode 100644 evidence/R8-side-shutter-2026-10-05/logs/C530670-import.log
 create mode 100644 evidence/R8-side-shutter-2026-10-05/logs/alps-fixture-build.log
 create mode 100644 evidence/R8-side-shutter-2026-10-05/logs/alps-fixture-final-build.log
 create mode 100644 evidence/R8-side-shutter-2026-10-05/logs/alps-format.log
 create mode 100644 evidence/R8-side-shutter-2026-10-05/logs/alps-manufacturing-rejection.log
 create mode 100644 evidence/R8-side-shutter-2026-10-05/logs/alps-supplier-reference.log
 create mode 100644 evidence/R8-side-shutter-2026-10-05/logs/alps-unrouted-build.log
 create mode 100644 evidence/R8-side-shutter-2026-10-05/logs/alps-unrouted-contracts.log
 create mode 100644 evidence/R8-side-shutter-2026-10-05/logs/alps-unrouted-netlist.log
 create mode 100644 evidence/R8-side-shutter-2026-10-05/logs/alps-unrouted-pin_specification.log
 create mode 100644 evidence/R8-side-shutter-2026-10-05/logs/alps-unrouted-placement.log
 create mode 100644 evidence/R8-side-shutter-2026-10-05/logs/alps-unrouted-schematic-placement.log
 create mode 100644 evidence/R8-side-shutter-2026-10-05/logs/alps-unrouted-source.log
 create mode 100644 evidence/R8-side-shutter-2026-10-05/logs/cam-regressions.log
 create mode 100644 evidence/R8-side-shutter-2026-10-05/logs/core-pack.log
 create mode 100644 evidence/R8-side-shutter-2026-10-05/logs/core-polygon-build.log
 create mode 100644 evidence/R8-side-shutter-2026-10-05/logs/core-regressions-final.log
 create mode 100644 evidence/R8-side-shutter-2026-10-05/logs/core-regressions.log
 create mode 100644 evidence/R8-side-shutter-2026-10-05/logs/final-assembly.log
 create mode 100644 evidence/R8-side-shutter-2026-10-05/logs/final-bom-retry.log
 create mode 100644 evidence/R8-side-shutter-2026-10-05/logs/final-bom.log
 create mode 100644 evidence/R8-side-shutter-2026-10-05/logs/final-gerbers.log
 create mode 100644 evidence/R8-side-shutter-2026-10-05/logs/final-manufacturing.log
 create mode 100644 evidence/R8-side-shutter-2026-10-05/logs/final-native-checks.log
 create mode 100644 evidence/R8-side-shutter-2026-10-05/logs/final-process.log
 create mode 100644 evidence/R8-side-shutter-2026-10-05/logs/final-readback.log
 create mode 100644 evidence/R8-side-shutter-2026-10-05/logs/final-render.log
 create mode 100644 evidence/R8-side-shutter-2026-10-05/logs/final-smoke-retry.log
 create mode 100644 evidence/R8-side-shutter-2026-10-05/logs/final-smoke.log
 create mode 100644 evidence/R8-side-shutter-2026-10-05/logs/final-unrouted-build.log
 create mode 100644 evidence/R8-side-shutter-2026-10-05/logs/final-unrouted-checks.log
 create mode 100644 evidence/R8-side-shutter-2026-10-05/logs/fixture-build.log
 create mode 100644 evidence/R8-side-shutter-2026-10-05/logs/fixture-edge-build.log
 create mode 100644 evidence/R8-side-shutter-2026-10-05/logs/fixture-final-build.log
 create mode 100644 evidence/R8-side-shutter-2026-10-05/logs/format-before-route.log
 create mode 100644 evidence/R8-side-shutter-2026-10-05/logs/format-check.log
 create mode 100644 evidence/R8-side-shutter-2026-10-05/logs/format-final.log
 create mode 100644 evidence/R8-side-shutter-2026-10-05/logs/format-publication-tools.log
 create mode 100644 evidence/R8-side-shutter-2026-10-05/logs/format.log
 create mode 100644 evidence/R8-side-shutter-2026-10-05/logs/polygon-bounds-control-tests.log
 create mode 100644 evidence/R8-side-shutter-2026-10-05/logs/polygon-bounds-fixed-tests.log
 create mode 100644 evidence/R8-side-shutter-2026-10-05/logs/polygon-paste-build.log
 create mode 100644 evidence/R8-side-shutter-2026-10-05/logs/polygon-paste-control.log
 create mode 100644 evidence/R8-side-shutter-2026-10-05/logs/polygon-paste-fixed.log
 create mode 100644 evidence/R8-side-shutter-2026-10-05/logs/polygon-paste-pack.log
 create mode 100644 evidence/R8-side-shutter-2026-10-05/logs/polygon-paste-regressions-final.log
 create mode 100644 evidence/R8-side-shutter-2026-10-05/logs/polygon-paste-regressions.log
 create mode 100644 evidence/R8-side-shutter-2026-10-05/logs/polygon-paste-render.log
 create mode 100644 evidence/R8-side-shutter-2026-10-05/logs/polygon-paste-runtime-install.log
 create mode 100644 evidence/R8-side-shutter-2026-10-05/logs/publication-placement.log
 create mode 100644 evidence/R8-side-shutter-2026-10-05/logs/qualification-tests-alps.log
 create mode 100644 evidence/R8-side-shutter-2026-10-05/logs/qualification-tests-final.log
 create mode 100644 evidence/R8-side-shutter-2026-10-05/logs/qualification-tests.log
 create mode 100644 evidence/R8-side-shutter-2026-10-05/logs/root-locked-runtime-install.log
 create mode 100644 evidence/R8-side-shutter-2026-10-05/logs/route-01-connectivity.log
 create mode 100644 evidence/R8-side-shutter-2026-10-05/logs/route-01-manufacturing.log
 create mode 100644 evidence/R8-side-shutter-2026-10-05/logs/route-01-native-checks.log
 create mode 100644 evidence/R8-side-shutter-2026-10-05/logs/route-01-power.log
 create mode 100644 evidence/R8-side-shutter-2026-10-05/logs/route-01.log
 create mode 100644 evidence/R8-side-shutter-2026-10-05/logs/route-02.log
 create mode 100644 evidence/R8-side-shutter-2026-10-05/logs/route-03-format.log
 create mode 100644 evidence/R8-side-shutter-2026-10-05/logs/route-03.log
 create mode 100644 evidence/R8-side-shutter-2026-10-05/logs/route-04-format.log
 create mode 100644 evidence/R8-side-shutter-2026-10-05/logs/route-04.log
 create mode 100644 evidence/R8-side-shutter-2026-10-05/logs/route-05-format.log
 create mode 100644 evidence/R8-side-shutter-2026-10-05/logs/route-05.log
 create mode 100644 evidence/R8-side-shutter-2026-10-05/logs/route-06-format.log
 create mode 100644 evidence/R8-side-shutter-2026-10-05/logs/route-06.log
 create mode 100644 evidence/R8-side-shutter-2026-10-05/logs/route-07.log
 create mode 100644 evidence/R8-side-shutter-2026-10-05/logs/route-08-format.log
 create mode 100644 evidence/R8-side-shutter-2026-10-05/logs/route-08.log
 create mode 100644 evidence/R8-side-shutter-2026-10-05/logs/route-09-format.log
 create mode 100644 evidence/R8-side-shutter-2026-10-05/logs/route-09-manufacturing.log
 create mode 100644 evidence/R8-side-shutter-2026-10-05/logs/route-09-native-checks.log
 create mode 100644 evidence/R8-side-shutter-2026-10-05/logs/route-09.log
 create mode 100644 evidence/R8-side-shutter-2026-10-05/logs/route-10-connectivity.log
 create mode 100644 evidence/R8-side-shutter-2026-10-05/logs/route-10-format.log
 create mode 100644 evidence/R8-side-shutter-2026-10-05/logs/route-10-manufacturing.log
 create mode 100644 evidence/R8-side-shutter-2026-10-05/logs/route-10-native-checks.log
 create mode 100644 evidence/R8-side-shutter-2026-10-05/logs/route-10-power.log
 create mode 100644 evidence/R8-side-shutter-2026-10-05/logs/route-10.log
 create mode 100644 evidence/R8-side-shutter-2026-10-05/logs/selected-final-format.log
 create mode 100644 evidence/R8-side-shutter-2026-10-05/logs/side-fixture-manufacturing.log
 create mode 100644 evidence/R8-side-shutter-2026-10-05/logs/side-qualified-fixture.log
 create mode 100644 evidence/R8-side-shutter-2026-10-05/logs/side-supplier-reference.log
 create mode 100644 evidence/R8-side-shutter-2026-10-05/logs/snapshot-01.log
 create mode 100644 evidence/R8-side-shutter-2026-10-05/logs/snapshot-02.log
 create mode 100644 evidence/R8-side-shutter-2026-10-05/logs/typecheck.log
 create mode 100644 evidence/R8-side-shutter-2026-10-05/logs/unrouted-build.log
 create mode 100644 evidence/R8-side-shutter-2026-10-05/logs/unrouted-contracts.log
 create mode 100644 evidence/R8-side-shutter-2026-10-05/logs/unrouted-final-build.log
 create mode 100644 evidence/R8-side-shutter-2026-10-05/logs/unrouted-label-final-build.log
 create mode 100644 evidence/R8-side-shutter-2026-10-05/logs/unrouted-netlist.log
 create mode 100644 evidence/R8-side-shutter-2026-10-05/logs/unrouted-pin_specification.log
 create mode 100644 evidence/R8-side-shutter-2026-10-05/logs/unrouted-placement-final.log
 create mode 100644 evidence/R8-side-shutter-2026-10-05/logs/unrouted-placement.log
 create mode 100644 evidence/R8-side-shutter-2026-10-05/logs/unrouted-schematic-placement.log
 create mode 100644 evidence/R8-side-shutter-2026-10-05/logs/unrouted-source.log
 create mode 100644 evidence/R8-side-shutter-2026-10-05/physical-connectivity.json
 create mode 100644 evidence/R8-side-shutter-2026-10-05/power-path-measurements.json
 create mode 100644 evidence/R8-side-shutter-2026-10-05/publication-unrouted/circuit.json
 create mode 100644 evidence/R8-side-shutter-2026-10-05/publication-unrouted/pcb.png
 create mode 100644 evidence/R8-side-shutter-2026-10-05/publication-unrouted/pcb.svg
 create mode 100644 evidence/R8-side-shutter-2026-10-05/publication-unrouted/schematic.svg
 create mode 100644 evidence/R8-side-shutter-2026-10-05/qualification/C2888948-import.log
 create mode 100644 evidence/R8-side-shutter-2026-10-05/qualification/C2888948-supplier.json
 create mode 100644 evidence/R8-side-shutter-2026-10-05/qualification/C2888948.pdf
 create mode 100644 evidence/R8-side-shutter-2026-10-05/qualification/C393942-drawing.png
 create mode 100644 evidence/R8-side-shutter-2026-10-05/qualification/C393942-import.log
 create mode 100644 evidence/R8-side-shutter-2026-10-05/qualification/C393942-listing-text.txt
 create mode 100644 evidence/R8-side-shutter-2026-10-05/qualification/C393942-supplier.json
 create mode 100644 evidence/R8-side-shutter-2026-10-05/qualification/C393942.pdf
 create mode 100644 evidence/R8-side-shutter-2026-10-05/qualification/C393942.txt
 create mode 100644 evidence/R8-side-shutter-2026-10-05/qualification/QUALIFICATION.md
 create mode 100644 evidence/R8-side-shutter-2026-10-05/qualification/alps/C110293-drawing.png
 create mode 100644 evidence/R8-side-shutter-2026-10-05/qualification/alps/C110293-import.log
 create mode 100644 evidence/R8-side-shutter-2026-10-05/qualification/alps/C110293-land.png
 create mode 100644 evidence/R8-side-shutter-2026-10-05/qualification/alps/C110293-supplier.json
 create mode 100644 evidence/R8-side-shutter-2026-10-05/qualification/alps/C110293.pdf
 create mode 100644 evidence/R8-side-shutter-2026-10-05/qualification/alps/C110293.txt
 create mode 100644 evidence/R8-side-shutter-2026-10-05/qualification/alps/QUALIFICATION.md
 create mode 100644 evidence/R8-side-shutter-2026-10-05/qualification/alps/fixture/circuit.json
 create mode 100644 evidence/R8-side-shutter-2026-10-05/qualification/alps/fixture/original-fixture-source.tsx
 create mode 100644 evidence/R8-side-shutter-2026-10-05/qualification/alps/fixture/pcb.png
 create mode 100644 evidence/R8-side-shutter-2026-10-05/qualification/alps/fixture/pcb.svg
 create mode 100644 evidence/R8-side-shutter-2026-10-05/qualification/alps/fixture/schematic.svg
 create mode 100644 evidence/R8-side-shutter-2026-10-05/qualification/alps/geometry-audit.json
 create mode 100644 evidence/R8-side-shutter-2026-10-05/qualification/alps/manufacturing-rejection.json
 create mode 100644 evidence/R8-side-shutter-2026-10-05/qualification/alps/supplier-reference/circuit.json
 create mode 100644 evidence/R8-side-shutter-2026-10-05/qualification/alps/supplier-reference/pcb.svg
 create mode 100644 evidence/R8-side-shutter-2026-10-05/qualification/alps/supplier-reference/schematic.svg
 create mode 100644 evidence/R8-side-shutter-2026-10-05/qualification/fixture-before-bounds-fix/circuit.json
 create mode 100644 evidence/R8-side-shutter-2026-10-05/qualification/fixture-before-bounds-fix/pcb.png
 create mode 100644 evidence/R8-side-shutter-2026-10-05/qualification/fixture-before-bounds-fix/pcb.svg
 create mode 100644 evidence/R8-side-shutter-2026-10-05/qualification/fixture-before-bounds-fix/schematic.svg
 create mode 100644 evidence/R8-side-shutter-2026-10-05/qualification/fixture-paste-qualified/circuit.json
 create mode 100644 evidence/R8-side-shutter-2026-10-05/qualification/fixture-paste-qualified/manufacturing.json
 create mode 100644 evidence/R8-side-shutter-2026-10-05/qualification/fixture-paste-qualified/pcb.png
 create mode 100644 evidence/R8-side-shutter-2026-10-05/qualification/fixture-paste-qualified/pcb.svg
 create mode 100644 evidence/R8-side-shutter-2026-10-05/qualification/fixture-paste-qualified/schematic.svg
 create mode 100644 evidence/R8-side-shutter-2026-10-05/qualification/fixture/circuit.json
 create mode 100644 evidence/R8-side-shutter-2026-10-05/qualification/fixture/pcb.png
 create mode 100644 evidence/R8-side-shutter-2026-10-05/qualification/fixture/pcb.svg
 create mode 100644 evidence/R8-side-shutter-2026-10-05/qualification/fixture/schematic.svg
 create mode 100644 evidence/R8-side-shutter-2026-10-05/qualification/geometry-audit.json
 create mode 100644 evidence/R8-side-shutter-2026-10-05/qualification/qualification-tests-final.log
 create mode 100644 evidence/R8-side-shutter-2026-10-05/qualification/side-candidates.json
 create mode 100644 evidence/R8-side-shutter-2026-10-05/qualification/supplier-reference/circuit.json
 create mode 100644 evidence/R8-side-shutter-2026-10-05/qualification/supplier-reference/pcb.svg
 create mode 100644 evidence/R8-side-shutter-2026-10-05/registry-archive-transport.json
 create mode 100644 evidence/R8-side-shutter-2026-10-05/route-01-circuit.json
 create mode 100644 evidence/R8-side-shutter-2026-10-05/route-01-native-checks.json
 create mode 100644 evidence/R8-side-shutter-2026-10-05/route-02-circuit.json
 create mode 100644 evidence/R8-side-shutter-2026-10-05/route-04-circuit.json
 create mode 100644 evidence/R8-side-shutter-2026-10-05/route-05-circuit.json
 create mode 100644 evidence/R8-side-shutter-2026-10-05/route-06-circuit.json
 create mode 100644 evidence/R8-side-shutter-2026-10-05/route-07-circuit.json
 create mode 100644 evidence/R8-side-shutter-2026-10-05/route-07-manufacturing.json
 create mode 100644 evidence/R8-side-shutter-2026-10-05/route-07-native-checks.json
 create mode 100644 evidence/R8-side-shutter-2026-10-05/route-08-usb-paths-rejected.ts
 create mode 100644 evidence/R8-side-shutter-2026-10-05/route-09-circuit.json
 create mode 100644 evidence/R8-side-shutter-2026-10-05/route-09-manufacturing.json
 create mode 100644 evidence/R8-side-shutter-2026-10-05/route-09-native-checks.json
 create mode 100644 evidence/R8-side-shutter-2026-10-05/route-10-circuit.json
 create mode 100644 evidence/R8-side-shutter-2026-10-05/runtime-archive-verification.json
 create mode 100644 evidence/R8-side-shutter-2026-10-05/runtime-paste-archive-verification.json
 create mode 100644 evidence/R8-side-shutter-2026-10-05/sheets/schematic_sheet_0.png
 create mode 100644 evidence/R8-side-shutter-2026-10-05/sheets/schematic_sheet_0.svg
 create mode 100644 evidence/R8-side-shutter-2026-10-05/sheets/schematic_sheet_1.png
 create mode 100644 evidence/R8-side-shutter-2026-10-05/sheets/schematic_sheet_1.svg
 create mode 100644 evidence/R8-side-shutter-2026-10-05/sheets/schematic_sheet_2.png
 create mode 100644 evidence/R8-side-shutter-2026-10-05/sheets/schematic_sheet_2.svg
 create mode 100644 evidence/R8-side-shutter-2026-10-05/snapshots/index.circuit-pcb.snap.svg
 create mode 100644 evidence/R8-side-shutter-2026-10-05/snapshots/index.circuit-schematic.snap.svg
 create mode 100644 evidence/R8-side-shutter-2026-10-05/sourcing-check.json
 create mode 100644 evidence/R8-side-shutter-2026-10-05/tooling/core-pack.log
 create mode 100644 evidence/R8-side-shutter-2026-10-05/tooling/core-polygon-build.log
 create mode 100644 evidence/R8-side-shutter-2026-10-05/tooling/core-regressions-final.log
 create mode 100644 evidence/R8-side-shutter-2026-10-05/tooling/polygon-bounds-control-tests.log
 create mode 100644 evidence/R8-side-shutter-2026-10-05/tooling/polygon-bounds-fixed-tests.log
 create mode 100644 evidence/R8-side-shutter-2026-10-05/tooling/polygon-pad-local-bounds-0-pcb.snap.png
 create mode 100644 evidence/R8-side-shutter-2026-10-05/tooling/polygon-pad-local-bounds-0-pcb.snap.svg
 create mode 100644 evidence/R8-side-shutter-2026-10-05/tooling/polygon-pad-local-bounds-180-pcb.snap.png
 create mode 100644 evidence/R8-side-shutter-2026-10-05/tooling/polygon-pad-local-bounds-180-pcb.snap.svg
 create mode 100644 evidence/R8-side-shutter-2026-10-05/tooling/polygon-pad-local-bounds-270-pcb.snap.png
 create mode 100644 evidence/R8-side-shutter-2026-10-05/tooling/polygon-pad-local-bounds-270-pcb.snap.svg
 create mode 100644 evidence/R8-side-shutter-2026-10-05/tooling/polygon-pad-local-bounds-90-pcb.snap.png
 create mode 100644 evidence/R8-side-shutter-2026-10-05/tooling/polygon-pad-local-bounds-90-pcb.snap.svg
 create mode 100644 evidence/R8-side-shutter-2026-10-05/tooling/polygon-pad-paste-0-pcb.snap.png
 create mode 100644 evidence/R8-side-shutter-2026-10-05/tooling/polygon-pad-paste-0-pcb.snap.svg
 create mode 100644 evidence/R8-side-shutter-2026-10-05/tooling/polygon-pad-paste-180-pcb.snap.png
 create mode 100644 evidence/R8-side-shutter-2026-10-05/tooling/polygon-pad-paste-180-pcb.snap.svg
 create mode 100644 evidence/R8-side-shutter-2026-10-05/tooling/polygon-pad-paste-270-pcb.snap.png
 create mode 100644 evidence/R8-side-shutter-2026-10-05/tooling/polygon-pad-paste-270-pcb.snap.svg
 create mode 100644 evidence/R8-side-shutter-2026-10-05/tooling/polygon-pad-paste-90-pcb.snap.png
 create mode 100644 evidence/R8-side-shutter-2026-10-05/tooling/polygon-pad-paste-90-pcb.snap.svg
 create mode 100644 evidence/R8-side-shutter-2026-10-05/tooling/polygon-paste-archive-files.json
 create mode 100644 evidence/R8-side-shutter-2026-10-05/tooling/polygon-paste-build.log
 create mode 100644 evidence/R8-side-shutter-2026-10-05/tooling/polygon-paste-control.log
 create mode 100644 evidence/R8-side-shutter-2026-10-05/tooling/polygon-paste-fixed.log
 create mode 100644 evidence/R8-side-shutter-2026-10-05/tooling/polygon-paste-pack.log
 create mode 100644 evidence/R8-side-shutter-2026-10-05/tooling/polygon-paste-regressions-final.log
 create mode 100644 evidence/R8-side-shutter-2026-10-05/tooling/polygon-paste-runtime-install.log
 create mode 100644 evidence/R8-side-shutter-2026-10-05/tooling/root-runtime-install.log
 create mode 100644 evidence/R8-side-shutter-2026-10-05/unrouted/circuit.json
 create mode 100644 evidence/R8-side-shutter-2026-10-05/unrouted/pcb.png
 create mode 100644 evidence/R8-side-shutter-2026-10-05/unrouted/pcb.svg
 create mode 100644 evidence/R8-side-shutter-2026-10-05/unrouted/schematic.svg
 create mode 100644 evidence/R8-side-shutter-2026-10-05/visual-review/Power-detail.png
 create mode 100644 evidence/R8-side-shutter-2026-10-05/visual-review/Power-detail.svg
 create mode 100644 evidence/R8-side-shutter-2026-10-05/visual-review/Protection-detail.png
 create mode 100644 evidence/R8-side-shutter-2026-10-05/visual-review/Protection-detail.svg
 create mode 100644 evidence/R8-side-shutter-2026-10-05/visual-review/Radio-detail.png
 create mode 100644 evidence/R8-side-shutter-2026-10-05/visual-review/Radio-detail.svg
 create mode 100644 evidence/R8-side-shutter-2026-10-05/visual-review/gerber-bottom.png
 create mode 100644 evidence/R8-side-shutter-2026-10-05/visual-review/gerber-top.png
 create mode 100644 evidence/R8-side-shutter-2026-10-05/visual-review/pcb-bottom.png
 create mode 100644 evidence/R8-side-shutter-2026-10-05/visual-review/pcb-bottom.svg
 create mode 100644 evidence/R8-side-shutter-2026-10-05/visual-review/pcb-top.png
 create mode 100644 evidence/R8-side-shutter-2026-10-05/visual-review/pcb-top.svg
 create mode 100644 fabrication/R8-side-shutter-2026-10-05/JLCPCB-BOM.csv
 create mode 100644 fabrication/R8-side-shutter-2026-10-05/JLCPCB-CPL.csv
 create mode 100644 fabrication/R8-side-shutter-2026-10-05/R8-side-shutter-Gerbers.zip
 create mode 100644 fabrication/R8-side-shutter-2026-10-05/gerbers/B_Cu.gbr
 create mode 100644 fabrication/R8-side-shutter-2026-10-05/gerbers/B_Mask.gbr
 create mode 100644 fabrication/R8-side-shutter-2026-10-05/gerbers/B_Paste.gbr
 create mode 100644 fabrication/R8-side-shutter-2026-10-05/gerbers/B_SilkScreen.gbr
 create mode 100644 fabrication/R8-side-shutter-2026-10-05/gerbers/Edge_Cuts.gbr
 create mode 100644 fabrication/R8-side-shutter-2026-10-05/gerbers/F_Cu.gbr
 create mode 100644 fabrication/R8-side-shutter-2026-10-05/gerbers/F_Fab.gbr
 create mode 100644 fabrication/R8-side-shutter-2026-10-05/gerbers/F_Mask.gbr
 create mode 100644 fabrication/R8-side-shutter-2026-10-05/gerbers/F_Paste.gbr
 create mode 100644 fabrication/R8-side-shutter-2026-10-05/gerbers/F_SilkScreen.gbr
 create mode 100644 fabrication/R8-side-shutter-2026-10-05/gerbers/drill-L1-L2.drl
 create mode 100644 fabrication/R8-side-shutter-2026-10-05/gerbers/drill_npth.drl
 create mode 100644 imports/KH_3635_CAJ/KH_3635_CAJ.obj
 create mode 100644 imports/KH_3635_CAJ/KH_3635_CAJ.step
 create mode 100644 imports/KH_3635_CAJ/KH_3635_CAJ.tsx
 create mode 100644 imports/SKRTLAE010/SKRTLAE010.obj
 create mode 100644 imports/SKRTLAE010/SKRTLAE010.step
 create mode 100644 imports/SKRTLAE010/SKRTLAE010.tsx
 create mode 100644 imports/TS24CA/TS24CA.obj
 create mode 100644 imports/TS24CA/TS24CA.step
 create mode 100644 imports/TS24CA/TS24CA.tsx
 create mode 100644 imports/TSA002A3512A02/TSA002A3512A02.obj
 create mode 100644 imports/TSA002A3512A02/TSA002A3512A02.step
 create mode 100644 imports/TSA002A3512A02/TSA002A3512A02.tsx
 create mode 100644 imports/TSB001A3512A/TSB001A3512A.obj
 create mode 100644 imports/TSB001A3512A/TSB001A3512A.step
 create mode 100644 imports/TSB001A3512A/TSB001A3512A.tsx
 create mode 100644 scripts/audit-side-shutter.py
 create mode 100644 src/r8-prog-routing-paths.ts
 create mode 100644 tests/fixtures/alps-side-shutter.circuit.tsx
 create mode 100644 tests/fixtures/alps-supplier.circuit.tsx
 create mode 100644 tests/fixtures/r8-side-placement.circuit.tsx
 create mode 100644 tests/fixtures/side-shutter-supplier.circuit.tsx
 create mode 100644 tests/fixtures/side-shutter.circuit.tsx
 create mode 100644 tests/test_side_shutter.py
 create mode 100644 tooling/R8-patches/POLYGON-BOUNDS.md
 create mode 100644 tooling/R8-patches/POLYGON-PASTE.md
 create mode 100644 tooling/R8-patches/polygon-bounds-manifest.json
 create mode 100644 tooling/R8-patches/polygon-paste-manifest.json
 create mode 100644 tooling/source-archives/core-R8-polygon-bounds-changes.tar.gz
 create mode 100644 tooling/source-archives/core-R8-polygon-paste-changes.tar.gz
 create mode 100644 tooling/vendor/core-r8-polygon-bounds.tgz
 create mode 100644 tooling/vendor/core-r8-polygon-paste.tgz
 create mode 100644 tscircuit-issues/085-offset-polygon-pad-component-bounds.md
 create mode 100644 tscircuit-issues/086-polygon-support-lands-missing-solder-paste.md
 create mode 100644 tscircuit-issues/087-independent-polygon-reader-requires-xy.md
 create mode 100644 tscircuit-issues/088-alps-side-switch-npth-copper-clearance.md
