Fetching blob hal_espressif: /Users/anassarkiz/tsci/tscircuit-store/boards/magnetic-shutter-remote-r8--01a0f81f/firmware/deps/modules/hal/espressif/zephyr/blobs/lib/esp32/libespnow.a
Fetching blob hal_espressif: /Users/anassarkiz/tsci/tscircuit-store/boards/magnetic-shutter-remote-r8--01a0f81f/firmware/deps/modules/hal/espressif/zephyr/blobs/lib/esp32/libnet80211.a
Fetching blob hal_espressif: /Users/anassarkiz/tsci/tscircuit-store/boards/magnetic-shutter-remote-r8--01a0f81f/firmware/deps/modules/hal/espressif/zephyr/blobs/lib/esp32/libcore.a
Fetching blob hal_espressif: /Users/anassarkiz/tsci/tscircuit-store/boards/magnetic-shutter-remote-r8--01a0f81f/firmware/deps/modules/hal/espressif/zephyr/blobs/lib/esp32s2/libpp.a
Fetching blob hal_espressif: /Users/anassarkiz/tsci/tscircuit-store/boards/magnetic-shutter-remote-r8--01a0f81f/firmware/deps/modules/hal/espressif/zephyr/blobs/lib/esp32s2/libsmartconfig.a
Fetching blob hal_espressif: /Users/anassarkiz/tsci/tscircuit-store/boards/magnetic-shutter-remote-r8--01a0f81f/firmware/deps/modules/hal/espressif/zephyr/blobs/lib/esp32s2/libmesh.a
Fetching blob hal_espressif: /Users/anassarkiz/tsci/tscircuit-store/boards/magnetic-shutter-remote-r8--01a0f81f/firmware/deps/modules/hal/espressif/zephyr/blobs/lib/esp32s2/libwapi.a
Fetching blob hal_espressif: /Users/anassarkiz/tsci/tscircuit-store/boards/magnetic-shutter-remote-r8--01a0f81f/firmware/deps/modules/hal/espressif/zephyr/blobs/lib/esp32s2/libespnow.a
Fetching blob hal_espressif: /Users/anassarkiz/tsci/tscircuit-store/boards/magnetic-shutter-remote-r8--01a0f81f/firmware/deps/modules/hal/espressif/zephyr/blobs/lib/esp32s2/libnet80211.a
Fetching blob hal_espressif: /Users/anassarkiz/tsci/tscircuit-store/boards/magnetic-shutter-remote-r8--01a0f81f/firmware/deps/modules/hal/espressif/zephyr/blobs/lib/esp32s2/libcore.a
Fetching blob hal_espressif: /Users/anassarkiz/tsci/tscircuit-store/boards/magnetic-shutter-remote-r8--01a0f81f/firmware/deps/modules/hal/espressif/zephyr/blobs/lib/esp32c2/libpp.a
Fetching blob hal_espressif: /Users/anassarkiz/tsci/tscircuit-store/boards/magnetic-shutter-remote-r8--01a0f81f/firmware/deps/modules/hal/espressif/zephyr/blobs/lib/esp32c2/libsmartconfig.a
Fetching blob hal_espressif: /Users/anassarkiz/tsci/tscircuit-store/boards/magnetic-shutter-remote-r8--01a0f81f/firmware/deps/modules/hal/espressif/zephyr/blobs/lib/esp32c2/libespnow.a
Fetching blob hal_espressif: /Users/anassarkiz/tsci/tscircuit-store/boards/magnetic-shutter-remote-r8--01a0f81f/firmware/deps/modules/hal/espressif/zephyr/blobs/lib/esp32c2/libnet80211.a
Fetching blob hal_espressif: /Users/anassarkiz/tsci/tscircuit-store/boards/magnetic-shutter-remote-r8--01a0f81f/firmware/deps/modules/hal/espressif/zephyr/blobs/lib/esp32c2/libcore.a
Fetching blob hal_espressif: /Users/anassarkiz/tsci/tscircuit-store/boards/magnetic-shutter-remote-r8--01a0f81f/firmware/deps/modules/hal/espressif/zephyr/blobs/lib/esp32c3/libpp.a
Fetching blob hal_espressif: /Users/anassarkiz/tsci/tscircuit-store/boards/magnetic-shutter-remote-r8--01a0f81f/firmware/deps/modules/hal/espressif/zephyr/blobs/lib/esp32c3/libsmartconfig.a
Fetching blob hal_espressif: /Users/anassarkiz/tsci/tscircuit-store/boards/magnetic-shutter-remote-r8--01a0f81f/firmware/deps/modules/hal/espressif/zephyr/blobs/lib/esp32c3/libmesh.a
Fetching blob hal_espressif: /Users/anassarkiz/tsci/tscircuit-store/boards/magnetic-shutter-remote-r8--01a0f81f/firmware/deps/modules/hal/espressif/zephyr/blobs/lib/esp32c3/libwapi.a
Fetching blob hal_espressif: /Users/anassarkiz/tsci/tscircuit-store/boards/magnetic-shutter-remote-r8--01a0f81f/firmware/deps/modules/hal/espressif/zephyr/blobs/lib/esp32c3/libespnow.a
Fetching blob hal_espressif: /Users/anassarkiz/tsci/tscircuit-store/boards/magnetic-shutter-remote-r8--01a0f81f/firmware/deps/modules/hal/espressif/zephyr/blobs/lib/esp32c3/libnet80211.a
Fetching blob hal_espressif: /Users/anassarkiz/tsci/tscircuit-store/boards/magnetic-shutter-remote-r8--01a0f81f/firmware/deps/modules/hal/espressif/zephyr/blobs/lib/esp32c3/libcore.a
Fetching blob hal_espressif: /Users/anassarkiz/tsci/tscircuit-store/boards/magnetic-shutter-remote-r8--01a0f81f/firmware/deps/modules/hal/espressif/zephyr/blobs/lib/esp32s3/libpp.a
Fetching blob hal_espressif: /Users/anassarkiz/tsci/tscircuit-store/boards/magnetic-shutter-remote-r8--01a0f81f/firmware/deps/modules/hal/espressif/zephyr/blobs/lib/esp32s3/libsmartconfig.a
Fetching blob hal_espressif: /Users/anassarkiz/tsci/tscircuit-store/boards/magnetic-shutter-remote-r8--01a0f81f/firmware/deps/modules/hal/espressif/zephyr/blobs/lib/esp32s3/libmesh.a
Fetching blob hal_espressif: /Users/anassarkiz/tsci/tscircuit-store/boards/magnetic-shutter-remote-r8--01a0f81f/firmware/deps/modules/hal/espressif/zephyr/blobs/lib/esp32s3/libwapi.a
Fetching blob hal_espressif: /Users/anassarkiz/tsci/tscircuit-store/boards/magnetic-shutter-remote-r8--01a0f81f/firmware/deps/modules/hal/espressif/zephyr/blobs/lib/esp32s3/libespnow.a
Fetching blob hal_espressif: /Users/anassarkiz/tsci/tscircuit-store/boards/magnetic-shutter-remote-r8--01a0f81f/firmware/deps/modules/hal/espressif/zephyr/blobs/lib/esp32s3/libnet80211.a
Fetching blob hal_espressif: /Users/anassarkiz/tsci/tscircuit-store/boards/magnetic-shutter-remote-r8--01a0f81f/firmware/deps/modules/hal/espressif/zephyr/blobs/lib/esp32s3/libcore.a
Fetching blob hal_espressif: /Users/anassarkiz/tsci/tscircuit-store/boards/magnetic-shutter-remote-r8--01a0f81f/firmware/deps/modules/hal/espressif/zephyr/blobs/lib/esp32c6/libpp.a
Fetching blob hal_espressif: /Users/anassarkiz/tsci/tscircuit-store/boards/magnetic-shutter-remote-r8--01a0f81f/firmware/deps/modules/hal/espressif/zephyr/blobs/lib/esp32c6/libsmartconfig.a
Fetching blob hal_espressif: /Users/anassarkiz/tsci/tscircuit-store/boards/magnetic-shutter-remote-r8--01a0f81f/firmware/deps/modules/hal/espressif/zephyr/blobs/lib/esp32c6/libmesh.a
Fetching blob hal_espressif: /Users/anassarkiz/tsci/tscircuit-store/boards/magnetic-shutter-remote-r8--01a0f81f/firmware/deps/modules/hal/espressif/zephyr/blobs/lib/esp32c6/libwapi.a
Fetching blob hal_espressif: /Users/anassarkiz/tsci/tscircuit-store/boards/magnetic-shutter-remote-r8--01a0f81f/firmware/deps/modules/hal/espressif/zephyr/blobs/lib/esp32c6/libespnow.a
Fetching blob hal_espressif: /Users/anassarkiz/tsci/tscircuit-store/boards/magnetic-shutter-remote-r8--01a0f81f/firmware/deps/modules/hal/espressif/zephyr/blobs/lib/esp32c6/libnet80211.a
Fetching blob hal_espressif: /Users/anassarkiz/tsci/tscircuit-store/boards/magnetic-shutter-remote-r8--01a0f81f/firmware/deps/modules/hal/espressif/zephyr/blobs/lib/esp32c6/libcore.a
Fetching blob hal_espressif: /Users/anassarkiz/tsci/tscircuit-store/boards/magnetic-shutter-remote-r8--01a0f81f/firmware/deps/modules/hal/espressif/zephyr/blobs/lib/esp32/librftest.a
Fetching blob hal_espressif: /Users/anassarkiz/tsci/tscircuit-store/boards/magnetic-shutter-remote-r8--01a0f81f/firmware/deps/modules/hal/espressif/zephyr/blobs/lib/esp32/librtc.a
Fetching blob hal_espressif: /Users/anassarkiz/tsci/tscircuit-store/boards/magnetic-shutter-remote-r8--01a0f81f/firmware/deps/modules/hal/espressif/zephyr/blobs/lib/esp32/libbttestmode.a
Fetching blob hal_espressif: /Users/anassarkiz/tsci/tscircuit-store/boards/magnetic-shutter-remote-r8--01a0f81f/firmware/deps/modules/hal/espressif/zephyr/blobs/lib/esp32/libphy.a
Fetching blob hal_espressif: /Users/anassarkiz/tsci/tscircuit-store/boards/magnetic-shutter-remote-r8--01a0f81f/firmware/deps/modules/hal/espressif/zephyr/blobs/lib/esp32s2/librftest.a
Fetching blob hal_espressif: /Users/anassarkiz/tsci/tscircuit-store/boards/magnetic-shutter-remote-r8--01a0f81f/firmware/deps/modules/hal/espressif/zephyr/blobs/lib/esp32s2/librfate.a
Fetching blob hal_espressif: /Users/anassarkiz/tsci/tscircuit-store/boards/magnetic-shutter-remote-r8--01a0f81f/firmware/deps/modules/hal/espressif/zephyr/blobs/lib/esp32s2/libphy.a
Fetching blob hal_espressif: /Users/anassarkiz/tsci/tscircuit-store/boards/magnetic-shutter-remote-r8--01a0f81f/firmware/deps/modules/hal/espressif/zephyr/blobs/lib/esp32c2/libbtbb.a
Fetching blob hal_espressif: /Users/anassarkiz/tsci/tscircuit-store/boards/magnetic-shutter-remote-r8--01a0f81f/firmware/deps/modules/hal/espressif/zephyr/blobs/lib/esp32c2/librftest.a
Fetching blob hal_espressif: /Users/anassarkiz/tsci/tscircuit-store/boards/magnetic-shutter-remote-r8--01a0f81f/firmware/deps/modules/hal/espressif/zephyr/blobs/lib/esp32c2/libbttestmode.a
Fetching blob hal_espressif: /Users/anassarkiz/tsci/tscircuit-store/boards/magnetic-shutter-remote-r8--01a0f81f/firmware/deps/modules/hal/espressif/zephyr/blobs/lib/esp32c2/librfate.a
Fetching blob hal_espressif: /Users/anassarkiz/tsci/tscircuit-store/boards/magnetic-shutter-remote-r8--01a0f81f/firmware/deps/modules/hal/espressif/zephyr/blobs/lib/esp32c2/libphy.a
Fetching blob hal_espressif: /Users/anassarkiz/tsci/tscircuit-store/boards/magnetic-shutter-remote-r8--01a0f81f/firmware/deps/modules/hal/espressif/zephyr/blobs/lib/esp32c3/libbtbb.a
Fetching blob hal_espressif: /Users/anassarkiz/tsci/tscircuit-store/boards/magnetic-shutter-remote-r8--01a0f81f/firmware/deps/modules/hal/espressif/zephyr/blobs/lib/esp32c3/librftest.a
Fetching blob hal_espressif: /Users/anassarkiz/tsci/tscircuit-store/boards/magnetic-shutter-remote-r8--01a0f81f/firmware/deps/modules/hal/espressif/zephyr/blobs/lib/esp32c3/libbttestmode.a
Fetching blob hal_espressif: /Users/anassarkiz/tsci/tscircuit-store/boards/magnetic-shutter-remote-r8--01a0f81f/firmware/deps/modules/hal/espressif/zephyr/blobs/lib/esp32c3/librfate.a
Fetching blob hal_espressif: /Users/anassarkiz/tsci/tscircuit-store/boards/magnetic-shutter-remote-r8--01a0f81f/firmware/deps/modules/hal/espressif/zephyr/blobs/lib/esp32c3/libphy.a
Fetching blob hal_espressif: /Users/anassarkiz/tsci/tscircuit-store/boards/magnetic-shutter-remote-r8--01a0f81f/firmware/deps/modules/hal/espressif/zephyr/blobs/lib/esp32s3/libbtbb.a
Fetching blob hal_espressif: /Users/anassarkiz/tsci/tscircuit-store/boards/magnetic-shutter-remote-r8--01a0f81f/firmware/deps/modules/hal/espressif/zephyr/blobs/lib/esp32s3/librftest.a
Fetching blob hal_espressif: /Users/anassarkiz/tsci/tscircuit-store/boards/magnetic-shutter-remote-r8--01a0f81f/firmware/deps/modules/hal/espressif/zephyr/blobs/lib/esp32s3/libbttestmode.a
Fetching blob hal_espressif: /Users/anassarkiz/tsci/tscircuit-store/boards/magnetic-shutter-remote-r8--01a0f81f/firmware/deps/modules/hal/espressif/zephyr/blobs/lib/esp32s3/librfate.a
Fetching blob hal_espressif: /Users/anassarkiz/tsci/tscircuit-store/boards/magnetic-shutter-remote-r8--01a0f81f/firmware/deps/modules/hal/espressif/zephyr/blobs/lib/esp32s3/libphy.a
Fetching blob hal_espressif: /Users/anassarkiz/tsci/tscircuit-store/boards/magnetic-shutter-remote-r8--01a0f81f/firmware/deps/modules/hal/espressif/zephyr/blobs/lib/esp32c6/libbtbb.a
Fetching blob hal_espressif: /Users/anassarkiz/tsci/tscircuit-store/boards/magnetic-shutter-remote-r8--01a0f81f/firmware/deps/modules/hal/espressif/zephyr/blobs/lib/esp32c6/librftest.a
Fetching blob hal_espressif: /Users/anassarkiz/tsci/tscircuit-store/boards/magnetic-shutter-remote-r8--01a0f81f/firmware/deps/modules/hal/espressif/zephyr/blobs/lib/esp32c6/libbttestmode.a
Fetching blob hal_espressif: /Users/anassarkiz/tsci/tscircuit-store/boards/magnetic-shutter-remote-r8--01a0f81f/firmware/deps/modules/hal/espressif/zephyr/blobs/lib/esp32c6/librfate.a
Fetching blob hal_espressif: /Users/anassarkiz/tsci/tscircuit-store/boards/magnetic-shutter-remote-r8--01a0f81f/firmware/deps/modules/hal/espressif/zephyr/blobs/lib/esp32c6/libphy.a
Fetching blob hal_espressif: /Users/anassarkiz/tsci/tscircuit-store/boards/magnetic-shutter-remote-r8--01a0f81f/firmware/deps/modules/hal/espressif/zephyr/blobs/lib/esp32/libcoexist.a
Fetching blob hal_espressif: /Users/anassarkiz/tsci/tscircuit-store/boards/magnetic-shutter-remote-r8--01a0f81f/firmware/deps/modules/hal/espressif/zephyr/blobs/lib/esp32s2/libcoexist.a
Fetching blob hal_espressif: /Users/anassarkiz/tsci/tscircuit-store/boards/magnetic-shutter-remote-r8--01a0f81f/firmware/deps/modules/hal/espressif/zephyr/blobs/lib/esp32c2/libcoexist.a
Fetching blob hal_espressif: /Users/anassarkiz/tsci/tscircuit-store/boards/magnetic-shutter-remote-r8--01a0f81f/firmware/deps/modules/hal/espressif/zephyr/blobs/lib/esp32c3/libcoexist.a
Fetching blob hal_espressif: /Users/anassarkiz/tsci/tscircuit-store/boards/magnetic-shutter-remote-r8--01a0f81f/firmware/deps/modules/hal/espressif/zephyr/blobs/lib/esp32s3/libcoexist.a
Fetching blob hal_espressif: /Users/anassarkiz/tsci/tscircuit-store/boards/magnetic-shutter-remote-r8--01a0f81f/firmware/deps/modules/hal/espressif/zephyr/blobs/lib/esp32c6/libcoexist.a
