bun test v1.3.9 (cf6cdbbb)

tests/repros/repro-saved-fanout-invalidates-custom-symbol-selectors.test.tsx:
557 |       | Omit<PcbViaClearanceError, "pcb_error_id">,
558 |   ) {
559 |     // TODO add to render phase error list and try to add position or
560 |     // relationships etc
561 |     if (typeof message === "string") {
562 |       throw new Error(message)
                      ^
error: Could not find connection target "Q1.pin1"
      at renderError (/Users/anassarkiz/tsci/tscircuit-store/boards/magnetic-shutter-remote--01a0f81f/tooling/core/lib/components/base-components/Renderable.ts:562:17)
      at _matchConnection (/Users/anassarkiz/tsci/tscircuit-store/boards/magnetic-shutter-remote--01a0f81f/tooling/core/lib/components/primitive-components/BreakoutPoint.ts:28:12)
      at doInitialCreateAutoplacedBreakoutPoints (/Users/anassarkiz/tsci/tscircuit-store/boards/magnetic-shutter-remote--01a0f81f/tooling/core/lib/components/primitive-components/Breakout/Breakout.ts:51:13)
      at runRenderPhase (/Users/anassarkiz/tsci/tscircuit-store/boards/magnetic-shutter-remote--01a0f81f/tooling/core/lib/components/base-components/Renderable.ts:519:34)
      at runRenderPhaseForChildren (/Users/anassarkiz/tsci/tscircuit-store/boards/magnetic-shutter-remote--01a0f81f/tooling/core/lib/components/base-components/Renderable.ts:540:13)
      at runRenderPhaseForChildren (/Users/anassarkiz/tsci/tscircuit-store/boards/magnetic-shutter-remote--01a0f81f/tooling/core/lib/components/base-components/Renderable.ts:539:13)
      at runRenderPhaseForChildren (/Users/anassarkiz/tsci/tscircuit-store/boards/magnetic-shutter-remote--01a0f81f/tooling/core/lib/components/normal-components/Board/Board.ts:662:11)
      at runRenderCycle (/Users/anassarkiz/tsci/tscircuit-store/boards/magnetic-shutter-remote--01a0f81f/tooling/core/lib/components/base-components/Renderable.ts:455:12)
      at render (/Users/anassarkiz/tsci/tscircuit-store/boards/magnetic-shutter-remote--01a0f81f/tooling/core/lib/IsolatedCircuit.ts:211:16)
      at renderUntilSettled (/Users/anassarkiz/tsci/tscircuit-store/boards/magnetic-shutter-remote--01a0f81f/tooling/core/lib/IsolatedCircuit.ts:225:10)
      at <anonymous> (/Users/anassarkiz/tsci/tscircuit-store/boards/magnetic-shutter-remote--01a0f81f/tooling/core/tests/repros/repro-saved-fanout-invalidates-custom-symbol-selectors.test.tsx:30:17)
(fail) adding a saved fanout exit preserves custom-symbol port aliases on other sheets [23.91ms]

 0 pass
 1 fail
Ran 1 test across 1 file. [565.00ms]
