{
  "paste": [
    {
      "type": "pcb_solder_paste",
      "pcb_solder_paste_id": "pcb_solder_paste_0",
      "layer": "top",
      "shape": "rect",
      "width": 0.41999916000000004,
      "height": 0.8399983200000001,
      "x": -3.200019,
      "y": 2.0249706,
      "pcb_component_id": "pcb_component_0",
      "pcb_smtpad_id": "pcb_smtpad_0",
      "subcircuit_id": "subcircuit_source_group_0"
    },
    {
      "type": "pcb_solder_paste",
      "pcb_solder_paste_id": "pcb_solder_paste_1",
      "layer": "top",
      "shape": "rect",
      "width": 0.41999916000000004,
      "height": 0.8399983200000001,
      "x": -2.399919,
      "y": 2.0249706,
      "pcb_component_id": "pcb_component_0",
      "pcb_smtpad_id": "pcb_smtpad_1",
      "subcircuit_id": "subcircuit_source_group_0"
    },
    {
      "type": "pcb_solder_paste",
      "pcb_solder_paste_id": "pcb_solder_paste_2",
      "layer": "top",
      "shape": "rect",
      "width": 0.20999958000000002,
      "height": 0.8399983200000001,
      "x": -1.749933,
      "y": 2.0249706,
      "pcb_component_id": "pcb_component_0",
      "pcb_smtpad_id": "pcb_smtpad_2",
      "subcircuit_id": "subcircuit_source_group_0"
    },
    {
      "type": "pcb_solder_paste",
      "pcb_solder_paste_id": "pcb_solder_paste_3",
      "layer": "top",
      "shape": "rect",
      "width": 0.20999958000000002,
      "height": 0.8399983200000001,
      "x": -1.249807,
      "y": 2.0249706,
      "pcb_component_id": "pcb_component_0",
      "pcb_smtpad_id": "pcb_smtpad_3",
      "subcircuit_id": "subcircuit_source_group_0"
    },
    {
      "type": "pcb_solder_paste",
      "pcb_solder_paste_id": "pcb_solder_paste_4",
      "layer": "top",
      "shape": "rect",
      "width": 0.20999958000000002,
      "height": 0.8399983200000001,
      "x": -0.749935,
      "y": 2.0249706,
      "pcb_component_id": "pcb_component_0",
      "pcb_smtpad_id": "pcb_smtpad_4",
      "subcircuit_id": "subcircuit_source_group_0"
    },
    {
      "type": "pcb_solder_paste",
      "pcb_solder_paste_id": "pcb_solder_paste_5",
      "layer": "top",
      "shape": "rect",
      "width": 0.20999958000000002,
      "height": 0.8399983200000001,
      "x": -0.249809,
      "y": 2.0249706,
      "pcb_component_id": "pcb_component_0",
      "pcb_smtpad_id": "pcb_smtpad_5",
      "subcircuit_id": "subcircuit_source_group_0"
    },
    {
      "type": "pcb_solder_paste",
      "pcb_solder_paste_id": "pcb_solder_paste_6",
      "layer": "top",
      "shape": "rect",
      "width": 0.20999958000000002,
      "height": 0.8399983200000001,
      "x": 0.250063,
      "y": 2.0249706,
      "pcb_component_id": "pcb_component_0",
      "pcb_smtpad_id": "pcb_smtpad_6",
      "subcircuit_id": "subcircuit_source_group_0"
    },
    {
      "type": "pcb_solder_paste",
      "pcb_solder_paste_id": "pcb_solder_paste_7",
      "layer": "top",
      "shape": "rect",
      "width": 0.20999958000000002,
      "height": 0.8399983200000001,
      "x": 0.750189,
      "y": 2.0249706,
      "pcb_component_id": "pcb_component_0",
      "pcb_smtpad_id": "pcb_smtpad_7",
      "subcircuit_id": "subcircuit_source_group_0"
    },
    {
      "type": "pcb_solder_paste",
      "pcb_solder_paste_id": "pcb_solder_paste_8",
      "layer": "top",
      "shape": "rect",
      "width": 0.20999958000000002,
      "height": 0.8399983200000001,
      "x": 1.250061,
      "y": 2.0249706,
      "pcb_component_id": "pcb_component_0",
      "pcb_smtpad_id": "pcb_smtpad_8",
      "subcircuit_id": "subcircuit_source_group_0"
    },
    {
      "type": "pcb_solder_paste",
      "pcb_solder_paste_id": "pcb_solder_paste_9",
      "layer": "top",
      "shape": "rect",
      "width": 0.20999958000000002,
      "height": 0.8399983200000001,
      "x": 1.750187,
      "y": 2.0249706,
      "pcb_component_id": "pcb_component_0",
      "pcb_smtpad_id": "pcb_smtpad_9",
      "subcircuit_id": "subcircuit_source_group_0"
    },
    {
      "type": "pcb_solder_paste",
      "pcb_solder_paste_id": "pcb_solder_paste_10",
      "layer": "top",
      "shape": "rect",
      "width": 0.41999916000000004,
      "height": 0.8399983200000001,
      "x": 2.400173,
      "y": 2.0249706,
      "pcb_component_id": "pcb_component_0",
      "pcb_smtpad_id": "pcb_smtpad_10",
      "subcircuit_id": "subcircuit_source_group_0"
    },
    {
      "type": "pcb_solder_paste",
      "pcb_solder_paste_id": "pcb_solder_paste_11",
      "layer": "top",
      "shape": "rect",
      "width": 0.41999916000000004,
      "height": 0.8399983200000001,
      "x": 3.200019,
      "y": 2.0249706,
      "pcb_component_id": "pcb_component_0",
      "pcb_smtpad_id": "pcb_smtpad_11",
      "subcircuit_id": "subcircuit_source_group_0"
    }
  ],
  "errors": []
}
