patching file 'lib/convert-easyeda-json-to-tscircuit-soup-json.ts'
patching file 'lib/schemas/package-detail-shape-schema.ts'
patching file 'lib/websafe/generate-footprint-tsx.ts'
patching file 'tests/convert-to-ts/C1046-to-ts-with-stepModel.test.ts'
patching file 'tests/convert-to-ts/C1046-to-ts.test.ts'
patching file 'tests/convert-to-ts/C105419-to-ts.test.ts'
patching file 'tests/convert-to-ts/C12084-to-ts.test.ts'
patching file 'tests/convert-to-ts/C128415-to-ts.test.ts'
patching file 'tests/convert-to-ts/C131337-to-ts.test.ts'
patching file 'tests/convert-to-ts/C14877-to-ts.test.ts'
patching file 'tests/convert-to-ts/C1525-to-ts.test.ts'
patching file 'tests/convert-to-ts/C15464-to-ts.test.ts'
patching file 'tests/convert-to-ts/C157929-to-ts.test.ts'
patching file 'tests/convert-to-ts/C157947-to-ts.test.ts'
patching file 'tests/convert-to-ts/C158012-to-ts.test.ts'
patching file 'tests/convert-to-ts/C160354-to-ts.test.ts'
patching file 'tests/convert-to-ts/C165948-to-ts.test.ts'
patching file 'tests/convert-to-ts/C18185602-to-ts.test.ts'
patching file 'tests/convert-to-ts/C19076967-to-ts.test.ts'
patching file 'tests/convert-to-ts/C19795120-to-ts.test.ts'
patching file 'tests/convert-to-ts/C2040-to-ts.test.ts'
patching file 'tests/convert-to-ts/C20526-to-ts.test.ts'
patching file 'tests/convert-to-ts/C22446580-to-ts.test.ts'
patching file 'tests/convert-to-ts/C23689428-to-ts.test.ts'
patching file 'tests/convert-to-ts/C265111-to-ts.test.ts'
patching file 'tests/convert-to-ts/C281113-to-ts.test.ts'
patching file 'tests/convert-to-ts/C2838502-to-ts.test.ts'
patching file 'tests/convert-to-ts/C2848306-to-ts.test.ts'
patching file 'tests/convert-to-ts/C2913206-to-ts.test.ts'
patching file 'tests/convert-to-ts/C2961147-to-ts.test.ts'
patching file 'tests/convert-to-ts/C2979182-to-ts.test.ts'
patching file 'tests/convert-to-ts/C309274-to-ts.test.ts'
patching file 'tests/convert-to-ts/C3178291-to-ts.test.ts'
patching file 'tests/convert-to-ts/C3273487-to-ts.test.ts'
patching file 'tests/convert-to-ts/C393941-to-ts.test.ts'
patching file 'tests/convert-to-ts/C410353-to-ts.test.ts'
patching file 'tests/convert-to-ts/C46497-to-ts.test.ts'
patching file 'tests/convert-to-ts/C46749-to-ts.test.ts'
patching file 'tests/convert-to-ts/C490691-to-ts.test.ts'
patching file 'tests/convert-to-ts/C561765-to-ts.test.ts'
patching file 'tests/convert-to-ts/C57759-to-led.test.ts'
patching file 'tests/convert-to-ts/C57759-to-ts.test.ts'
patching file 'tests/convert-to-ts/C5830143-to-ts.test.ts'
patching file 'tests/convert-to-ts/C6186-to-ts.test.ts'
patching file 'tests/convert-to-ts/C7203002-to-ts.test.ts'
patching file 'tests/convert-to-ts/C75749-to-ts.test.ts'
patching file 'tests/convert-to-ts/C8465-to-ts.test.ts'
patching file 'tests/convert-to-ts/C88224-to-ts.test.ts'
patching file 'tests/convert-to-ts/c2848306-hidden-pin-visibility.test.ts'
patching file 'tests/convert-to-ts/smd-resistors-to-ts.test.ts'
patching file 'tests/explicit-paste-regions.test.ts'
patching file 'tests/source-paste-mask-field-fidelity.test.ts'
