bun install v1.3.9 (cf6cdbbb)
Resolving dependencies
Resolved, downloaded and extracted [229]
warn: incorrect peer dependency "react@19.2.1"

warn: incorrect peer dependency "react-dom@19.3.0"

warn: incorrect peer dependency "react@19.2.1"

warn: incorrect peer dependency "@tscircuit/alphabet@0.0.25"
Saved lockfile

+ @resvg/resvg-js@2.6.2
+ @tscircuit/circuit-json-util@../vendor/util-paste-local.tgz
+ @tscircuit/core@../vendor/core-paste-local.tgz
+ @tscircuit/props@../vendor/props-paste-local.tgz
+ @types/bun@1.3.9
+ circuit-json@../vendor/circuit-json-paste-local.tgz
+ circuit-json-to-gerber@../vendor/gerber-paste-local.tgz
+ circuit-to-svg@../vendor/svg-paste-local.tgz
+ easyeda@../vendor/importer-paste-local.tgz
+ react@19.2.1 (v19.3.0 available)
+ tscircuit@0.0.2436 (v0.0.2742 available)
+ typescript@5.9.3
+ zod@3.25.76 (v4.6.5 available)

286 packages installed [5.18s]
