$ tsup
CLI Building entry: lib/index.ts
CLI Using tsconfig: tsconfig.json
CLI tsup v8.5.1
CLI Using tsup config: /Users/anassarkiz/tsci/tscircuit-store/boards/magnetic-shutter-remote-r5--01a0f81f/evidence/USB4215-import-audit/toolchain/easyeda-converter/tsup.config.ts
CLI Building entry: cli/main.ts
CLI Using tsconfig: tsconfig.json
CLI tsup v8.5.1
CLI Using tsup config: /Users/anassarkiz/tsci/tscircuit-store/boards/magnetic-shutter-remote-r5--01a0f81f/evidence/USB4215-import-audit/toolchain/easyeda-converter/tsup.config.ts
CLI Building entry: lib/websafe/index.ts
CLI Using tsconfig: tsconfig.json
CLI tsup v8.5.1
CLI Using tsup config: /Users/anassarkiz/tsci/tscircuit-store/boards/magnetic-shutter-remote-r5--01a0f81f/evidence/USB4215-import-audit/toolchain/easyeda-converter/tsup.config.ts
CLI Target: esnext
ESM Build start
CLI Target: esnext
ESM Build start
CLI Target: esnext
CJS Build start
ESM dist/index.js     641.61 KB
ESM dist/index.js.map 1.53 MB
ESM ⚡️ Build success in 184ms
ESM dist/browser/index.js     900.71 KB
ESM dist/browser/index.js.map 1.99 MB
ESM ⚡️ Build success in 185ms
CJS dist/main.cjs     701.25 KB
CJS dist/main.cjs.map 1.61 MB
CJS ⚡️ Build success in 199ms
DTS Build start
DTS Build start
DTS Build start
DTS ⚡️ Build success in 7656ms
DTS dist/main.d.cts 20.00 B
DTS ⚡️ Build success in 7947ms
DTS dist/index.d.ts 159.79 KB
DTS ⚡️ Build success in 8438ms
DTS dist/browser/index.d.ts 160.12 KB
