$ tsup
CLI Building entry: lib/index.ts
CLI Using tsconfig: tsconfig.json
CLI tsup v8.5.1
CLI Using tsup config: /Users/anassarkiz/tsci/tscircuit-store/boards/magnetic-shutter-remote-r5--01a0f81f/evidence/USB4215-import-audit/toolchain/easyeda-converter/tsup.config.ts
CLI Building entry: cli/main.ts
CLI Using tsconfig: tsconfig.json
CLI tsup v8.5.1
CLI Using tsup config: /Users/anassarkiz/tsci/tscircuit-store/boards/magnetic-shutter-remote-r5--01a0f81f/evidence/USB4215-import-audit/toolchain/easyeda-converter/tsup.config.ts
CLI Building entry: lib/websafe/index.ts
CLI Using tsconfig: tsconfig.json
CLI tsup v8.5.1
CLI Using tsup config: /Users/anassarkiz/tsci/tscircuit-store/boards/magnetic-shutter-remote-r5--01a0f81f/evidence/USB4215-import-audit/toolchain/easyeda-converter/tsup.config.ts
CLI Target: esnext
ESM Build start
CLI Target: esnext
CJS Build start
CLI Target: esnext
ESM Build start
CJS dist/main.cjs     697.73 KB
CJS dist/main.cjs.map 1.58 MB
CJS ⚡️ Build success in 137ms
ESM dist/browser/index.js     897.04 KB
ESM dist/browser/index.js.map 1.96 MB
ESM ⚡️ Build success in 138ms
ESM dist/index.js     638.09 KB
ESM dist/index.js.map 1.50 MB
ESM ⚡️ Build success in 137ms
DTS Build start
DTS Build start
DTS Build start
DTS ⚡️ Build success in 5228ms
DTS dist/main.d.cts 20.00 B
DTS ⚡️ Build success in 5419ms
DTS dist/index.d.ts 161.08 KB
DTS ⚡️ Build success in 5730ms
DTS dist/browser/index.d.ts 161.41 KB
