bun test v1.3.9 (cf6cdbbb)

tests/generate-symbol-tsx.test.ts:
(pass) keeps the rectangle primitive when its fill is none [11.24ms]
(pass) keeps the rectangle primitive when its fill is #880000 [3.06ms]
(pass) keeps the rectangle primitive when its fill is  [2.00ms]
(pass) generates a centered symbol with positioned, aliased ports [3.48ms]
(pass) transforms EasyEDA paths, arcs, and text into symbol-local coordinates [12.88ms]
(pass) keeps imported crystal symbols on tscircuit's schematic grid [0.93ms]
(pass) uses the symbol bounds when EasyEDA head coordinates are stale [1.34ms]
(pass) maps duplicate EasyEDA symbol pin numbers to unused footprint ports [1.74ms]
(pass) distinguishes custom symbols from chip box representations [8.37ms]

tests/convert-package-rect.test.ts:
(pass) emits package RECT shapes as silkscreen rectangles [1.03ms]
(pass) renders package RECT shapes in the PCB snapshot [29.13ms]

tests/source-paste-mask-field-fidelity.test.ts:
(pass) preserves raw source margins and paste contours across existing import fixtures [101.36ms]

tests/normalize-symbol-name.test.ts:
(pass) normalizeSymbolName > converts + to _POS
(pass) normalizeSymbolName > converts - to _NEG
(pass) normalizeSymbolName > handles whitespace around + and -
(pass) normalizeSymbolName > preserves other names
(pass) normalizeSymbolName > handles names containing + or - but not exactly equal
(pass) normalizeSymbolName > handles empty strings

tests/get-easyeda-pin-aliases.test.ts:
(pass) converts external pin name PA0/RESET#/UPDI to connection aliases [0.08ms]
(pass) converts external pin name #RST/NMI/SBWTDIO to connection aliases
(pass) converts external pin name PA0/RESET# to connection aliases
(pass) converts external pin name P1.3/TA1.2/A3/C3 to connection aliases
(pass) converts external pin name D+/D- to connection aliases
(pass) converts external pin name SINEIN– to connection aliases
(pass) converts external pin name SINEIN− to connection aliases
(pass) converts external pin name –IN/−OUT to connection aliases
(pass) converts external pin name 3V3(OUT) to connection aliases
(pass) converts external pin name (PA0) to connection aliases
(pass) converts external pin name _READY_ to connection aliases
(pass) converts external pin name 1&#96; to connection aliases
(pass) converts external pin name 2&#x60; to connection aliases
(pass) converts external pin name 1′ to connection aliases
(pass) converts external pin name D&#43;/D&#8722; to connection aliases
(pass) converts external pin name  / PA0 / / UPDI /  to connection aliases
(pass) converts external pin name  to connection aliases
(pass) converts external pin name +/- to connection aliases
(pass) deduplicates aliases before distinguishing shared pin functions

tests/get-polarized-pin-metadata.test.ts:
(pass) getPolarizedPinMetadata > normalizes anode pin 1 [0.08ms]
(pass) getPolarizedPinMetadata > normalizes decorated cathode pin 1 [0.04ms]

tests/arc-utils.test.ts:
(pass) generateArcFromSweep > uses the near circle center for a small arc [0.50ms]
(pass) generateArcFromSweep > uses the opposite circle center for a large arc

tests/explicit-paste-regions.test.ts:
(pass) preserves explicit supplier paste polygons and per-pad expansion [5.41ms]

tests/get-board-outline-polygons.test.ts:
(pass) joins unordered reversed tracks and removes notch edge tabs [0.23ms]
(pass) keeps disconnected closed outlines separate [0.05ms]
(pass) does not invent a cutout from a line or an ambiguous open path [0.01ms]
(pass) ignores branched outlines without losing a separate closed loop [0.04ms]

tests/normalize-pin-labels.test.ts:
(pass) normalizePinLabels > handles the documentation example correctly [0.07ms]
(pass) normalizePinLabels > handles empty input array
(pass) normalizePinLabels > handles pins with no labels [0.01ms]
(pass) normalizePinLabels > preserves unique non-numeric labels [0.02ms]
(pass) normalizePinLabels > normalizes leading hash active-low labels
(pass) normalizePinLabels > normalizes trailing hash active-low labels without double-prefixing [0.03ms]
(pass) normalizePinLabels > deduplicates normalized active-low labels
(pass) normalizePinLabels > handles multiple labels per pin [0.02ms]
(pass) normalizePinLabels > handles duplicate numeric labels [0.02ms]

tests/browser-bundle-websafe-guard.test.ts:
(pass) browser bundle websafe guard > browser build does not include known non-websafe runtime baggage [3635.03ms]

tests/get-easyeda-cad-model-placement.test.ts:
(pass) getCadModelOffsetMmFromBounds > derives XY placement from explicit bounds even when _objMetadata is missing [2.62ms]
(pass) getCadModelOffsetMmFromBounds > rebases XY against recentered footprint bounds [0.77ms]

tests/generate-footprint-tsx.test.ts:
(pass) generates standalone oval holes [184.53ms]
(pass) preserves fabrication and user notes in generated footprints [19.19ms]

tests/convert-to-ts/C5830143-to-ts.test.ts:
(pass) should convert C5830143 into typescript file [2342.41ms]

tests/convert-to-ts/c82173-to-ts.test.ts:
(pass) generates the C82173 LED driver IC as a chip [3.87ms]

tests/convert-to-ts/C75749-to-ts.test.ts:
(pass) should convert C75749 into typescript file [1799.84ms]

tests/convert-to-ts/C9972-to-ts.test.ts:
(pass) preserves the exact C9972 manufacturer part number [1.95ms]
(pass) reports missing manufacturer part number metadata [1.07ms]

tests/convert-to-ts/C335982-polarized-capacitor-repro.test.ts:
(pass) preserves C335982's curved polarized capacitor plate [1105.24ms]

tests/convert-to-ts/C7434162-pin-labels-repro.test.ts:
(pass) renders C7434162 pin 35 and 36 labels [1390.47ms]

tests/convert-to-ts/C96225-to-ts.test.ts:
(pass) converts C96225 diode array into a six-pin chip [1362.97ms]

tests/convert-to-ts/C284163-to-ts.test.ts:
(pass) converts C284163 to a four-pin crystal [2.10ms]

tests/convert-to-ts/C46497-to-ts.test.ts:
(pass) should convert C46497 into typescript file [1863.06ms]

tests/convert-to-ts/C14877-to-ts.test.ts:
(pass) should convert C14877 into typescript file [1694.99ms]

tests/convert-to-ts/C20526-to-ts.test.ts:
(pass) repro: converts C20526 with a schematic snapshot [1111.32ms]

tests/convert-to-ts/C113367-overlapping-pin-labels.test.ts:
(pass) reproduces overlapping pin labels in the C113367 custom symbol [1174.31ms]

tests/convert-to-ts/C160354-to-ts.test.ts:
(pass) should convert C160354 into typescript file [1563.64ms]

tests/convert-to-ts/C6186-to-ts.test.ts:
(pass) should convert C6186 into typescript file [1351.03ms]

tests/convert-to-ts/C5378731-to-ts.test.ts:
35 |   const circuitJson = await runTscircuitCode(
36 |     wrapTsxWithBoardFor3dSnapshot(result),
37 |   )
38 |   expect(
39 |     convertCircuitJsonToPcbSvg(circuitJson, { showCourtyards: true }),
40 |   ).toMatchSvgSnapshot(import.meta.path)
         ^
error: 

Snapshot does not match. Diff saved at /Users/anassarkiz/tsci/tscircuit-store/boards/magnetic-shutter-remote-r5--01a0f81f/evidence/USB4215-import-audit/toolchain/easyeda-converter/tests/convert-to-ts/__snapshots__/C5378731-to-ts.diff.png
      at <anonymous> (/Users/anassarkiz/tsci/tscircuit-store/boards/magnetic-shutter-remote-r5--01a0f81f/evidence/USB4215-import-audit/toolchain/easyeda-converter/tests/convert-to-ts/C5378731-to-ts.test.ts:40:5)
(fail) imports C5378731 supplier fabrication notes into its footprint string [1043.61ms]

tests/convert-to-ts/C165948-to-ts.test.ts:
(pass) should convert C165948 into typescript file [1573.87ms]

tests/convert-to-ts/C19795120-to-ts.test.ts:
(pass) should convert C19795120 into typescript file [1106.95ms]

tests/convert-to-ts/C157929-to-ts.test.ts:
(pass) should convert C157929 into typescript file [1232.04ms]

tests/convert-to-ts/package-rect-field-order-and-stroke-units.test.ts:
119 |   expect(result).toContain('strokeWidth="0.0999998mm"')
120 | 
121 |   const generatedCircuitJson = await runTscircuitCode(
122 |     wrapTsxWithBoardFor3dSnapshot(result),
123 |   )
124 |   expect(convertCircuitJsonToPcbSvg(generatedCircuitJson)).toMatchSvgSnapshot(
                                                                 ^
error: 

Snapshot does not match. Diff saved at /Users/anassarkiz/tsci/tscircuit-store/boards/magnetic-shutter-remote-r5--01a0f81f/evidence/USB4215-import-audit/toolchain/easyeda-converter/tests/convert-to-ts/__snapshots__/c3178291-package-rect-round-trip-pcb.diff.png
      at <anonymous> (/Users/anassarkiz/tsci/tscircuit-store/boards/magnetic-shutter-remote-r5--01a0f81f/evidence/USB4215-import-audit/toolchain/easyeda-converter/tests/convert-to-ts/package-rect-field-order-and-stroke-units.test.ts:124:60)
(fail) preserves package RECT layer and line-width fields with correct stroke units [1118.35ms]

tests/convert-to-ts/C1525-to-ts.test.ts:
(pass) normalizes the U+00B5 micro symbol [1423.66ms]
(pass) normalizes the U+03BC micro symbol [1107.73ms]
(pass) converts C1525 to a capacitor with its exact footprint [1072.96ms]
(pass) uses the native schematic symbol for an imported C1525 capacitor [1257.86ms]
(pass) preserves imported capacitor polarity with the native symbol [1097.07ms]

tests/convert-to-ts/C265111-to-ts.test.ts:
(pass) should convert C265111 into typescript file [1354.47ms]

tests/convert-to-ts/C2941005-to-ts.test.ts:
37 | 
38 |   const circuitJson = await renderImportedSwitch()
39 |   await expect(
40 |     convertCircuitJsonToSchematicSvg(circuitJson),
41 |   ).toMatchSvgSnapshot(import.meta.path, "C2941005-schematic")
42 |   await expect(convertCircuitJsonToPcbSvg(circuitJson)).toMatchSvgSnapshot(
                                                             ^
error: 

Snapshot does not match. Diff saved at /Users/anassarkiz/tsci/tscircuit-store/boards/magnetic-shutter-remote-r5--01a0f81f/evidence/USB4215-import-audit/toolchain/easyeda-converter/tests/convert-to-ts/__snapshots__/C2941005-pcb.diff.png
      at <anonymous> (/Users/anassarkiz/tsci/tscircuit-store/boards/magnetic-shutter-remote-r5--01a0f81f/evidence/USB4215-import-audit/toolchain/easyeda-converter/tests/convert-to-ts/C2941005-to-ts.test.ts:42:57)
(fail) renders the C2941005 schematic and PCB [864.35ms]
(pass) preserves all six C2941005 schematic terminals and their PCB pad mappings [839.66ms]

tests/convert-to-ts/C136720-to-ts.test.ts:
(pass) converts C136720 document-layer tracks to fabrication notes [25.80ms]
47 |   expect(result).toContain("SwitchProps")
48 |   expect(result).toContain("<switch")
49 |   expect(result).toContain("pinLabels={pinLabels}")
50 |   expect(result).not.toContain("<pushbutton")
51 |   expect(result).not.toContain("<chip")
52 |   expect(result).toMatchInlineSnapshot(`
                      ^
error: expect(received).toMatchInlineSnapshot(expected)

@@ -34,15 +34,15 @@
      "C136720"
    ]
  }}
        manufacturerPartNumber="SK-12E12-G5"
        footprint={<footprint>
-         <platedhole  portHints={["pin2"]} pcbX="0mm" pcbY="0.127mm" outerDiameter="1.524mm" holeDiameter="0.999998mm" shape="circle" />
- <platedhole  portHints={["pin3"]} pcbX="0mm" pcbY="-2.921mm" outerDiameter="1.524mm" holeDiameter="0.999998mm" shape="circle" />
- <platedhole  portHints={["pin1"]} pcbX="0mm" pcbY="3.175mm" outerDiameter="1.524mm" holeDiameter="0.999998mm" shape="circle" />
- <platedhole  portHints={["pin4"]} pcbX="0mm" pcbY="-6.477mm" outerDiameter="2.1999956mm" holeDiameter="1.5000224mm" shape="circle" />
- <platedhole  portHints={["pin5"]} pcbX="0mm" pcbY="6.477mm" outerDiameter="2.1999956mm" holeDiameter="1.5000224mm" shape="circle" />
+         <platedhole solderMaskMargin="0.0508mm"  portHints={["pin2"]} pcbX="0mm" pcbY="0.127mm" outerDiameter="1.524mm" holeDiameter="0.999998mm" shape="circle" />
+ <platedhole solderMaskMargin="0.0508mm"  portHints={["pin3"]} pcbX="0mm" pcbY="-2.921mm" outerDiameter="1.524mm" holeDiameter="0.999998mm" shape="circle" />
+ <platedhole solderMaskMargin="0.0508mm"  portHints={["pin1"]} pcbX="0mm" pcbY="3.175mm" outerDiameter="1.524mm" holeDiameter="0.999998mm" shape="circle" />
+ <platedhole solderMaskMargin="0.0508mm"  portHints={["pin4"]} pcbX="0mm" pcbY="-6.477mm" outerDiameter="2.1999956mm" holeDiameter="1.5000224mm" shape="circle" />
+ <platedhole solderMaskMargin="0.0508mm"  portHints={["pin5"]} pcbX="0mm" pcbY="6.477mm" outerDiameter="2.1999956mm" holeDiameter="1.5000224mm" shape="circle" />
  <silkscreenpath route={[{"x":2.793999999999997,"y":-6.477000000000004},{"x":-2.793999999999997,"y":-6.477000000000004},{"x":-2.793999999999997,"y":6.477000000000004},{"x":2.793999999999997,"y":6.477000000000004},{"x":2.793999999999997,"y":-6.477000000000004}]} />
  <silkscreenpath route={[{"x":2.0319999999999965,"y":3.174999999999997},{"x":2.0319999999999965,"y":0.12699999999999534}]} />
  <silkscreentext text="{NAME}" pcbX="2.667mm" pcbY="8.6708mm" anchorAlignment="center" fontSize="1mm" />
  <fabricationnotepath route={[{"x":2.793999999999997,"y":3.174999999999997},{"x":8.128,"y":3.174999999999997},{"x":8.128,"y":0.12699999999999534},{"x":2.793999999999997,"y":0.12699999999999534}]} strokeWidth="0.254mm" />
  <courtyardoutline outline={[{"x":-2.6829898000000156,"y":7.826997800000001},{"x":8.016989800000005,"y":7.826997800000001},{"x":8.016989800000005,"y":-7.826997800000001},{"x":-2.6829898000000156,"y":-7.826997800000001},{"x":-2.6829898000000156,"y":7.826997800000001}]} />

- Expected  - 5
+ Received  + 5

      at <anonymous> (/Users/anassarkiz/tsci/tscircuit-store/boards/magnetic-shutter-remote-r5--01a0f81f/evidence/USB4215-import-audit/toolchain/easyeda-converter/tests/convert-to-ts/C136720-to-ts.test.ts:52:18)
(fail) should convert C136720 slide switch into a switch component with pin labels [2.81ms]

tests/convert-to-ts/C49234237-to-ts.test.ts:
17 |   expect(result).not.toContain("<chip")
18 | 
19 |   const circuitJson = await runTscircuitCode(
20 |     wrapTsxWithBoardFor3dSnapshot(result),
21 |   )
22 |   expect(convertCircuitJsonToSchematicSvg(circuitJson)).toMatchSvgSnapshot(
                                                             ^
error: 

Snapshot does not match. Diff saved at /Users/anassarkiz/tsci/tscircuit-store/boards/magnetic-shutter-remote-r5--01a0f81f/evidence/USB4215-import-audit/toolchain/easyeda-converter/tests/convert-to-ts/__snapshots__/C49234237-to-ts-schematic.diff.png
      at <anonymous> (/Users/anassarkiz/tsci/tscircuit-store/boards/magnetic-shutter-remote-r5--01a0f81f/evidence/USB4215-import-audit/toolchain/easyeda-converter/tests/convert-to-ts/C49234237-to-ts.test.ts:22:57)
(fail) converts C49234237 into a pushbutton component [1213.95ms]

tests/convert-to-ts/C309274-to-ts.test.ts:
(pass) should convert C309274 into typescript file [1625.04ms]

tests/convert-to-ts/infer-pin-attributes.test.ts:
(pass) infers only unambiguous IC power, ground, and no-connect attributes [0.09ms]

tests/convert-to-ts/C410353-to-ts.test.ts:
(pass) should convert C410353 into typescript file [1379.72ms]

tests/convert-to-ts/C105419-to-ts.test.ts:
(pass) should convert C105419 into typescript file [1211.57ms]

tests/convert-to-ts/C2765186-to-ts.test.ts:
(pass) prefers schematic pin names over footprint pad identifiers [1172.22ms]

tests/convert-to-ts/C9900017879-to-ts.test.ts:
16 |   expect(result).not.toContain("NaNmm")
17 | 
18 |   const circuitJson = await runTscircuitCode(
19 |     wrapTsxWithBoardFor3dSnapshot(result),
20 |   )
21 |   expect(convertCircuitJsonToPcbSvg(circuitJson)).toMatchSvgSnapshot(
                                                       ^
error: 

Snapshot does not match. Diff saved at /Users/anassarkiz/tsci/tscircuit-store/boards/magnetic-shutter-remote-r5--01a0f81f/evidence/USB4215-import-audit/toolchain/easyeda-converter/tests/convert-to-ts/__snapshots__/C9900017879-to-ts-rotation.diff.png
      at <anonymous> (/Users/anassarkiz/tsci/tscircuit-store/boards/magnetic-shutter-remote-r5--01a0f81f/evidence/USB4215-import-audit/toolchain/easyeda-converter/tests/convert-to-ts/C9900017879-to-ts.test.ts:21:51)
(fail) should convert C9900017879 into typescript file [1646.74ms]

tests/convert-to-ts/C2828420-to-ts.test.ts:
35 |   expect(result).not.toContain("NaNmm")
36 | 
37 |   const circuitJson = await runTscircuitCode(
38 |     wrapTsxWithBoardFor3dSnapshot(result),
39 |   )
40 |   expect(convertCircuitJsonToPcbSvg(circuitJson)).toMatchSvgSnapshot(
                                                       ^
error: 

Snapshot does not match. Diff saved at /Users/anassarkiz/tsci/tscircuit-store/boards/magnetic-shutter-remote-r5--01a0f81f/evidence/USB4215-import-audit/toolchain/easyeda-converter/tests/convert-to-ts/__snapshots__/C2828420-to-ts.diff.png
      at <anonymous> (/Users/anassarkiz/tsci/tscircuit-store/boards/magnetic-shutter-remote-r5--01a0f81f/evidence/USB4215-import-audit/toolchain/easyeda-converter/tests/convert-to-ts/C2828420-to-ts.test.ts:40:51)
(fail) should convert C2828420 diode with metadata-derived pin labels [1165.46ms]

tests/convert-to-ts/C501008-mosfet-symbol-repro.test.ts:
(pass) repro: C501008 STL130N6F7 MOSFET renders as an eight-pin chip [878.67ms]

tests/convert-to-ts/switch-category.test.ts:
(pass) does not treat Power Distribution Switches as a mechanical switch [0.11ms]
(pass) does not treat Power-Distribution Switch as a mechanical switch
(pass) does not treat PMIC - Power Distribution Switches, Load Drivers as a mechanical switch
(pass) does not treat Load Switches as a mechanical switch
(pass) does not treat LOAD-SWITCH as a mechanical switch
(pass) does not treat Analog Switches / Multiplexers as a mechanical switch
(pass) does not treat Analog-Switch as a mechanical switch [0.09ms]
(pass) does not treat Switching Diodes as a mechanical switch
(pass) does not treat Switch ICs as a mechanical switch
(pass) retains mechanical Slide Switches categories [0.04ms]
(pass) retains mechanical Toggle Switches categories
(pass) retains mechanical DIP Switches categories
(pass) retains mechanical Key Switches categories
(pass) retains mechanical Micro Switches categories
(pass) retains mechanical Limit Switches categories
(pass) retains mechanical Power Toggle Switches categories
(pass) ignores absent and non-string categories [0.05ms]
(pass) semiconductor tags override a generic switch category [0.95ms]
(pass) semiconductor category metadata overrides generic switch tags [1.07ms]
(pass) semiconductor Category metadata overrides generic switch tags [0.26ms]
(pass) semiconductor LCSC Category metadata overrides generic switch tags [1.02ms]
(pass) semiconductor JLCPCB Category metadata overrides generic switch tags [0.85ms]
(pass) a semiconductor top-level category overrides generic switch tags [2.04ms]

tests/convert-to-ts/usb-type-c-category.test.ts:
(pass) USB-C supplier prefix and package classify a connector without category tags [11.42ms]

tests/convert-to-ts/special-character-pin-labels.test.ts:
(pass) preserves C472489 special-character pin labels [1545.05ms]
(pass) preserves C14877 special-character pin labels [1372.34ms]
(pass) preserves C2886621 special-character pin labels [1254.25ms]

tests/convert-to-ts/C19943592-pin1-footprint-repro.test.ts:
13 |   const result = await convertBetterEasyToTsx({ betterEasy })
14 |   const circuitJson = await runTscircuitCode(
15 |     wrapTsxWithBoardFor3dSnapshot(result),
16 |   )
17 | 
18 |   expect(convertCircuitJsonToPcbSvg(circuitJson)).toMatchSvgSnapshot(
                                                       ^
error: 

Snapshot does not match. Diff saved at /Users/anassarkiz/tsci/tscircuit-store/boards/magnetic-shutter-remote-r5--01a0f81f/evidence/USB4215-import-audit/toolchain/easyeda-converter/tests/convert-to-ts/__snapshots__/C19943592-pin1-footprint-repro.diff.png
      at <anonymous> (/Users/anassarkiz/tsci/tscircuit-store/boards/magnetic-shutter-remote-r5--01a0f81f/evidence/USB4215-import-audit/toolchain/easyeda-converter/tests/convert-to-ts/C19943592-pin1-footprint-repro.test.ts:18:51)
(fail) renders the C19943592 pin 1 rectangular footprint pad [1180.64ms]
(pass) preserves RECT pad dimensions and rotation: {"width":60,"height":60,"rotation":0} [1.57ms]
(pass) preserves RECT pad dimensions and rotation: {"width":60,"height":72,"rotation":45} [0.96ms]
(pass) preserves RECT pad dimensions and rotation: {"width":72,"height":60,"rotation":90} [0.84ms]

tests/convert-to-ts/C131337-to-ts.test.ts:
(pass) should convert C131337 into typescript file [1541.46ms]

tests/convert-to-ts/C2913206-to-ts.test.ts:
(pass) should convert C2913206 into typescript file [1345.95ms]

tests/convert-to-ts/C7519-schematic-view-repro.test.ts:
(pass) renders C7519 with a white body and visible protection diodes [1354.08ms]

tests/convert-to-ts/C2998002-to-ts.test.ts:
16 |   expect(result).not.toContain("NaNmm")
17 | 
18 |   const circuitJson = await runTscircuitCode(
19 |     wrapTsxWithBoardFor3dSnapshot(result),
20 |   )
21 |   expect(convertCircuitJsonToSchematicSvg(circuitJson)).toMatchSvgSnapshot(
                                                             ^
error: 

Snapshot does not match. Diff saved at /Users/anassarkiz/tsci/tscircuit-store/boards/magnetic-shutter-remote-r5--01a0f81f/evidence/USB4215-import-audit/toolchain/easyeda-converter/tests/convert-to-ts/__snapshots__/C2998002-to-ts-schematic.diff.png
      at <anonymous> (/Users/anassarkiz/tsci/tscircuit-store/boards/magnetic-shutter-remote-r5--01a0f81f/evidence/USB4215-import-audit/toolchain/easyeda-converter/tests/convert-to-ts/C2998002-to-ts.test.ts:21:57)
(fail) should convert C2998002 into typescript file [1067.23ms]

tests/convert-to-ts/C22446580-to-ts.test.ts:
(pass) should convert C22446580 into typescript file [1496.68ms]

tests/convert-to-ts/C51950748-to-ts.test.ts:
19 |   expect(result).not.toContain("NaNmm")
20 | 
21 |   const circuitJson = await runTscircuitCode(
22 |     wrapTsxWithBoardFor3dSnapshot(result),
23 |   )
24 |   expect(convertCircuitJsonToSchematicSvg(circuitJson)).toMatchSvgSnapshot(
                                                             ^
error: 

Snapshot does not match. Diff saved at /Users/anassarkiz/tsci/tscircuit-store/boards/magnetic-shutter-remote-r5--01a0f81f/evidence/USB4215-import-audit/toolchain/easyeda-converter/tests/convert-to-ts/__snapshots__/C51950748-to-ts-schematic.diff.png
      at <anonymous> (/Users/anassarkiz/tsci/tscircuit-store/boards/magnetic-shutter-remote-r5--01a0f81f/evidence/USB4215-import-audit/toolchain/easyeda-converter/tests/convert-to-ts/C51950748-to-ts.test.ts:24:57)
(fail) should convert C51950748 into typescript file [1108.00ms]

tests/convert-to-ts/c165948-multiple-pin-aliases.test.ts:
37 | 
38 |   const generatedCircuitJson = await runTscircuitCode(
39 |     wrapTsxWithBoardFor3dSnapshot(result),
40 |   )
41 | 
42 |   expect(convertCircuitJsonToPcbSvg(generatedCircuitJson)).toMatchSvgSnapshot(
                                                                ^
error: 

Snapshot does not match. Diff saved at /Users/anassarkiz/tsci/tscircuit-store/boards/magnetic-shutter-remote-r5--01a0f81f/evidence/USB4215-import-audit/toolchain/easyeda-converter/tests/convert-to-ts/__snapshots__/c165948-multiple-pin-aliases-pcb.diff.png
      at <anonymous> (/Users/anassarkiz/tsci/tscircuit-store/boards/magnetic-shutter-remote-r5--01a0f81f/evidence/USB4215-import-audit/toolchain/easyeda-converter/tests/convert-to-ts/c165948-multiple-pin-aliases.test.ts:42:60)
(fail) preserves all C165948 pin aliases in generated TSX [1404.61ms]

tests/convert-to-ts/C281113-to-ts.test.ts:
(pass) should convert C281113 into typescript file [1285.79ms]

tests/convert-to-ts/C488251-pcb-view-repro.test.ts:
 9 | it("renders the C488251 PCB view", async () => {
10 |   const betterEasy = EasyEdaJsonSchema.parse(chipRawEasy)
11 |   const tsx = await convertBetterEasyToTsx({ betterEasy })
12 |   const circuitJson = await runTscircuitCode(wrapTsxWithBoardFor3dSnapshot(tsx))
13 | 
14 |   expect(convertCircuitJsonToPcbSvg(circuitJson)).toMatchSvgSnapshot(
                                                       ^
error: 

Snapshot does not match. Diff saved at /Users/anassarkiz/tsci/tscircuit-store/boards/magnetic-shutter-remote-r5--01a0f81f/evidence/USB4215-import-audit/toolchain/easyeda-converter/tests/convert-to-ts/__snapshots__/C488251-pcb-view.diff.png
      at <anonymous> (/Users/anassarkiz/tsci/tscircuit-store/boards/magnetic-shutter-remote-r5--01a0f81f/evidence/USB4215-import-audit/toolchain/easyeda-converter/tests/convert-to-ts/C488251-pcb-view-repro.test.ts:14:51)
(fail) renders the C488251 PCB view [1359.11ms]

tests/convert-to-ts/smd-resistors-to-ts.test.ts:
(pass) converts C17168 R0402 to a resistor [1082.04ms]
(pass) converts C11702 R0402 to a resistor [982.88ms]
(pass) converts C25744 R0402 to a resistor [1038.38ms]
(pass) converts C2929994 R0402 to a resistor [931.53ms]
(pass) converts C107701 R0603 to a resistor [1111.20ms]
(pass) uses the native schematic symbol for an imported C107701 resistor [1028.64ms]

tests/convert-to-ts/C1985372-to-ts.test.ts:
(pass) keeps C1985372 on tscircuit's schematic grid [1076.89ms]

tests/convert-to-ts/C128415-to-ts.test.ts:
(pass) should convert C128415 into typescript file [1268.76ms]

tests/convert-to-ts/C3178291-to-ts.test.ts:
(pass) should convert C3178291 into typescript file [1410.99ms]

tests/convert-to-ts/C82650-to-ts.test.ts:
(pass) converts C82650 LED display driver into a chip [1670.69ms]

tests/convert-to-ts/C2055640-to-ts.test.ts:
42 |     showCourtyards: true,
43 |   })
44 | 
45 |   expect(pcbSvg).toContain("pcb-courtyard-outline")
46 |   expect(pcbSvg).toContain('data-type="pcb_courtyard_outline"')
47 |   expect(pcbSvg).toMatchSvgSnapshot(import.meta.path)
                      ^
error: 

Snapshot does not match. Diff saved at /Users/anassarkiz/tsci/tscircuit-store/boards/magnetic-shutter-remote-r5--01a0f81f/evidence/USB4215-import-audit/toolchain/easyeda-converter/tests/convert-to-ts/__snapshots__/C2055640-to-ts.diff.png
      at <anonymous> (/Users/anassarkiz/tsci/tscircuit-store/boards/magnetic-shutter-remote-r5--01a0f81f/evidence/USB4215-import-audit/toolchain/easyeda-converter/tests/convert-to-ts/C2055640-to-ts.test.ts:47:18)
(fail) C2055640 should preserve courtyard outlines when round-tripping through TSX [1194.04ms]
(pass) repro: C2055640 should preserve circular EasyEDA BGA pads [23.41ms]

tests/convert-to-ts/C157947-to-ts.test.ts:
(pass) should convert C157947 into typescript file [1443.12ms]

tests/convert-to-ts/C22446580.test.ts:
14 |   })
15 | 
16 |   expect(result).not.toContain("milmm")
17 |   expect(result).not.toContain("NaNmm")
18 | 
19 |   expect(result).toMatchInlineSnapshot(`
                      ^
error: expect(received).toMatchInlineSnapshot(expected)

@@ -37,27 +37,27 @@
      "C22446580"
    ]
  }}
        manufacturerPartNumber="74HC4051LQ/TR"
        footprint={<footprint>
-         <smtpad portHints={["pin1"]} pcbX="-1.499997mm" pcbY="0.750062mm" width="0.7999984mm" height="0.2800096mm" radius="0.1400048mm" shape="pill" />
- <smtpad portHints={["pin2"]} pcbX="-1.499997mm" pcbY="0.249936mm" width="0.7999984mm" height="0.2800096mm" radius="0.1400048mm" shape="pill" />
- <smtpad portHints={["pin3"]} pcbX="-1.499997mm" pcbY="-0.249936mm" width="0.7999984mm" height="0.2800096mm" radius="0.1400048mm" shape="pill" />
- <smtpad portHints={["pin4"]} pcbX="-1.499997mm" pcbY="-0.750062mm" width="0.7999984mm" height="0.2800096mm" radius="0.1400048mm" shape="pill" />
- <smtpad portHints={["pin5"]} pcbX="-0.750062mm" pcbY="-1.499997mm" width="0.2800096mm" height="0.7999984mm" radius="0.1400048mm" shape="pill" />
- <smtpad portHints={["pin6"]} pcbX="-0.249936mm" pcbY="-1.499997mm" width="0.2800096mm" height="0.7999984mm" radius="0.1400048mm" shape="pill" />
- <smtpad portHints={["pin7"]} pcbX="0.249936mm" pcbY="-1.499997mm" width="0.2800096mm" height="0.7999984mm" radius="0.1400048mm" shape="pill" />
- <smtpad portHints={["pin8"]} pcbX="0.750062mm" pcbY="-1.499997mm" width="0.2800096mm" height="0.7999984mm" radius="0.1400048mm" shape="pill" />
- <smtpad portHints={["pin9"]} pcbX="1.499997mm" pcbY="-0.750062mm" width="0.7999984mm" height="0.2800096mm" radius="0.1400048mm" shape="pill" />
- <smtpad portHints={["pin10"]} pcbX="1.499997mm" pcbY="-0.249936mm" width="0.7999984mm" height="0.2800096mm" radius="0.1400048mm" shape="pill" />
- <smtpad portHints={["pin11"]} pcbX="1.499997mm" pcbY="0.249936mm" width="0.7999984mm" height="0.2800096mm" radius="0.1400048mm" shape="pill" />
- <smtpad portHints={["pin12"]} pcbX="1.499997mm" pcbY="0.750062mm" width="0.7999984mm" height="0.2800096mm" radius="0.1400048mm" shape="pill" />
- <smtpad portHints={["pin13"]} pcbX="0.750062mm" pcbY="1.499997mm" width="0.2800096mm" height="0.7999984mm" radius="0.1400048mm" shape="pill" />
- <smtpad portHints={["pin14"]} pcbX="0.249936mm" pcbY="1.499997mm" width="0.2800096mm" height="0.7999984mm" radius="0.1400048mm" shape="pill" />
- <smtpad portHints={["pin15"]} pcbX="-0.249936mm" pcbY="1.499997mm" width="0.2800096mm" height="0.7999984mm" radius="0.1400048mm" shape="pill" />
- <smtpad portHints={["pin16"]} pcbX="-0.750062mm" pcbY="1.499997mm" width="0.2800096mm" height="0.7999984mm" radius="0.1400048mm" shape="pill" />
- <smtpad portHints={["pin17"]} pcbX="0mm" pcbY="0mm" width="1.5999968mm" height="1.5999968mm" shape="rect" />
+         <smtpad portHints={["pin1"]} pcbX="-1.499997mm" pcbY="0.750062mm" width="0.7999984mm" height="0.2800096mm" radius="0.1400048mm" shape="pill" solderPasteMargin="0mm" solderMaskMargin="0.0508mm" />
+ <smtpad portHints={["pin2"]} pcbX="-1.499997mm" pcbY="0.249936mm" width="0.7999984mm" height="0.2800096mm" radius="0.1400048mm" shape="pill" solderPasteMargin="0mm" solderMaskMargin="0.0508mm" />
+ <smtpad portHints={["pin3"]} pcbX="-1.499997mm" pcbY="-0.249936mm" width="0.7999984mm" height="0.2800096mm" radius="0.1400048mm" shape="pill" solderPasteMargin="0mm" solderMaskMargin="0.0508mm" />
+ <smtpad portHints={["pin4"]} pcbX="-1.499997mm" pcbY="-0.750062mm" width="0.7999984mm" height="0.2800096mm" radius="0.1400048mm" shape="pill" solderPasteMargin="0mm" solderMaskMargin="0.0508mm" />
+ <smtpad portHints={["pin5"]} pcbX="-0.750062mm" pcbY="-1.499997mm" width="0.2800096mm" height="0.7999984mm" radius="0.1400048mm" shape="pill" solderPasteMargin="0mm" solderMaskMargin="0.0508mm" />
+ <smtpad portHints={["pin6"]} pcbX="-0.249936mm" pcbY="-1.499997mm" width="0.2800096mm" height="0.7999984mm" radius="0.1400048mm" shape="pill" solderPasteMargin="0mm" solderMaskMargin="0.0508mm" />
+ <smtpad portHints={["pin7"]} pcbX="0.249936mm" pcbY="-1.499997mm" width="0.2800096mm" height="0.7999984mm" radius="0.1400048mm" shape="pill" solderPasteMargin="0mm" solderMaskMargin="0.0508mm" />
+ <smtpad portHints={["pin8"]} pcbX="0.750062mm" pcbY="-1.499997mm" width="0.2800096mm" height="0.7999984mm" radius="0.1400048mm" shape="pill" solderPasteMargin="0mm" solderMaskMargin="0.0508mm" />
+ <smtpad portHints={["pin9"]} pcbX="1.499997mm" pcbY="-0.750062mm" width="0.7999984mm" height="0.2800096mm" radius="0.1400048mm" shape="pill" solderPasteMargin="0mm" solderMaskMargin="0.0508mm" />
+ <smtpad portHints={["pin10"]} pcbX="1.499997mm" pcbY="-0.249936mm" width="0.7999984mm" height="0.2800096mm" radius="0.1400048mm" shape="pill" solderPasteMargin="0mm" solderMaskMargin="0.0508mm" />
+ <smtpad portHints={["pin11"]} pcbX="1.499997mm" pcbY="0.249936mm" width="0.7999984mm" height="0.2800096mm" radius="0.1400048mm" shape="pill" solderPasteMargin="0mm" solderMaskMargin="0.0508mm" />
+ <smtpad portHints={["pin12"]} pcbX="1.499997mm" pcbY="0.750062mm" width="0.7999984mm" height="0.2800096mm" radius="0.1400048mm" shape="pill" solderPasteMargin="0mm" solderMaskMargin="0.0508mm" />
+ <smtpad portHints={["pin13"]} pcbX="0.750062mm" pcbY="1.499997mm" width="0.2800096mm" height="0.7999984mm" radius="0.1400048mm" shape="pill" solderPasteMargin="0mm" solderMaskMargin="0.0508mm" />
+ <smtpad portHints={["pin14"]} pcbX="0.249936mm" pcbY="1.499997mm" width="0.2800096mm" height="0.7999984mm" radius="0.1400048mm" shape="pill" solderPasteMargin="0mm" solderMaskMargin="0.0508mm" />
+ <smtpad portHints={["pin15"]} pcbX="-0.249936mm" pcbY="1.499997mm" width="0.2800096mm" height="0.7999984mm" radius="0.1400048mm" shape="pill" solderPasteMargin="0mm" solderMaskMargin="0.0508mm" />
+ <smtpad portHints={["pin16"]} pcbX="-0.750062mm" pcbY="1.499997mm" width="0.2800096mm" height="0.7999984mm" radius="0.1400048mm" shape="pill" solderPasteMargin="0mm" solderMaskMargin="0.0508mm" />
+ <smtpad portHints={["pin17"]} pcbX="0mm" pcbY="0mm" width="1.5999968mm" height="1.5999968mm" shape="rect" solderPasteMargin="0mm" solderMaskMargin="0.0508mm" />
  <silkscreenpath route={[{"x":-1.7249139999999983,"y":1.275029200000013},{"x":-1.7249139999999983,"y":1.7248632000000086},{"x":-1.2750800000000027,"y":1.7248632000000086}]} />
  <silkscreenpath route={[{"x":1.2750799999999884,"y":1.7248632000000086},{"x":1.7249139999999983,"y":1.7248632000000086},{"x":1.7249139999999983,"y":1.275029200000013}]} />
  <silkscreenpath route={[{"x":1.2750799999999884,"y":-1.724964799999995},{"x":1.7249139999999983,"y":-1.724964799999995},{"x":1.7249139999999983,"y":-1.2751307999999923}]} />
  <silkscreenpath route={[{"x":-1.2750800000000027,"y":-1.724964799999995},{"x":-1.7249139999999983,"y":-1.724964799999995},{"x":-1.7249139999999983,"y":-1.2751307999999923}]} />
  <silkscreenpath route={[{"x":-2.075179999999996,"y":1.5239492000000041},{"x":-2.2258220297039273,"y":1.672690255997665},{"x":-2.375199424014731,"y":1.522679200000006},{"x":-2.2258220297039273,"y":1.372668144002347},{"x":-2.075179999999996,"y":1.521409200000008}]} />

- Expected  - 17
+ Received  + 17

      at <anonymous> (/Users/anassarkiz/tsci/tscircuit-store/boards/magnetic-shutter-remote-r5--01a0f81f/evidence/USB4215-import-audit/toolchain/easyeda-converter/tests/convert-to-ts/C22446580.test.ts:19:18)
(fail) should convert C22446580 into typescript file [3.86ms]

tests/convert-to-ts/C388883-to-ts.test.ts:
(pass) preserves distinct C388883 terminals with encoded prime labels [1045.23ms]

tests/convert-to-ts/C139797-to-ts.test.ts:
29 |   expect(result).not.toContain("milmm")
30 |   expect(result).not.toContain("NaNmm")
31 |   expect(result).toContain("PushButtonProps")
32 |   expect(result).toContain("<pushbutton")
33 |   expect(result).not.toContain("<chip")
34 |   expect(result).toMatchInlineSnapshot(`
                      ^
error: expect(received).toMatchInlineSnapshot(expected)

@@ -20,14 +20,14 @@
      "C139797"
    ]
  }}
        manufacturerPartNumber="SKRPACE010"
        footprint={<footprint>
-         <smtpad portHints={["pin1"]} pcbX="-2.100072mm" pcbY="1.074928mm" width="1.0500106mm" height="0.6999986mm" shape="rect" />
- <smtpad portHints={["pin2"]} pcbX="2.100072mm" pcbY="1.074928mm" width="1.0500106mm" height="0.6999986mm" shape="rect" />
- <smtpad portHints={["pin3"]} pcbX="-2.100072mm" pcbY="-1.074928mm" width="1.0500106mm" height="0.6999986mm" shape="rect" />
- <smtpad portHints={["pin4"]} pcbX="2.100072mm" pcbY="-1.074928mm" width="1.0500106mm" height="0.6999986mm" shape="rect" />
+         <smtpad portHints={["pin1"]} pcbX="-2.100072mm" pcbY="1.074928mm" width="1.0500106mm" height="0.6999986mm" shape="rect" solderPasteMargin="0mm" solderMaskMargin="0.0508mm" />
+ <smtpad portHints={["pin2"]} pcbX="2.100072mm" pcbY="1.074928mm" width="1.0500106mm" height="0.6999986mm" shape="rect" solderPasteMargin="0mm" solderMaskMargin="0.0508mm" />
+ <smtpad portHints={["pin3"]} pcbX="-2.100072mm" pcbY="-1.074928mm" width="1.0500106mm" height="0.6999986mm" shape="rect" solderPasteMargin="0mm" solderMaskMargin="0.0508mm" />
+ <smtpad portHints={["pin4"]} pcbX="2.100072mm" pcbY="-1.074928mm" width="1.0500106mm" height="0.6999986mm" shape="rect" solderPasteMargin="0mm" solderMaskMargin="0.0508mm" />
  <silkscreenpath route={[{"x":-0.5080000000000382,"y":1.0160000000000764},{"x":0.5079999999999245,"y":1.0160000000000764}]} />
  <silkscreenpath route={[{"x":-0.5080000000000382,"y":-1.0159999999999627},{"x":0.5079999999999245,"y":-1.0159999999999627}]} />
  <silkscreenpath route={[{"x":2.199893999999972,"y":0.5438140000001113},{"x":2.199893999999972,"y":-0.5438139999999976}]} />
  <silkscreenpath route={[{"x":1.3664184000000432,"y":1.5238729999999805},{"x":-1.366418400000157,"y":1.5238729999999805}]} />
  <silkscreenpath route={[{"x":-2.1998940000000857,"y":0.5438140000001113},{"x":-2.1998940000000857,"y":-0.5438139999999976}]} />

- Expected  - 4
+ Received  + 4

      at <anonymous> (/Users/anassarkiz/tsci/tscircuit-store/boards/magnetic-shutter-remote-r5--01a0f81f/evidence/USB4215-import-audit/toolchain/easyeda-converter/tests/convert-to-ts/C139797-to-ts.test.ts:34:18)
(fail) should convert C139797 tactile switch into a pushbutton component [2.82ms]

tests/convert-to-ts/C1046-to-ts-with-stepModel.test.ts:
(pass) should include both obj and step cad model urls [1050.90ms]

tests/convert-to-ts/C8545-to-ts.test.ts:
23 |   )
24 |   expect(convertCircuitJsonToSchematicSvg(circuitJson)).toMatchSvgSnapshot(
25 |     import.meta.path,
26 |     "C8545-oversized-symbol-repro",
27 |   )
28 |   expect(convertCircuitJsonToPcbSvg(circuitJson)).toMatchSvgSnapshot(
                                                       ^
error: 

Snapshot does not match. Diff saved at /Users/anassarkiz/tsci/tscircuit-store/boards/magnetic-shutter-remote-r5--01a0f81f/evidence/USB4215-import-audit/toolchain/easyeda-converter/tests/convert-to-ts/__snapshots__/C8545-pcb.diff.png
      at <anonymous> (/Users/anassarkiz/tsci/tscircuit-store/boards/magnetic-shutter-remote-r5--01a0f81f/evidence/USB4215-import-audit/toolchain/easyeda-converter/tests/convert-to-ts/C8545-to-ts.test.ts:28:51)
(fail) repro: imports C8545 with its custom schematic symbol [1550.09ms]

tests/convert-to-ts/C2041570-to-ts.test.ts:
(pass) converts C2041570 to an inductor [1394.30ms]

tests/convert-to-ts/C2961147-to-ts.test.ts:
(pass) should convert C2961147 into typescript file [1784.99ms]

tests/convert-to-ts/C62857-to-ts.test.ts:
(pass) converts C62857 capacitor array with its EasyEDA symbol [1205.25ms]

tests/convert-to-ts/C8465-to-ts.test.ts:
(pass) should convert C8465 into typescript file [1329.76ms]

tests/convert-to-ts/C158012-to-ts.test.ts:
(pass) should convert C158012 into typescript file [1274.58ms]

tests/convert-to-ts/C90683-to-ts.test.ts:
(pass) renders all NN2-24S05C3N schematic pin labels [1090.00ms]

tests/convert-to-ts/C14877.test.ts:
(pass) should convert atmega328p into typescript file [1523.08ms]

tests/convert-to-ts/C490691-active-low-labels.test.ts:
22 | 
23 |   const circuitJson = await runTscircuitCode(
24 |     wrapTsxWithBoardFor3dSnapshot(result),
25 |   )
26 | 
27 |   expect(convertCircuitJsonToSchematicSvg(circuitJson)).toMatchSvgSnapshot(
                                                             ^
error: 

Snapshot does not match. Diff saved at /Users/anassarkiz/tsci/tscircuit-store/boards/magnetic-shutter-remote-r5--01a0f81f/evidence/USB4215-import-audit/toolchain/easyeda-converter/tests/convert-to-ts/__snapshots__/C490691-active-low-labels-preserved.diff.png
      at <anonymous> (/Users/anassarkiz/tsci/tscircuit-store/boards/magnetic-shutter-remote-r5--01a0f81f/evidence/USB4215-import-audit/toolchain/easyeda-converter/tests/convert-to-ts/C490691-active-low-labels.test.ts:27:57)
(fail) preserves C490691 trailing-hash active-low pin names [1226.62ms]

tests/convert-to-ts/C490691-to-ts.test.ts:
(pass) should convert C490691 into typescript file [1546.28ms]

tests/convert-to-ts/c472489-slash-separated-pin-label.test.ts:
23 | 
24 |   const circuitJson = await runTscircuitCode(
25 |     wrapTsxWithBoardFor3dSnapshot(result),
26 |   )
27 | 
28 |   await expect(convertCircuitJsonToPcbSvg(circuitJson)).toMatchSvgSnapshot(
                                                             ^
error: 

Snapshot does not match. Diff saved at /Users/anassarkiz/tsci/tscircuit-store/boards/magnetic-shutter-remote-r5--01a0f81f/evidence/USB4215-import-audit/toolchain/easyeda-converter/tests/convert-to-ts/__snapshots__/C472489-pin20-label-missing-pcb.diff.png
      at <anonymous> (/Users/anassarkiz/tsci/tscircuit-store/boards/magnetic-shutter-remote-r5--01a0f81f/evidence/USB4215-import-audit/toolchain/easyeda-converter/tests/convert-to-ts/c472489-slash-separated-pin-label.test.ts:28:57)
(fail) preserves C472489 slash-separated pin 20 label [1338.68ms]

tests/convert-to-ts/C393941-to-ts.test.ts:
(pass) should convert C393941 into typescript file [1490.61ms]

tests/convert-to-ts/C57759-to-led.test.ts:
(pass) should convert led category components to led elements [1267.60ms]

tests/convert-to-ts/C88224-to-ts.test.ts:
(pass) should convert C88224 into typescript file [1358.97ms]

tests/convert-to-ts/manufacturer-metadata.test.ts:
(pass) SPDT import preserves all supplier symbol terminals and explicit topology [2.38ms]
(pass) multi-terminal switch refuses an unverified default SPST topology [1.22ms]
(pass) connector import carries verified mating direction in the footprint frame [1.54ms]
(pass) invalid manufacturer metadata is rejected rather than dropped [1.60ms]
(pass) connector classification preserves a supplier contact-switch symbol [5.20ms]

tests/convert-to-ts/pushbutton-category.test.ts:
(pass) should identify JLCPCB pushbutton metadata as pushbuttons
(pass) should identify JLCPCB switch metadata as switches [0.03ms]
(pass) should convert JLCPCB pushbutton metadata to pushbutton elements [950.23ms]

tests/convert-to-ts/C8598-to-ts.test.ts:
35 |   expect(result).not.toContain("NaNmm")
36 | 
37 |   const circuitJson = await runTscircuitCode(
38 |     wrapTsxWithBoardFor3dSnapshot(result),
39 |   )
40 |   expect(convertCircuitJsonToPcbSvg(circuitJson)).toMatchSvgSnapshot(
                                                       ^
error: 

Snapshot does not match. Diff saved at /Users/anassarkiz/tsci/tscircuit-store/boards/magnetic-shutter-remote-r5--01a0f81f/evidence/USB4215-import-audit/toolchain/easyeda-converter/tests/convert-to-ts/__snapshots__/C8598-to-ts.diff.png
      at <anonymous> (/Users/anassarkiz/tsci/tscircuit-store/boards/magnetic-shutter-remote-r5--01a0f81f/evidence/USB4215-import-audit/toolchain/easyeda-converter/tests/convert-to-ts/C8598-to-ts.test.ts:40:51)
(fail) should normalize decorated C8598 diode polarity labels [1067.79ms]

tests/convert-to-ts/custom-symbol-refdes.test.ts:
(pass) a transistor symbol without supplier text receives a dynamic reference [1.73ms]

tests/convert-to-ts/C19076967-to-ts.test.ts:
(pass) should convert C19076967 into typescript file [1401.43ms]

tests/convert-to-ts/c2943786-to-ts.test.ts:
19 |   expect(result).not.toContain("NaNmm")
20 | 
21 |   const circuitJson = await runTscircuitCode(
22 |     wrapTsxWithBoardFor3dSnapshot(result),
23 |   )
24 |   expect(convertCircuitJsonToPcbSvg(circuitJson)).toMatchSvgSnapshot(
                                                       ^
error: 

Snapshot does not match. Diff saved at /Users/anassarkiz/tsci/tscircuit-store/boards/magnetic-shutter-remote-r5--01a0f81f/evidence/USB4215-import-audit/toolchain/easyeda-converter/tests/convert-to-ts/__snapshots__/c2943786-pcb.diff.png
      at <anonymous> (/Users/anassarkiz/tsci/tscircuit-store/boards/magnetic-shutter-remote-r5--01a0f81f/evidence/USB4215-import-audit/toolchain/easyeda-converter/tests/convert-to-ts/c2943786-to-ts.test.ts:24:51)
(fail) should import C2943786 into a snapshotted typescript component [2216.50ms]

tests/convert-to-ts/C46749-to-ts.test.ts:
(pass) should convert C46749 into typescript file [1289.62ms]

tests/convert-to-ts/additional-payload-variants.test.ts:
33 | 
34 |   expect(convertCircuitJsonToSchematicSvg(circuitJson)).toMatchSvgSnapshot(
35 |     import.meta.path,
36 |     "additional-payload-variants-schematic",
37 |   )
38 |   expect(convertCircuitJsonToPcbSvg(circuitJson)).toMatchSvgSnapshot(
                                                       ^
error: 

Snapshot does not match. Diff saved at /Users/anassarkiz/tsci/tscircuit-store/boards/magnetic-shutter-remote-r5--01a0f81f/evidence/USB4215-import-audit/toolchain/easyeda-converter/tests/convert-to-ts/__snapshots__/additional-payload-variants-pcb.diff.png
      at <anonymous> (/Users/anassarkiz/tsci/tscircuit-store/boards/magnetic-shutter-remote-r5--01a0f81f/evidence/USB4215-import-audit/toolchain/easyeda-converter/tests/convert-to-ts/additional-payload-variants.test.ts:38:51)
(fail) renders a payload with issue #464 variants [1104.58ms]

tests/convert-to-ts/C12084-to-ts.test.ts:
(pass) should convert C12084 into typescript file [1156.27ms]

tests/convert-to-ts/thermostat-category.test.ts:
(pass) semiconductor thermostat switches are not mechanical switches

tests/convert-to-ts/C1046-to-ts.test.ts:
(pass) should convert C1046 into typescript file [1314.76ms]

tests/convert-to-ts/C23689428-to-ts.test.ts:
(pass) should convert C23689428 into typescript file [1460.90ms]

tests/convert-to-ts/C561765-to-ts.test.ts:
(pass) should convert C561765 into typescript file [1280.01ms]

tests/convert-to-ts/C2040-to-ts.test.ts:
(pass) should convert C2040 into typescript file [1683.65ms]

tests/convert-to-ts/C18185602-to-ts.test.ts:
(pass) should convert C18185602 into typescript file [1228.19ms]

tests/convert-to-ts/C2838502-to-ts.test.ts:
(pass) should convert C2838502 into typescript file [1178.85ms]

tests/convert-to-ts/C2687116-to-ts.test.ts:
(pass) infers VBUS power metadata for C2687116 [1244.53ms]

tests/convert-to-ts/C2848306-to-ts.test.ts:
(pass) should convert C2848306 into typescript file [1428.52ms]

tests/convert-to-ts/C2979182-to-ts.test.ts:
(pass) should convert C2979182 / MY-18650-02 into typescript file [1290.34ms]

tests/convert-to-ts/C55266-power-distribution-switch.test.ts:
(pass) C55266 retains six source pins and their PCB pad mappings [1132.13ms]
59 | test("renders the C55266 schematic and PCB", async () => {
60 |   const circuitJson = await renderTps2553()
61 |   await expect(
62 |     convertCircuitJsonToSchematicSvg(circuitJson),
63 |   ).toMatchSvgSnapshot(import.meta.path, "C55266-schematic")
64 |   await expect(convertCircuitJsonToPcbSvg(circuitJson)).toMatchSvgSnapshot(
                                                             ^
error: 

Snapshot does not match. Diff saved at /Users/anassarkiz/tsci/tscircuit-store/boards/magnetic-shutter-remote-r5--01a0f81f/evidence/USB4215-import-audit/toolchain/easyeda-converter/tests/convert-to-ts/__snapshots__/C55266-pcb.diff.png
      at <anonymous> (/Users/anassarkiz/tsci/tscircuit-store/boards/magnetic-shutter-remote-r5--01a0f81f/evidence/USB4215-import-audit/toolchain/easyeda-converter/tests/convert-to-ts/C55266-power-distribution-switch.test.ts:64:57)
(fail) renders the C55266 schematic and PCB [1104.55ms]
(pass) C55266 exposes all six IC pins in the schematic [1085.53ms]
(pass) connects C55266's IN signal [1262.96ms]
(pass) connects C55266's GND signal [1160.97ms]
(pass) connects C55266's EN signal [1249.10ms]
(pass) connects C55266's FAULT signal [1249.72ms]
(pass) connects C55266's ILIM signal [1140.68ms]
(pass) connects C55266's OUT signal [1011.56ms]

tests/convert-to-ts/C15464-to-ts.test.ts:
(pass) normalizes C15464 active-low pin aliases [984.15ms]

tests/convert-to-ts/standard-dip-switches-repro.test.ts:
(pass) preserves the imported symbol for a Standard DIP switch [983.90ms]

tests/convert-to-ts/C5248081-to-ts.test.ts:
15 |   expect(result).not.toContain("NaNmm")
16 | 
17 |   const circuitJson = await runTscircuitCode(
18 |     wrapTsxWithBoardFor3dSnapshot(result),
19 |   )
20 |   await expect(circuitJson).toMatch3dSnapshot(import.meta.path, {
                                 ^
error: 

Snapshot differs by 21.91% (> 1.000%). Diff saved at /Users/anassarkiz/tsci/tscircuit-store/boards/magnetic-shutter-remote-r5--01a0f81f/evidence/USB4215-import-audit/toolchain/easyeda-converter/tests/convert-to-ts/__snapshots__/C5248081-to-ts-simple-3d.diff.png
      at <anonymous> (/Users/anassarkiz/tsci/tscircuit-store/boards/magnetic-shutter-remote-r5--01a0f81f/evidence/USB4215-import-audit/toolchain/easyeda-converter/tests/convert-to-ts/C5248081-to-ts.test.ts:20:29)
(fail) should convert C5248081 into typescript file [1280.44ms]

tests/convert-to-ts/C2879827-to-ts.test.ts:
(pass) C2879827 preserves the source notch geometry during parsing [0.06ms]
(pass) C2879827 converts BoardOutline tracks into one cutout [2.07ms]
54 |   expect(tsx).toContain("<silkscreenpath")
55 |   expect(tsx).toContain("<cutout")
56 |   const rendered = await runTscircuitCode(wrapTsxWithBoardFor3dSnapshot(tsx))
57 |   expect(
58 |     convertCircuitJsonToPcbSvg(rendered, { showCourtyards: true }),
59 |   ).toMatchSvgSnapshot(import.meta.path)
         ^
error: 

Snapshot does not match. Diff saved at /Users/anassarkiz/tsci/tscircuit-store/boards/magnetic-shutter-remote-r5--01a0f81f/evidence/USB4215-import-audit/toolchain/easyeda-converter/tests/convert-to-ts/__snapshots__/C2879827-to-ts.diff.png
      at <anonymous> (/Users/anassarkiz/tsci/tscircuit-store/boards/magnetic-shutter-remote-r5--01a0f81f/evidence/USB4215-import-audit/toolchain/easyeda-converter/tests/convert-to-ts/C2879827-to-ts.test.ts:59:5)
(fail) C2879827 preserves the board cutout in generated component TSX [1069.01ms]
(pass) C2879827 must retain its board notch as cutout geometry [2.05ms]
(pass) TSX generator must preserve an existing pcb_cutout [0.03ms]

tests/convert-to-ts/C2886621-to-ts.test.ts:
15 |   expect(result).not.toContain("NaNmm")
16 | 
17 |   const circuitJson = await runTscircuitCode(
18 |     wrapTsxWithBoardFor3dSnapshot(result),
19 |   )
20 |   await expect(circuitJson).toMatch3dSnapshot(import.meta.path)
                                 ^
error: 

Snapshot differs by 8.53% (> 1.000%). Diff saved at /Users/anassarkiz/tsci/tscircuit-store/boards/magnetic-shutter-remote-r5--01a0f81f/evidence/USB4215-import-audit/toolchain/easyeda-converter/tests/convert-to-ts/__snapshots__/C2886621-to-ts-simple-3d.diff.png
      at <anonymous> (/Users/anassarkiz/tsci/tscircuit-store/boards/magnetic-shutter-remote-r5--01a0f81f/evidence/USB4215-import-audit/toolchain/easyeda-converter/tests/convert-to-ts/C2886621-to-ts.test.ts:20:29)
(fail) should convert C2886621 into typescript file [1287.43ms]

tests/convert-to-ts/C3273487-to-ts.test.ts:
(pass) converts C3273487 coupled inductor without losing terminals [936.38ms]

tests/convert-to-ts/C113367-to-ts.test.ts:
23 |   )
24 |   expect(convertCircuitJsonToSchematicSvg(circuitJson)).toMatchSvgSnapshot(
25 |     import.meta.path,
26 |     "C113367-to-ts-schematic",
27 |   )
28 |   await expect(circuitJson).toMatch3dSnapshot(import.meta.path)
                                 ^
error: 

Snapshot differs by 7.02% (> 1.000%). Diff saved at /Users/anassarkiz/tsci/tscircuit-store/boards/magnetic-shutter-remote-r5--01a0f81f/evidence/USB4215-import-audit/toolchain/easyeda-converter/tests/convert-to-ts/__snapshots__/C113367-to-ts-simple-3d.diff.png
      at <anonymous> (/Users/anassarkiz/tsci/tscircuit-store/boards/magnetic-shutter-remote-r5--01a0f81f/evidence/USB4215-import-audit/toolchain/easyeda-converter/tests/convert-to-ts/C113367-to-ts.test.ts:28:29)
(fail) should convert C113367 into typescript file [1323.48ms]
(pass) C113367 generates one schematic port for each footprint pin [1075.18ms]

tests/convert-to-ts/C57759-to-ts.test.ts:
(pass) should convert diode category components to diode elements [942.19ms]

tests/convert-to-ts/C60708-to-ts.test.ts:
15 |   expect(result).not.toContain("NaNmm")
16 | 
17 |   const circuitJson = await runTscircuitCode(
18 |     wrapTsxWithBoardFor3dSnapshot(result),
19 |   )
20 |   await expect(circuitJson).toMatch3dSnapshot(import.meta.path)
                                 ^
error: 

Snapshot differs by 9.67% (> 1.000%). Diff saved at /Users/anassarkiz/tsci/tscircuit-store/boards/magnetic-shutter-remote-r5--01a0f81f/evidence/USB4215-import-audit/toolchain/easyeda-converter/tests/convert-to-ts/__snapshots__/C60708-to-ts-simple-3d.diff.png
      at <anonymous> (/Users/anassarkiz/tsci/tscircuit-store/boards/magnetic-shutter-remote-r5--01a0f81f/evidence/USB4215-import-audit/toolchain/easyeda-converter/tests/convert-to-ts/C60708-to-ts.test.ts:20:29)
(fail) should convert C60708 into typescript file [1168.54ms]

tests/convert-to-ts/C7203002-to-ts.test.ts:
(pass) should convert C7203002 into typescript file [1057.99ms]

tests/convert-to-ts/C472489-to-ts.test.ts:
15 |   expect(result).not.toContain("NaNmm")
16 | 
17 |   const circuitJson = await runTscircuitCode(
18 |     wrapTsxWithBoardFor3dSnapshot(result),
19 |   )
20 |   await expect(circuitJson).toMatch3dSnapshot(import.meta.path)
                                 ^
error: 

Snapshot differs by 13.18% (> 1.000%). Diff saved at /Users/anassarkiz/tsci/tscircuit-store/boards/magnetic-shutter-remote-r5--01a0f81f/evidence/USB4215-import-audit/toolchain/easyeda-converter/tests/convert-to-ts/__snapshots__/C472489-to-ts-simple-3d.diff.png
      at <anonymous> (/Users/anassarkiz/tsci/tscircuit-store/boards/magnetic-shutter-remote-r5--01a0f81f/evidence/USB4215-import-audit/toolchain/easyeda-converter/tests/convert-to-ts/C472489-to-ts.test.ts:20:29)
(fail) should convert C472489 into typescript file [1336.57ms]

tests/convert-to-ts/C404969-to-ts.test.ts:
(pass) converts C404969 to a connector [1073.56ms]

tests/convert-to-ts/c609652-pin-label.test.ts:
(pass) preserves C609652's PA0/RESET#/UPDI label on pin 16 [1090.67ms]
(pass) connects C609652 pin 16 using PA0 [1047.48ms]
(pass) connects C609652 pin 16 using N_RESET [1011.54ms]
(pass) connects C609652 pin 16 using UPDI [1045.55ms]

tests/convert-to-ts/c2848306-hidden-pin-visibility.test.ts:
(pass) preserves C2848306 EasyEDA-hidden EP pin visibility [1088.47ms]

tests/convert-to-ts/C2652953-to-ts.test.ts:
31 |   expect(result).not.toContain("NaNmm")
32 | 
33 |   // const circuitJson = await runTscircuitCode(
34 |   //   wrapTsxWithBoardFor3dSnapshot(result),
35 |   // )
36 |   await expect(circuitJson).toMatch3dSnapshot(import.meta.path)
                                 ^
error: 

Snapshot differs by 9.58% (> 1.000%). Diff saved at /Users/anassarkiz/tsci/tscircuit-store/boards/magnetic-shutter-remote-r5--01a0f81f/evidence/USB4215-import-audit/toolchain/easyeda-converter/tests/convert-to-ts/__snapshots__/C2652953-to-ts-simple-3d.diff.png
      at <anonymous> (/Users/anassarkiz/tsci/tscircuit-store/boards/magnetic-shutter-remote-r5--01a0f81f/evidence/USB4215-import-audit/toolchain/easyeda-converter/tests/convert-to-ts/C2652953-to-ts.test.ts:36:29)
(fail) should convert C2652953 into typescript file [1213.78ms]

tests/convert-to-ts/l0805-inductors-detected-as-chips.test.ts:
29 |   )
30 |   expect(convertCircuitJsonToSchematicSvg(circuitJson)).toMatchSvgSnapshot(
31 |     import.meta.path,
32 |     `${partNumber.toLowerCase()}-l0805-inductor-as-chip-schematic`,
33 |   )
34 |   expect(convertCircuitJsonToPcbSvg(circuitJson)).toMatchSvgSnapshot(
                                                       ^
error: 

Snapshot does not match. Diff saved at /Users/anassarkiz/tsci/tscircuit-store/boards/magnetic-shutter-remote-r5--01a0f81f/evidence/USB4215-import-audit/toolchain/easyeda-converter/tests/convert-to-ts/__snapshots__/c1046-l0805-inductor-as-chip-pcb.diff.png
      at <anonymous> (/Users/anassarkiz/tsci/tscircuit-store/boards/magnetic-shutter-remote-r5--01a0f81f/evidence/USB4215-import-audit/toolchain/easyeda-converter/tests/convert-to-ts/l0805-inductors-detected-as-chips.test.ts:34:51)
      at async <anonymous> (/Users/anassarkiz/tsci/tscircuit-store/boards/magnetic-shutter-remote-r5--01a0f81f/evidence/USB4215-import-audit/toolchain/easyeda-converter/tests/convert-to-ts/l0805-inductors-detected-as-chips.test.ts:52:24)
(fail) reproduces C1046 L0805 inductor being generated as a generic chip [1128.62ms]
29 |   )
30 |   expect(convertCircuitJsonToSchematicSvg(circuitJson)).toMatchSvgSnapshot(
31 |     import.meta.path,
32 |     `${partNumber.toLowerCase()}-l0805-inductor-as-chip-schematic`,
33 |   )
34 |   expect(convertCircuitJsonToPcbSvg(circuitJson)).toMatchSvgSnapshot(
                                                       ^
error: 

Snapshot does not match. Diff saved at /Users/anassarkiz/tsci/tscircuit-store/boards/magnetic-shutter-remote-r5--01a0f81f/evidence/USB4215-import-audit/toolchain/easyeda-converter/tests/convert-to-ts/__snapshots__/c281113-l0805-inductor-as-chip-pcb.diff.png
      at <anonymous> (/Users/anassarkiz/tsci/tscircuit-store/boards/magnetic-shutter-remote-r5--01a0f81f/evidence/USB4215-import-audit/toolchain/easyeda-converter/tests/convert-to-ts/l0805-inductors-detected-as-chips.test.ts:34:51)
      at async <anonymous> (/Users/anassarkiz/tsci/tscircuit-store/boards/magnetic-shutter-remote-r5--01a0f81f/evidence/USB4215-import-audit/toolchain/easyeda-converter/tests/convert-to-ts/l0805-inductors-detected-as-chips.test.ts:114:24)
(fail) reproduces C281113 L0805 inductor being generated as a generic chip [1122.41ms]

tests/convert-to-soup-tests/C160354.test.ts:
(pass) C160354 (JST B4B-PH-SM4-TB) should generate Circuit JSON without errors [18.95ms]

tests/convert-to-soup-tests/convert-usb-c-to-soup.test.ts:
(pass) should convert a usb-c footprint (C2765186) to tscircuit soup json [23.07ms]

tests/convert-to-soup-tests/normalize-plus-minus.test.ts:
(pass) normalizes plus and minus symbols in pin names during conversion [7.91ms]
(pass) normalizes plus and minus symbols in package detail silkscreen text during conversion [3.48ms]

tests/convert-to-soup-tests/declared-slot-length.test.ts:
(pass) preserves declared 1.2 mm slot at 0 degrees [1.68ms]
(pass) preserves declared 1.2 mm slot at 90 degrees [0.74ms]
(pass) preserves declared 1.2 mm slot at 180 degrees [0.90ms]
(pass) preserves declared 1.2 mm slot at 270 degrees [1.32ms]
(pass) oval copper does not imply a slotted drill [0.76ms]

tests/convert-to-soup-tests/esp32-to-soup.test.ts:
(pass) should parse easyeda json for a 555 timer (smd) and convert to tscircuit soup [18.38ms]

tests/convert-to-soup-tests/c5184526.test.ts:
(pass) C5184526 should have two holes [15.28ms]

tests/convert-to-soup-tests/c2848306-to-soup.test.ts:
(pass) C2848306 should parse successfully with 'none' visibility enum [1.60ms]

tests/convert-to-soup-tests/bottom-layer-track.test.ts:
(pass) preserves the side of bottom-layer tracks [19.50ms]

tests/convert-to-soup-tests/c2055640-courtyard.test.ts:
(pass) C2055640 should import courtyard outlines with non-zero height and render them [19.71ms]

tests/convert-to-soup-tests/c19795120-cutout.test.ts:
(pass) C19795120 should generate a pcb_cutout [13.41ms]

tests/convert-to-soup-tests/convert-easyeda-to-tscircuit-soup.test.ts:
(pass) should parse easyeda json for a 555 timer and convert to tscircuit soup [15.16ms]

tests/convert-to-soup-tests/c57759.test.ts:
(pass) C57759 should generate Circuit Json without errors [13.81ms]
(pass) C57759 should parse PT shape correctly [1.25ms]

tests/convert-to-soup-tests/C265111.test.ts:
(pass) C265111 (JST SM08B-GHS-TB) should generate Circuit JSON without errors [16.02ms]

tests/convert-to-soup-tests/C8465.test.ts:
(pass) C8465 (JST B2B-EH-A) should generate Circuit JSON without errors [15.37ms]

tests/convert-to-soup-tests/bottom-layer-arc.test.ts:
(pass) preserves the side of bottom-layer arcs [17.43ms]

tests/convert-to-soup-tests/c46497.test.ts:
(pass) C46497 should generate Circuit Json with vias [18.86ms]

tests/convert-to-soup-tests/c165948-cad-footprint-size-repro.test.ts:
(pass) uses C165948 CAD model bounds instead of its PCB footprint size [643.78ms]

tests/convert-to-soup-tests/C131337.test.ts:
(pass) C131337 (JST B2B-PH-K-S) should generate Circuit JSON without errors [17.14ms]

tests/convert-to-soup-tests/diode-polarity-port-hints.test.ts:
(pass) preserves normalized diode polarity hints on PCB pads [1.88ms]

tests/convert-to-soup-tests/plated-hole-layers.test.ts:
(pass) through-hole pads span both outer copper layers [2.16ms]

tests/convert-to-soup-tests/c4355039-to-soup.test.ts:
(pass) should parse easyeda json for c4355039 and convert to tscircuit soup [13.00ms]

tests/convert-to-soup-tests/fallback-courtyard-model-outline.test.ts:
(pass) uses the FS3000 physical body for its fallback courtyard [1.74ms]
(pass) excludes the VCNL4040 silkscreen marker from its fallback courtyard [0.80ms]

tests/convert-to-soup-tests/C157929.test.ts:
(pass) C157929 (JST B3B-XH-A) should generate Circuit JSON without errors [13.26ms]

tests/convert-to-soup-tests/c88224.test.ts:
(pass) should parse easyeda json for a c88224 and convert to tscircuit soup [16.20ms]

tests/convert-to-soup-tests/c3178291-to-soup.test.ts:
(pass) should convert c3178291 with polygon pads [15.15ms]

tests/convert-to-soup-tests/silkscreen-text-rotation.test.ts:
19 |   const silkscreenText = circuitJson.find(
20 |     (element) => element.type === "pcb_silkscreen_text",
21 |   )
22 | 
23 |   expect(silkscreenText).toMatchObject({ ccw_rotation: 90 })
24 |   expect(convertCircuitJsonToPcbSvg(circuitJson)).toMatchSvgSnapshot(
                                                       ^
error: 

Snapshot does not match. Diff saved at /Users/anassarkiz/tsci/tscircuit-store/boards/magnetic-shutter-remote-r5--01a0f81f/evidence/USB4215-import-audit/toolchain/easyeda-converter/tests/convert-to-soup-tests/__snapshots__/silkscreen-text-rotation.diff.png
      at <anonymous> (/Users/anassarkiz/tsci/tscircuit-store/boards/magnetic-shutter-remote-r5--01a0f81f/evidence/USB4215-import-audit/toolchain/easyeda-converter/tests/convert-to-soup-tests/silkscreen-text-rotation.test.ts:24:51)
(fail) preserves rotated silkscreen text in the PCB snapshot [37.31ms]

tests/convert-to-soup-tests/duplicate-pad-numbers.test.ts:
(pass) keeps repeated EasyEDA pad numbers on one logical pin [4.80ms]

tests/convert-to-soup-tests/C158012.test.ts:
(pass) C158012 (JST B2B-XH-A) should generate Circuit JSON without errors [13.61ms]

tests/fetch-tests/c41430893.test.ts:
(pass) should fetch correct part for C41430893 [647.10ms]
18 | 
19 |   expect(convertCircuitJsonToPcbSvg(circuitJson)).toMatchSvgSnapshot(
20 |     import.meta.path,
21 |   )
22 | 
23 |   await expect(circuitJson).toMatch3dSnapshot(import.meta.path)
                                 ^
error: 

Snapshot differs by 3.52% (> 1.000%). Diff saved at /Users/anassarkiz/tsci/tscircuit-store/boards/magnetic-shutter-remote-r5--01a0f81f/evidence/USB4215-import-audit/toolchain/easyeda-converter/tests/fetch-tests/__snapshots__/c41430893-simple-3d.diff.png
      at <anonymous> (/Users/anassarkiz/tsci/tscircuit-store/boards/magnetic-shutter-remote-r5--01a0f81f/evidence/USB4215-import-audit/toolchain/easyeda-converter/tests/fetch-tests/c41430893.test.ts:23:29)
(fail) C41430893 should generate Circuit Json without errors [674.86ms]

tests/fetch-tests/c1555-0402-repro.test.ts:
(pass) rejects C1555 when EasyEDA only returns fuzzy value matches [2.15ms]
(pass) snapshots the misleading C1555 search candidate [12.97ms]

tests/fetch-tests/rate-limit-403.test.ts:
(pass) surfaces a search-request HTTP 403 as rate limiting, not a component lookup failure [0.21ms]
(pass) surfaces a component-details HTTP 403 as rate limiting [0.13ms]
(pass) keeps 'Component not found' distinct from rate limiting
(pass) includes the HTTP status in non-403 search failures

tests/fetch-tests/missing-library-component.test.ts:
(pass) reports when S4 has no EasyEDA library search result [0.66ms]
(pass) reports when EasyEDA rejects the search request

tests/fetch-tests/invalid-search-response.test.ts:
(pass) rejects null response before fetching geometry [0.41ms]
(pass) rejects missing success flag before fetching geometry
(pass) rejects string success flag before fetching geometry [0.08ms]
(pass) rejects missing results before fetching geometry
(pass) rejects missing lists before fetching geometry [0.01ms]
(pass) rejects non-array component list before fetching geometry [0.06ms]
(pass) rejects component without a UUID before fetching geometry [0.09ms]
(pass) rejects API rejection even with a nonempty result list before fetching geometry

tests/fetch-tests/exact-search-response.test.ts:
(pass) preserves exact matching through supplier parameter [0.42ms]
(pass) preserves exact matching through lcsc number
(pass) preserves exact matching through szlcsc number

tests/fetch-tests/c2040.test.ts:
(pass) should fetch correct part for C2040 [647.27ms]

tests/cli-tests/download-error-exit.test.ts:
(pass) download failure exits nonzero and writes no supplier footprint [82.45ms]

tests/parse-tests/malformed-schema-variants.test.ts:
(pass) coerces a numeric-string szlcsc id [1.06ms]
(pass) accepts an absent dataStr.head.utime value (%s) [0.66ms]
(pass) accepts an absent dataStr.head.utime value (%s) [0.45ms]
(pass) accepts an absent dataStr.head.utime value () [0.68ms]
(pass) normalizes text alignment "P" to left alignment [0.90ms]
(pass) normalizes additional payload variants from issue #464 [0.09ms]

tests/parse-tests/rk3566-import-regression.test.ts:
(pass) parses footprint-only parts with incomplete schematic metadata [0.53ms]
(pass) preserves exponent-like BGA pad identifiers and generates unique ports [0.53ms]
(pass) keeps ordinary decimal pad identifiers numeric

tests/parse-tests/single-letter-shape-schema.test.ts:
(pass) parses examples for single letter shape schema [0.27ms]
(pass) normalizes literal undefined optional text fields from EasyEDA text shapes [0.07ms]
(pass) normalizes whitespace-only text metadata from C60708 [0.07ms]
(pass) still rejects unexpected fontStyle values [0.12ms]
(pass) parses schematic drawing colors, paths, and pin stems [0.12ms]

tests/parse-tests/parse-c46497.test.ts:
(pass) should parse easyeda json for C46497 with VIA [2.43ms]

tests/parse-tests/parse-c4355039.test.ts:
(pass) should parse easyeda json for a c4355039 [1.03ms]

tests/parse-tests/parse-c124375.test.ts:
(pass) should parse easyeda json for a c124375 [0.55ms]

tests/parse-tests/pin-label-plus-minus.test.ts:
(pass) converts trailing plus and minus in pin labels
(pass) normalizes voltage pin labels with leading plus

tests/parse-tests/parse-usb-c.test.ts:
(pass) should parse easyeda json for a mounted usb c plug [2.03ms]

tests/parse-tests/parse-esp32.test.ts:
(pass) should parse easyeda json for a 555 timer [2.30ms]

tests/parse-tests/parse-c124352.test.ts:
(pass) should parse easyeda json for a C124352 [0.72ms]

tests/parse-tests/parse-555-timer-json.test.ts:
(pass) should parse easyeda json for a 555 timer [0.83ms]

tests/parse-tests/pin-label-hash.test.ts:
(pass) converts trailing # in pin labels to active-low N_ prefix

33 tests failed:
(fail) imports C5378731 supplier fabrication notes into its footprint string [1043.61ms]
(fail) preserves package RECT layer and line-width fields with correct stroke units [1118.35ms]
(fail) renders the C2941005 schematic and PCB [864.35ms]
(fail) should convert C136720 slide switch into a switch component with pin labels [2.81ms]
(fail) converts C49234237 into a pushbutton component [1213.95ms]
(fail) should convert C9900017879 into typescript file [1646.74ms]
(fail) should convert C2828420 diode with metadata-derived pin labels [1165.46ms]
(fail) renders the C19943592 pin 1 rectangular footprint pad [1180.64ms]
(fail) should convert C2998002 into typescript file [1067.23ms]
(fail) should convert C51950748 into typescript file [1108.00ms]
(fail) preserves all C165948 pin aliases in generated TSX [1404.61ms]
(fail) renders the C488251 PCB view [1359.11ms]
(fail) C2055640 should preserve courtyard outlines when round-tripping through TSX [1194.04ms]
(fail) should convert C22446580 into typescript file [3.86ms]
(fail) should convert C139797 tactile switch into a pushbutton component [2.82ms]
(fail) repro: imports C8545 with its custom schematic symbol [1550.09ms]
(fail) preserves C490691 trailing-hash active-low pin names [1226.62ms]
(fail) preserves C472489 slash-separated pin 20 label [1338.68ms]
(fail) should normalize decorated C8598 diode polarity labels [1067.79ms]
(fail) should import C2943786 into a snapshotted typescript component [2216.50ms]
(fail) renders a payload with issue #464 variants [1104.58ms]
(fail) renders the C55266 schematic and PCB [1104.55ms]
(fail) should convert C5248081 into typescript file [1280.44ms]
(fail) C2879827 preserves the board cutout in generated component TSX [1069.01ms]
(fail) should convert C2886621 into typescript file [1287.43ms]
(fail) should convert C113367 into typescript file [1323.48ms]
(fail) should convert C60708 into typescript file [1168.54ms]
(fail) should convert C472489 into typescript file [1336.57ms]
(fail) should convert C2652953 into typescript file [1213.78ms]
(fail) reproduces C1046 L0805 inductor being generated as a generic chip [1128.62ms]
(fail) reproduces C281113 L0805 inductor being generated as a generic chip [1122.41ms]
(fail) preserves rotated silkscreen text in the PCB snapshot [37.31ms]
(fail) C41430893 should generate Circuit Json without errors [674.86ms]

 278 pass
 33 fail
snapshots: 57 passed, 3 failed
 8924 expect() calls
Ran 311 tests across 167 files. [158.75s]
