bun test v1.3.9 (cf6cdbbb)

tests/convert-to-ts/C5830143-to-ts.test.ts:
(pass) should convert C5830143 into typescript file [2273.39ms]

tests/convert-to-ts/C75749-to-ts.test.ts:
(pass) should convert C75749 into typescript file [2028.40ms]

tests/convert-to-ts/C46497-to-ts.test.ts:
(pass) should convert C46497 into typescript file [1956.67ms]

tests/convert-to-ts/C14877-to-ts.test.ts:
(pass) should convert C14877 into typescript file [1924.44ms]

tests/convert-to-ts/C160354-to-ts.test.ts:
(pass) should convert C160354 into typescript file [1624.43ms]

tests/convert-to-ts/C6186-to-ts.test.ts:
(pass) should convert C6186 into typescript file [1538.27ms]

tests/convert-to-ts/C165948-to-ts.test.ts:
(pass) should convert C165948 into typescript file [1677.65ms]

tests/convert-to-ts/C19795120-to-ts.test.ts:
(pass) should convert C19795120 into typescript file [1272.55ms]

tests/convert-to-ts/C157929-to-ts.test.ts:
(pass) should convert C157929 into typescript file [1389.83ms]

tests/convert-to-ts/C265111-to-ts.test.ts:
(pass) should convert C265111 into typescript file [1358.22ms]

tests/convert-to-ts/C309274-to-ts.test.ts:
(pass) should convert C309274 into typescript file [1779.53ms]

tests/convert-to-ts/C410353-to-ts.test.ts:
(pass) should convert C410353 into typescript file [1527.17ms]

tests/convert-to-ts/C105419-to-ts.test.ts:
(pass) should convert C105419 into typescript file [1391.32ms]

tests/convert-to-ts/C131337-to-ts.test.ts:
(pass) should convert C131337 into typescript file [1462.01ms]

tests/convert-to-ts/C2913206-to-ts.test.ts:
(pass) should convert C2913206 into typescript file [1213.06ms]

tests/convert-to-ts/C22446580-to-ts.test.ts:
(pass) should convert C22446580 into typescript file [1375.97ms]

tests/convert-to-ts/C281113-to-ts.test.ts:
(pass) should convert C281113 into typescript file [1278.59ms]

tests/convert-to-ts/C128415-to-ts.test.ts:
(pass) should convert C128415 into typescript file [1407.77ms]

tests/convert-to-ts/C3178291-to-ts.test.ts:
(pass) should convert C3178291 into typescript file [1361.22ms]

tests/convert-to-ts/C157947-to-ts.test.ts:
(pass) should convert C157947 into typescript file [1424.91ms]

tests/convert-to-ts/C2961147-to-ts.test.ts:
(pass) should convert C2961147 into typescript file [1320.16ms]

tests/convert-to-ts/C8465-to-ts.test.ts:
(pass) should convert C8465 into typescript file [1305.25ms]

tests/convert-to-ts/C158012-to-ts.test.ts:
(pass) should convert C158012 into typescript file [1398.08ms]

tests/convert-to-ts/C490691-to-ts.test.ts:
(pass) should convert C490691 into typescript file [1642.01ms]

tests/convert-to-ts/C393941-to-ts.test.ts:
(pass) should convert C393941 into typescript file [1494.56ms]

tests/convert-to-ts/C88224-to-ts.test.ts:
(pass) should convert C88224 into typescript file [1548.87ms]

tests/convert-to-ts/C19076967-to-ts.test.ts:
(pass) should convert C19076967 into typescript file [1306.86ms]

tests/convert-to-ts/C46749-to-ts.test.ts:
(pass) should convert C46749 into typescript file [1462.82ms]

tests/convert-to-ts/C1046-to-ts.test.ts:
(pass) should convert C1046 into typescript file [1442.45ms]

tests/convert-to-ts/C23689428-to-ts.test.ts:
(pass) should convert C23689428 into typescript file [1435.07ms]

tests/convert-to-ts/C561765-to-ts.test.ts:
(pass) should convert C561765 into typescript file [1427.93ms]

tests/convert-to-ts/C2040-to-ts.test.ts:
(pass) should convert C2040 into typescript file [1998.50ms]

tests/convert-to-ts/C18185602-to-ts.test.ts:
(pass) should convert C18185602 into typescript file [1349.13ms]

tests/convert-to-ts/C2838502-to-ts.test.ts:
(pass) should convert C2838502 into typescript file [1603.71ms]

tests/convert-to-ts/C2848306-to-ts.test.ts:
(pass) should convert C2848306 into typescript file [1412.42ms]

tests/convert-to-ts/C2979182-to-ts.test.ts:
(pass) should convert C2979182 / MY-18650-02 into typescript file [1457.02ms]

 36 pass
 0 fail
 36 snapshots, 162 expect() calls
Ran 36 tests across 36 files. [55.52s]
