bun test v1.3.9 (cf6cdbbb)

tests/convert-to-ts/C20526-to-ts.test.ts:
(pass) repro: converts C20526 with a schematic snapshot [940.92ms]

tests/convert-to-ts/C1525-to-ts.test.ts:
(pass) normalizes the U+00B5 micro symbol [743.47ms]
(pass) normalizes the U+03BC micro symbol [277.11ms]
46 |   expect(result).not.toContain("<schematicpath")
47 |   expect(result).not.toContain("<port ")
48 |   expect(result).toContain('manufacturerPartNumber="CL05B104KO5NNNC"')
49 |   expect(result).toContain('"C1525"')
50 |   expect(result.match(/<smtpad /g)).toHaveLength(2)
51 |   expect(result).toContain(
                      ^
error: expect(received).toContain(expected)

Expected to contain: "<smtpad portHints={[\"pin1\"]} pcbX=\"-0.420116mm\" pcbY=\"0mm\" width=\"0.499999mm\" height=\"0.540004mm\" shape=\"rect\" />"
Received: "import type { CapacitorProps } from \"@tscircuit/props\"\n\nexport const CL05B104KO5NNNC = (props: Omit<CapacitorProps, \"capacitance\">) => {\n  const { name = \"C1\", ...restProps } = props\n\n  return (\n    <capacitor\n      name={name}\n      capacitance=\"100nF\"\n      supplierPartNumbers={{\n  \"jlcpcb\": [\n    \"C1525\"\n  ]\n}}\n      manufacturerPartNumber=\"CL05B104KO5NNNC\"\n      footprint={<footprint>\n        <smtpad portHints={[\"pin2\"]} pcbX=\"0.420116mm\" pcbY=\"0mm\" width=\"0.499999mm\" height=\"0.540004mm\" shape=\"rect\" solderPasteMargin=\"0mm\" solderMaskMargin=\"0.0508mm\" />\n<smtpad portHints={[\"pin1\"]} pcbX=\"-0.420116mm\" pcbY=\"0mm\" width=\"0.499999mm\" height=\"0.540004mm\" shape=\"rect\" solderPasteMargin=\"0mm\" solderMaskMargin=\"0.0508mm\" />\n<silkscreenpath route={[{\"x\":-0.721385400000031,\"y\":0.49753519999990203},{\"x\":-0.22138640000002852,\"y\":0.49753519999990203}]} />\n<silkscreenpath route={[{\"x\":-0.8738108000000011,\"y\":-0.34724340000002485},{\"x\":-0.8738108000000011,\"y\":0.3451606000000993}]} />\n<silkscreenpath route={[{\"x\":-0.22138640000002852,\"y\":-0.4996433999999681},{\"x\":-0.721385400000031,\"y\":-0.4996433999999681}]} />\n<silkscreenpath route={[{\"x\":0.7213853999999174,\"y\":-0.4975097999999889},{\"x\":0.22138639999991483,\"y\":-0.4975097999999889}]} />\n<silkscreenpath route={[{\"x\":0.22138639999991483,\"y\":0.49961800000005496},{\"x\":0.7213853999999174,\"y\":0.49961800000005496}]} />\n<silkscreenpath route={[{\"x\":0.8738108000000011,\"y\":0.34726880000005167},{\"x\":0.8738108000000011,\"y\":-0.3451606000000993}]} />\n<silkscreenpath route={[{\"x\":0.7213853999999174,\"y\":0.4996433999998544},{\"x\":0.829148473452733,\"y\":0.4550064734527268},{\"x\":0.8737853999998606,\"y\":0.34724340000002485}]} />\n<silkscreenpath route={[{\"x\":0.8737853999998606,\"y\":-0.3451606000000993},{\"x\":0.829148473452733,\"y\":-0.4529236734526876},{\"x\":0.7213853999999174,\"y\":-0.49756059999992885}]} />\n<silkscreenpath route={[{\"x\":-0.721385400000031,\"y\":-0.4996433999997407},{\"x\":-0.829148473452733,\"y\":-0.45500647345261314},{\"x\":-0.8737853999999743,\"y\":-0.34724340000002485}]} />\n<silkscreenpath route={[{\"x\":-0.8737853999999743,\"y\":0.3451606000000993},{\"x\":-0.829148473452733,\"y\":0.45292367345280127},{\"x\":-0.721385400000031,\"y\":0.49756060000004254}]} />\n<silkscreentext text=\"{NAME}\" pcbX=\"0.0127mm\" pcbY=\"1.508mm\" anchorAlignment=\"center\" fontSize=\"1mm\" />\n<courtyardoutline outline={[{\"x\":-0.9201154999999517,\"y\":0.5200019999999768},{\"x\":0.9201154999999517,\"y\":0.5200019999999768},{\"x\":0.9201154999999517,\"y\":-0.5200019999999768},{\"x\":-0.9201154999999517,\"y\":-0.5200019999999768},{\"x\":-0.9201154999999517,\"y\":0.5200019999999768}]} />\n      </footprint>}\n      cadModel={{\n        objUrl: \"https://modelcdn.tscircuit.com/easyeda_models/assets/C1525.obj?uuid=32fe2cf9314f444ca2785a33c2db7189\",\n        stepUrl: \"https://modelcdn.tscircuit.com/easyeda_models/assets/C1525.step?uuid=32fe2cf9314f444ca2785a33c2db7189\",\n        pcbRotationOffset: 0,\n        modelOriginPosition: { x: 0, y: -0.000012700000070253736, z: -0.25 },\n      }}\n      {...restProps}\n    />\n  )\n}"

      at <anonymous> (/Users/anassarkiz/tsci/tscircuit-store/boards/magnetic-shutter-remote-r5--01a0f81f/evidence/USB4215-import-audit/toolchain/easyeda-converter/tests/convert-to-ts/C1525-to-ts.test.ts:51:18)
(fail) converts C1525 to a capacitor with its exact footprint [40.89ms]
(pass) uses the native schematic symbol for an imported C1525 capacitor [666.67ms]
(pass) preserves imported capacitor polarity with the native symbol [57.09ms]

tests/convert-to-ts/smd-resistors-to-ts.test.ts:
106 |     expect(result).toContain(`"${resistorCase.partNumber}"`)
107 |     expect(result).toContain(`objUrl: "${expectedObjUrl}"`)
108 |     expect(result).toContain(`stepUrl: "${expectedStepUrl}"`)
109 |     expect(result.match(/<footprint>/g)).toHaveLength(1)
110 |     expect(result.match(/<smtpad /g)).toHaveLength(2)
111 |     expect(result).toContain(
                         ^
error: expect(received).toContain(expected)

Expected to contain: "<smtpad portHints={[\"pin1\"]} pcbX=\"-0.432816mm\" pcbY=\"0mm\" width=\"0.565658mm\" height=\"0.540004mm\" shape=\"rect\" />"
Received: "import type { ResistorProps } from \"@tscircuit/props\"\n\nexport const A_0402WGF0000TCE = (props: Omit<ResistorProps, \"resistance\">) => {\n  const { name = \"R1\", ...restProps } = props\n\n  return (\n    <resistor\n      name={name}\n      resistance=\"0ohm\"\n      supplierPartNumbers={{\n  \"jlcpcb\": [\n    \"C17168\"\n  ]\n}}\n      manufacturerPartNumber=\"0402WGF0000TCE\"\n      footprint={<footprint>\n        <smtpad portHints={[\"pin2\"]} pcbX=\"0.432816mm\" pcbY=\"0mm\" width=\"0.565658mm\" height=\"0.540004mm\" shape=\"rect\" solderPasteMargin=\"-100.0000032mm\" solderMaskMargin=\"0.0508mm\" />\n<smtpad portHints={[\"pin1\"]} pcbX=\"-0.432816mm\" pcbY=\"0mm\" width=\"0.565658mm\" height=\"0.540004mm\" shape=\"rect\" solderPasteMargin=\"-100.0000032mm\" solderMaskMargin=\"0.0508mm\" />\n<solderpaste shape=\"polygon\" points={[{\"x\":0.13500099999998838,\"y\":-0.22999699999991208},{\"x\":0.13500099999998838,\"y\":0.22999699999991208},{\"x\":0.1750059999998257,\"y\":0.27000199999997676},{\"x\":0.6756399999999303,\"y\":0.27000199999997676},{\"x\":0.715644999999995,\"y\":0.22999699999991208},{\"x\":0.715644999999995,\"y\":-0.22999699999991208},{\"x\":0.6756399999999303,\"y\":-0.27000200000009045},{\"x\":0.1750059999998257,\"y\":-0.27000200000009045}]} />\n<solderpaste shape=\"polygon\" points={[{\"x\":-0.13500100000010207,\"y\":-0.22999699999991208},{\"x\":-0.13500100000010207,\"y\":0.22999699999991208},{\"x\":-0.17500599999993938,\"y\":0.27000199999997676},{\"x\":-0.6756399999999303,\"y\":0.27000199999997676},{\"x\":-0.7156450000001087,\"y\":0.22999699999991208},{\"x\":-0.7156450000001087,\"y\":-0.22999699999991208},{\"x\":-0.6756399999999303,\"y\":-0.27000200000009045},{\"x\":-0.17500599999993938,\"y\":-0.27000200000009045}]} />\n<silkscreenpath route={[{\"x\":-0.22621240000012222,\"y\":-0.4986020000000053},{\"x\":-0.9442450000001372,\"y\":-0.4986020000000053},{\"x\":-0.9442450000001372,\"y\":0.498602000000119},{\"x\":-0.22621240000012222,\"y\":0.498602000000119}]} />\n<silkscreenpath route={[{\"x\":0.22621240000000853,\"y\":-0.4986020000000053},{\"x\":0.9442449999999099,\"y\":-0.4986020000000053},{\"x\":0.9442449999999099,\"y\":0.498602000000119},{\"x\":0.22621240000000853,\"y\":0.498602000000119}]} />\n<silkscreentext text=\"{NAME}\" pcbX=\"0mm\" pcbY=\"1.508mm\" anchorAlignment=\"center\" fontSize=\"1mm\" />\n<courtyardoutline outline={[{\"x\":-0.9656450000001087,\"y\":0.5200019999999768},{\"x\":0.965644999999995,\"y\":0.5200019999999768},{\"x\":0.965644999999995,\"y\":-0.5200019999999768},{\"x\":-0.9656450000001087,\"y\":-0.5200019999999768},{\"x\":-0.9656450000001087,\"y\":0.5200019999999768}]} />\n      </footprint>}\n      cadModel={{\n        objUrl: \"https://modelcdn.tscircuit.com/easyeda_models/assets/C17168.obj?uuid=026a4a15ab5c4a92ac0e421d6d013717\",\n        stepUrl: \"https://modelcdn.tscircuit.com/easyeda_models/assets/C17168.step?uuid=026a4a15ab5c4a92ac0e421d6d013717\",\n        pcbRotationOffset: 0,\n        modelOriginPosition: { x: 0, y: -0.000012700000070253736, z: 0 },\n      }}\n      {...restProps}\n    />\n  )\n}"

      at <anonymous> (/Users/anassarkiz/tsci/tscircuit-store/boards/magnetic-shutter-remote-r5--01a0f81f/evidence/USB4215-import-audit/toolchain/easyeda-converter/tests/convert-to-ts/smd-resistors-to-ts.test.ts:111:20)
(fail) converts C17168 R0402 to a resistor [17.00ms]
106 |     expect(result).toContain(`"${resistorCase.partNumber}"`)
107 |     expect(result).toContain(`objUrl: "${expectedObjUrl}"`)
108 |     expect(result).toContain(`stepUrl: "${expectedStepUrl}"`)
109 |     expect(result.match(/<footprint>/g)).toHaveLength(1)
110 |     expect(result.match(/<smtpad /g)).toHaveLength(2)
111 |     expect(result).toContain(
                         ^
error: expect(received).toContain(expected)

Expected to contain: "<smtpad portHints={[\"pin1\"]} pcbX=\"-0.432816mm\" pcbY=\"0mm\" width=\"0.565658mm\" height=\"0.540004mm\" shape=\"rect\" />"
Received: "import type { ResistorProps } from \"@tscircuit/props\"\n\nexport const A_0402WGF1001TCE = (props: Omit<ResistorProps, \"resistance\">) => {\n  const { name = \"R1\", ...restProps } = props\n\n  return (\n    <resistor\n      name={name}\n      resistance=\"1kohm\"\n      supplierPartNumbers={{\n  \"jlcpcb\": [\n    \"C11702\"\n  ]\n}}\n      manufacturerPartNumber=\"0402WGF1001TCE\"\n      footprint={<footprint>\n        <smtpad portHints={[\"pin2\"]} pcbX=\"0.432816mm\" pcbY=\"0mm\" width=\"0.565658mm\" height=\"0.540004mm\" shape=\"rect\" solderPasteMargin=\"-100.0000032mm\" solderMaskMargin=\"0.0508mm\" />\n<smtpad portHints={[\"pin1\"]} pcbX=\"-0.432816mm\" pcbY=\"0mm\" width=\"0.565658mm\" height=\"0.540004mm\" shape=\"rect\" solderPasteMargin=\"-100.0000032mm\" solderMaskMargin=\"0.0508mm\" />\n<solderpaste shape=\"polygon\" points={[{\"x\":0.13500099999998838,\"y\":-0.22999699999991208},{\"x\":0.13500099999998838,\"y\":0.22999699999991208},{\"x\":0.1750059999998257,\"y\":0.27000199999997676},{\"x\":0.6756399999999303,\"y\":0.27000199999997676},{\"x\":0.715644999999995,\"y\":0.22999699999991208},{\"x\":0.715644999999995,\"y\":-0.22999699999991208},{\"x\":0.6756399999999303,\"y\":-0.27000200000009045},{\"x\":0.1750059999998257,\"y\":-0.27000200000009045}]} />\n<solderpaste shape=\"polygon\" points={[{\"x\":-0.13500100000010207,\"y\":-0.22999699999991208},{\"x\":-0.13500100000010207,\"y\":0.22999699999991208},{\"x\":-0.17500599999993938,\"y\":0.27000199999997676},{\"x\":-0.6756399999999303,\"y\":0.27000199999997676},{\"x\":-0.7156450000001087,\"y\":0.22999699999991208},{\"x\":-0.7156450000001087,\"y\":-0.22999699999991208},{\"x\":-0.6756399999999303,\"y\":-0.27000200000009045},{\"x\":-0.17500599999993938,\"y\":-0.27000200000009045}]} />\n<silkscreenpath route={[{\"x\":-0.22621240000012222,\"y\":-0.4986020000000053},{\"x\":-0.9442450000001372,\"y\":-0.4986020000000053},{\"x\":-0.9442450000001372,\"y\":0.498602000000119},{\"x\":-0.22621240000012222,\"y\":0.498602000000119}]} />\n<silkscreenpath route={[{\"x\":0.22621240000000853,\"y\":-0.4986020000000053},{\"x\":0.9442449999999099,\"y\":-0.4986020000000053},{\"x\":0.9442449999999099,\"y\":0.498602000000119},{\"x\":0.22621240000000853,\"y\":0.498602000000119}]} />\n<silkscreentext text=\"{NAME}\" pcbX=\"0mm\" pcbY=\"1.508mm\" anchorAlignment=\"center\" fontSize=\"1mm\" />\n<courtyardoutline outline={[{\"x\":-0.9656450000001087,\"y\":0.5200019999999768},{\"x\":0.965644999999995,\"y\":0.5200019999999768},{\"x\":0.965644999999995,\"y\":-0.5200019999999768},{\"x\":-0.9656450000001087,\"y\":-0.5200019999999768},{\"x\":-0.9656450000001087,\"y\":0.5200019999999768}]} />\n      </footprint>}\n      cadModel={{\n        objUrl: \"https://modelcdn.tscircuit.com/easyeda_models/assets/C11702.obj?uuid=026a4a15ab5c4a92ac0e421d6d013717\",\n        stepUrl: \"https://modelcdn.tscircuit.com/easyeda_models/assets/C11702.step?uuid=026a4a15ab5c4a92ac0e421d6d013717\",\n        pcbRotationOffset: 0,\n        modelOriginPosition: { x: 0, y: -0.000012700000070253736, z: 0 },\n      }}\n      {...restProps}\n    />\n  )\n}"

      at <anonymous> (/Users/anassarkiz/tsci/tscircuit-store/boards/magnetic-shutter-remote-r5--01a0f81f/evidence/USB4215-import-audit/toolchain/easyeda-converter/tests/convert-to-ts/smd-resistors-to-ts.test.ts:111:20)
(fail) converts C11702 R0402 to a resistor [9.49ms]
106 |     expect(result).toContain(`"${resistorCase.partNumber}"`)
107 |     expect(result).toContain(`objUrl: "${expectedObjUrl}"`)
108 |     expect(result).toContain(`stepUrl: "${expectedStepUrl}"`)
109 |     expect(result.match(/<footprint>/g)).toHaveLength(1)
110 |     expect(result.match(/<smtpad /g)).toHaveLength(2)
111 |     expect(result).toContain(
                         ^
error: expect(received).toContain(expected)

Expected to contain: "<smtpad portHints={[\"pin1\"]} pcbX=\"-0.432816mm\" pcbY=\"0mm\" width=\"0.565658mm\" height=\"0.540004mm\" shape=\"rect\" />"
Received: "import type { ResistorProps } from \"@tscircuit/props\"\n\nexport const A_0402WGF1002TCE = (props: Omit<ResistorProps, \"resistance\">) => {\n  const { name = \"R1\", ...restProps } = props\n\n  return (\n    <resistor\n      name={name}\n      resistance=\"10kohm\"\n      supplierPartNumbers={{\n  \"jlcpcb\": [\n    \"C25744\"\n  ]\n}}\n      manufacturerPartNumber=\"0402WGF1002TCE\"\n      footprint={<footprint>\n        <smtpad portHints={[\"pin2\"]} pcbX=\"0.432816mm\" pcbY=\"0mm\" width=\"0.565658mm\" height=\"0.540004mm\" shape=\"rect\" solderPasteMargin=\"-100.0000032mm\" solderMaskMargin=\"0.0508mm\" />\n<smtpad portHints={[\"pin1\"]} pcbX=\"-0.432816mm\" pcbY=\"0mm\" width=\"0.565658mm\" height=\"0.540004mm\" shape=\"rect\" solderPasteMargin=\"-100.0000032mm\" solderMaskMargin=\"0.0508mm\" />\n<solderpaste shape=\"polygon\" points={[{\"x\":0.13500099999998838,\"y\":-0.22999699999991208},{\"x\":0.13500099999998838,\"y\":0.22999699999991208},{\"x\":0.1750059999998257,\"y\":0.27000199999997676},{\"x\":0.6756399999999303,\"y\":0.27000199999997676},{\"x\":0.715644999999995,\"y\":0.22999699999991208},{\"x\":0.715644999999995,\"y\":-0.22999699999991208},{\"x\":0.6756399999999303,\"y\":-0.27000200000009045},{\"x\":0.1750059999998257,\"y\":-0.27000200000009045}]} />\n<solderpaste shape=\"polygon\" points={[{\"x\":-0.13500100000010207,\"y\":-0.22999699999991208},{\"x\":-0.13500100000010207,\"y\":0.22999699999991208},{\"x\":-0.17500599999993938,\"y\":0.27000199999997676},{\"x\":-0.6756399999999303,\"y\":0.27000199999997676},{\"x\":-0.7156450000001087,\"y\":0.22999699999991208},{\"x\":-0.7156450000001087,\"y\":-0.22999699999991208},{\"x\":-0.6756399999999303,\"y\":-0.27000200000009045},{\"x\":-0.17500599999993938,\"y\":-0.27000200000009045}]} />\n<silkscreenpath route={[{\"x\":-0.22621240000012222,\"y\":-0.4986020000000053},{\"x\":-0.9442450000001372,\"y\":-0.4986020000000053},{\"x\":-0.9442450000001372,\"y\":0.498602000000119},{\"x\":-0.22621240000012222,\"y\":0.498602000000119}]} />\n<silkscreenpath route={[{\"x\":0.22621240000000853,\"y\":-0.4986020000000053},{\"x\":0.9442449999999099,\"y\":-0.4986020000000053},{\"x\":0.9442449999999099,\"y\":0.498602000000119},{\"x\":0.22621240000000853,\"y\":0.498602000000119}]} />\n<silkscreentext text=\"{NAME}\" pcbX=\"0mm\" pcbY=\"1.508mm\" anchorAlignment=\"center\" fontSize=\"1mm\" />\n<courtyardoutline outline={[{\"x\":-0.9656450000001087,\"y\":0.5200019999999768},{\"x\":0.965644999999995,\"y\":0.5200019999999768},{\"x\":0.965644999999995,\"y\":-0.5200019999999768},{\"x\":-0.9656450000001087,\"y\":-0.5200019999999768},{\"x\":-0.9656450000001087,\"y\":0.5200019999999768}]} />\n      </footprint>}\n      cadModel={{\n        objUrl: \"https://modelcdn.tscircuit.com/easyeda_models/assets/C25744.obj?uuid=026a4a15ab5c4a92ac0e421d6d013717\",\n        stepUrl: \"https://modelcdn.tscircuit.com/easyeda_models/assets/C25744.step?uuid=026a4a15ab5c4a92ac0e421d6d013717\",\n        pcbRotationOffset: 0,\n        modelOriginPosition: { x: 0, y: -0.000012700000070253736, z: 0 },\n      }}\n      {...restProps}\n    />\n  )\n}"

      at <anonymous> (/Users/anassarkiz/tsci/tscircuit-store/boards/magnetic-shutter-remote-r5--01a0f81f/evidence/USB4215-import-audit/toolchain/easyeda-converter/tests/convert-to-ts/smd-resistors-to-ts.test.ts:111:20)
(fail) converts C25744 R0402 to a resistor [9.48ms]
106 |     expect(result).toContain(`"${resistorCase.partNumber}"`)
107 |     expect(result).toContain(`objUrl: "${expectedObjUrl}"`)
108 |     expect(result).toContain(`stepUrl: "${expectedStepUrl}"`)
109 |     expect(result.match(/<footprint>/g)).toHaveLength(1)
110 |     expect(result.match(/<smtpad /g)).toHaveLength(2)
111 |     expect(result).toContain(
                         ^
error: expect(received).toContain(expected)

Expected to contain: "<smtpad portHints={[\"pin1\"]} pcbX=\"-0.432816mm\" pcbY=\"0mm\" width=\"0.565658mm\" height=\"0.540004mm\" shape=\"rect\" />"
Received: "import type { ResistorProps } from \"@tscircuit/props\"\n\nexport const FRC0402F22R0TS = (props: Omit<ResistorProps, \"resistance\">) => {\n  const { name = \"R1\", ...restProps } = props\n\n  return (\n    <resistor\n      name={name}\n      resistance=\"22ohm\"\n      supplierPartNumbers={{\n  \"jlcpcb\": [\n    \"C2929994\"\n  ]\n}}\n      manufacturerPartNumber=\"FRC0402F22R0TS\"\n      footprint={<footprint>\n        <smtpad portHints={[\"pin2\"]} pcbX=\"0.432816mm\" pcbY=\"0mm\" width=\"0.565658mm\" height=\"0.540004mm\" shape=\"rect\" solderPasteMargin=\"-100.0000032mm\" solderMaskMargin=\"0.0508mm\" />\n<smtpad portHints={[\"pin1\"]} pcbX=\"-0.432816mm\" pcbY=\"0mm\" width=\"0.565658mm\" height=\"0.540004mm\" shape=\"rect\" solderPasteMargin=\"-100.0000032mm\" solderMaskMargin=\"0.0508mm\" />\n<solderpaste shape=\"polygon\" points={[{\"x\":0.13500099999998838,\"y\":-0.22999699999991208},{\"x\":0.13500099999998838,\"y\":0.22999699999991208},{\"x\":0.1750059999998257,\"y\":0.27000199999997676},{\"x\":0.6756399999999303,\"y\":0.27000199999997676},{\"x\":0.715644999999995,\"y\":0.22999699999991208},{\"x\":0.715644999999995,\"y\":-0.22999699999991208},{\"x\":0.6756399999999303,\"y\":-0.27000200000009045},{\"x\":0.1750059999998257,\"y\":-0.27000200000009045}]} />\n<solderpaste shape=\"polygon\" points={[{\"x\":-0.13500100000010207,\"y\":-0.22999699999991208},{\"x\":-0.13500100000010207,\"y\":0.22999699999991208},{\"x\":-0.17500599999993938,\"y\":0.27000199999997676},{\"x\":-0.6756399999999303,\"y\":0.27000199999997676},{\"x\":-0.7156450000001087,\"y\":0.22999699999991208},{\"x\":-0.7156450000001087,\"y\":-0.22999699999991208},{\"x\":-0.6756399999999303,\"y\":-0.27000200000009045},{\"x\":-0.17500599999993938,\"y\":-0.27000200000009045}]} />\n<silkscreenpath route={[{\"x\":-0.22621240000012222,\"y\":-0.4986020000000053},{\"x\":-0.9442450000001372,\"y\":-0.4986020000000053},{\"x\":-0.9442450000001372,\"y\":0.498602000000119},{\"x\":-0.22621240000012222,\"y\":0.498602000000119}]} />\n<silkscreenpath route={[{\"x\":0.22621240000000853,\"y\":-0.4986020000000053},{\"x\":0.9442449999999099,\"y\":-0.4986020000000053},{\"x\":0.9442449999999099,\"y\":0.498602000000119},{\"x\":0.22621240000000853,\"y\":0.498602000000119}]} />\n<silkscreentext text=\"{NAME}\" pcbX=\"0mm\" pcbY=\"1.508mm\" anchorAlignment=\"center\" fontSize=\"1mm\" />\n<courtyardoutline outline={[{\"x\":-0.9656450000001087,\"y\":0.5200019999999768},{\"x\":0.965644999999995,\"y\":0.5200019999999768},{\"x\":0.965644999999995,\"y\":-0.5200019999999768},{\"x\":-0.9656450000001087,\"y\":-0.5200019999999768},{\"x\":-0.9656450000001087,\"y\":0.5200019999999768}]} />\n      </footprint>}\n      cadModel={{\n        objUrl: \"https://modelcdn.tscircuit.com/easyeda_models/assets/C2929994.obj?uuid=026a4a15ab5c4a92ac0e421d6d013717\",\n        stepUrl: \"https://modelcdn.tscircuit.com/easyeda_models/assets/C2929994.step?uuid=026a4a15ab5c4a92ac0e421d6d013717\",\n        pcbRotationOffset: 0,\n        modelOriginPosition: { x: 0, y: -0.000012700000070253736, z: 0 },\n      }}\n      {...restProps}\n    />\n  )\n}"

      at <anonymous> (/Users/anassarkiz/tsci/tscircuit-store/boards/magnetic-shutter-remote-r5--01a0f81f/evidence/USB4215-import-audit/toolchain/easyeda-converter/tests/convert-to-ts/smd-resistors-to-ts.test.ts:111:20)
(fail) converts C2929994 R0402 to a resistor [7.21ms]
106 |     expect(result).toContain(`"${resistorCase.partNumber}"`)
107 |     expect(result).toContain(`objUrl: "${expectedObjUrl}"`)
108 |     expect(result).toContain(`stepUrl: "${expectedStepUrl}"`)
109 |     expect(result.match(/<footprint>/g)).toHaveLength(1)
110 |     expect(result.match(/<smtpad /g)).toHaveLength(2)
111 |     expect(result).toContain(
                         ^
error: expect(received).toContain(expected)

Expected to contain: "<smtpad portHints={[\"pin1\"]} pcbX=\"-0.753364mm\" pcbY=\"0mm\" width=\"0.8064754mm\" height=\"0.8640064mm\" shape=\"rect\" />"
Received: "import type { ResistorProps } from \"@tscircuit/props\"\n\nexport const RC0603FR_0722RL = (props: Omit<ResistorProps, \"resistance\">) => {\n  const { name = \"R1\", ...restProps } = props\n\n  return (\n    <resistor\n      name={name}\n      resistance=\"22ohm\"\n      supplierPartNumbers={{\n  \"jlcpcb\": [\n    \"C107701\"\n  ]\n}}\n      manufacturerPartNumber=\"RC0603FR-0722RL\"\n      footprint={<footprint>\n        <smtpad portHints={[\"pin2\"]} pcbX=\"0.753364mm\" pcbY=\"0mm\" width=\"0.8064754mm\" height=\"0.8640064mm\" shape=\"rect\" solderPasteMargin=\"-100.0000032mm\" solderMaskMargin=\"0.0508mm\" />\n<smtpad portHints={[\"pin1\"]} pcbX=\"-0.753364mm\" pcbY=\"0mm\" width=\"0.8064754mm\" height=\"0.8640064mm\" shape=\"rect\" solderPasteMargin=\"-100.0000032mm\" solderMaskMargin=\"0.0508mm\" />\n<solderpaste shape=\"polygon\" points={[{\"x\":1.1950191999999333,\"y\":0.4499863999999434},{\"x\":0.3950207999998838,\"y\":0.4499863999999434},{\"x\":0.34500819999993837,\"y\":0.39997379999999794},{\"x\":0.34500819999993837,\"y\":0.17200879999995777},{\"x\":0.7150099999998929,\"y\":0.17200879999995777},{\"x\":0.7150099999998929,\"y\":-0.15798799999993207},{\"x\":0.34500819999993837,\"y\":-0.15798799999993207},{\"x\":0.34500819999993837,\"y\":-0.4000246000000516},{\"x\":0.3950207999998838,\"y\":-0.4500117999998565},{\"x\":1.1950191999999333,\"y\":-0.4500117999998565},{\"x\":1.2450063999999657,\"y\":-0.4000246000000516},{\"x\":1.2450063999999657,\"y\":0.39997379999999794}]} />\n<solderpaste shape=\"polygon\" points={[{\"x\":-1.1950192000001607,\"y\":-0.4499863999999434},{\"x\":-0.3950207999999975,\"y\":-0.4499863999999434},{\"x\":-0.34500819999993837,\"y\":-0.39997379999999794},{\"x\":-0.34500819999993837,\"y\":-0.17200879999995777},{\"x\":-0.7150100000000066,\"y\":-0.17200879999995777},{\"x\":-0.7150100000000066,\"y\":0.15798799999993207},{\"x\":-0.34500819999993837,\"y\":0.15798799999993207},{\"x\":-0.34500819999993837,\"y\":0.4000246000000516},{\"x\":-0.3950207999999975,\"y\":0.4500117999999702},{\"x\":-1.1950192000001607,\"y\":0.4500117999999702},{\"x\":-1.245006400000193,\"y\":0.4000246000000516},{\"x\":-1.245006400000193,\"y\":-0.39997379999999794}]} />\n<silkscreenpath route={[{\"x\":0.42621199999996406,\"y\":-0.6606031999999686},{\"x\":1.3850873999999749,\"y\":-0.6606031999999686},{\"x\":1.3850873999999749,\"y\":0.6606031999999686},{\"x\":0.42621199999996406,\"y\":0.6606031999999686}]} />\n<silkscreenpath route={[{\"x\":-0.42621200000007775,\"y\":-0.6606031999999686},{\"x\":-1.3850874000000886,\"y\":-0.6606031999999686},{\"x\":-1.3850874000000886,\"y\":0.6606031999999686},{\"x\":-0.42621200000007775,\"y\":0.6606031999999686}]} />\n<silkscreentext text=\"{NAME}\" pcbX=\"-0.0127mm\" pcbY=\"1.6604mm\" anchorAlignment=\"center\" fontSize=\"1mm\" />\n<courtyardoutline outline={[{\"x\":-1.4066016999998965,\"y\":0.6820032000000538},{\"x\":1.4066016999997828,\"y\":0.6820032000000538},{\"x\":1.4066016999997828,\"y\":-0.6820032000000538},{\"x\":-1.4066016999998965,\"y\":-0.6820032000000538},{\"x\":-1.4066016999998965,\"y\":0.6820032000000538}]} />\n      </footprint>}\n      cadModel={{\n        objUrl: \"https://modelcdn.tscircuit.com/easyeda_models/assets/C107701.obj?uuid=6bd5cd867e9542ebae21caaf5d2d4c4d\",\n        stepUrl: \"https://modelcdn.tscircuit.com/easyeda_models/assets/C107701.step?uuid=6bd5cd867e9542ebae21caaf5d2d4c4d\",\n        pcbRotationOffset: 90,\n        modelOriginPosition: { x: -0.004999999999999977, y: 0, z: -0.01 },\n      }}\n      {...restProps}\n    />\n  )\n}"

      at <anonymous> (/Users/anassarkiz/tsci/tscircuit-store/boards/magnetic-shutter-remote-r5--01a0f81f/evidence/USB4215-import-audit/toolchain/easyeda-converter/tests/convert-to-ts/smd-resistors-to-ts.test.ts:111:20)
(fail) converts C107701 R0603 to a resistor [24.38ms]
(pass) uses the native schematic symbol for an imported C107701 resistor [265.13ms]

tests/convert-to-ts/C1046-to-ts-with-stepModel.test.ts:
(pass) should include both obj and step cad model urls [189.03ms]

tests/convert-to-ts/C57759-to-led.test.ts:
(pass) should convert led category components to led elements [59.14ms]

tests/convert-to-ts/C12084-to-ts.test.ts:
(pass) should convert C12084 into typescript file [70.65ms]

tests/convert-to-ts/C15464-to-ts.test.ts:
(pass) normalizes C15464 active-low pin aliases [324.23ms]

tests/convert-to-ts/C3273487-to-ts.test.ts:
(pass) converts C3273487 coupled inductor without losing terminals [2101.26ms]

tests/convert-to-ts/C57759-to-ts.test.ts:
(pass) should convert diode category components to diode elements [108.47ms]

tests/convert-to-ts/C7203002-to-ts.test.ts:
(pass) should convert C7203002 into typescript file [808.16ms]

tests/convert-to-ts/c2848306-hidden-pin-visibility.test.ts:
(pass) preserves C2848306 EasyEDA-hidden EP pin visibility [291.91ms]

 14 pass
 6 fail
 10 snapshots, 191 expect() calls
Ran 20 tests across 11 files. [9.90s]
