Frozen R7 snapshot: 129/129 hashes PASS; recorded source/runtime archives PASS
$ biome format index.circuit.tsx src scripts package.json tsconfig.json tscircuit.config.json
Checked 25 files in 10ms. No fixes applied.
$ tsc --noEmit
test_cgroup_limit_is_respected_instead_of_large_host (test_cloud_runner.CloudRunnerTest.test_cgroup_limit_is_respected_instead_of_large_host) ... ok
test_child_failure_is_recorded_and_propagated (test_cloud_runner.CloudRunnerTest.test_child_failure_is_recorded_and_propagated) ... ok
test_concurrent_heavy_job_is_rejected (test_cloud_runner.CloudRunnerTest.test_concurrent_heavy_job_is_rejected) ... ok
test_mac_does_not_execute_heavy_commands (test_cloud_runner.CloudRunnerTest.test_mac_does_not_execute_heavy_commands) ... ok
test_unlimited_cgroup_uses_host_and_reserves_native_memory (test_cloud_runner.CloudRunnerTest.test_unlimited_cgroup_uses_host_and_reserves_native_memory) ... ok
test_downloaded_cad_files_are_models_not_http_errors (test_r8_alternative_radio.AlternativeRadioTest.test_downloaded_cad_files_are_models_not_http_errors) ... ok
test_exact_manufacturer_pin_map (test_r8_alternative_radio.AlternativeRadioTest.test_exact_manufacturer_pin_map) ... ok
test_lands_match_manufacturer_nominal_drawing (test_r8_alternative_radio.AlternativeRadioTest.test_lands_match_manufacturer_nominal_drawing) ... ok
test_supported_import_preserves_all_supplier_pads (test_r8_alternative_radio.AlternativeRadioTest.test_supported_import_preserves_all_supplier_pads) ... ok
test_downloaded_cad_files_are_models_not_http_errors (test_r8_alternative_radio.SelectedRadioTest.test_downloaded_cad_files_are_models_not_http_errors) ... ok
test_exact_manufacturer_pin_map (test_r8_alternative_radio.SelectedRadioTest.test_exact_manufacturer_pin_map) ... ok
test_lands_match_manufacturer_nominal_drawing (test_r8_alternative_radio.SelectedRadioTest.test_lands_match_manufacturer_nominal_drawing) ... ok
test_supported_import_preserves_all_supplier_pads (test_r8_alternative_radio.SelectedRadioTest.test_supported_import_preserves_all_supplier_pads) ... ok
test_exact_pin_contract_matches_manufacturer_table (test_r8_qualification.QualificationTest.test_exact_pin_contract_matches_manufacturer_table) ... ok
test_firmware_controls_do_not_use_boot_strap_terminals (test_r8_qualification.QualificationTest.test_firmware_controls_do_not_use_boot_strap_terminals) ... ok
test_manufacturer_discrepancy_remains_visible_and_blocking (test_r8_qualification.QualificationTest.test_manufacturer_discrepancy_remains_visible_and_blocking) ... ok
test_previous_revision_manifest_remains_unchanged (test_r8_qualification.QualificationTest.test_previous_revision_manifest_remains_unchanged) ... ok
test_supplier_import_preserves_all_terminal_geometry (test_r8_qualification.QualificationTest.test_supplier_import_preserves_all_terminal_geometry) ... ok

----------------------------------------------------------------------
Ran 18 tests in 0.063s

OK
bun test v1.3.9 (cf6cdbbb)

tests/r8-power-metadata.test.ts:
(pass) manufacturer power override reaches source ports without changing the supplier footprint [8633.50ms]
(pass) cheaper C2 import exposes its real power pins and stays unrouted [8809.28ms]

 2 pass
 0 fail
 13 expect() calls
Ran 2 tests across 1 file. [18.67s]
{
  "conversion_fidelity": "PASS",
  "maximum_conversion_difference_mm": 5.084821452783217e-14,
  "manufacturer_land_pattern_qualification": "BLOCKED \u2014 UNQUALIFIED SUPPLIER VARIATION"
}
Lightweight smoke checks PASS. This is not R8 electrical, routing or fabrication validation.
