Frozen R7 snapshot: 129/129 hashes PASS; recorded source/runtime archives PASS
$ biome format index.circuit.tsx src scripts package.json tsconfig.json tscircuit.config.json
Checked 25 files in 10ms. No fixes applied.
$ tsc --noEmit
test_cgroup_limit_is_respected_instead_of_large_host (test_cloud_runner.CloudRunnerTest.test_cgroup_limit_is_respected_instead_of_large_host) ... ok
test_child_failure_is_recorded_and_propagated (test_cloud_runner.CloudRunnerTest.test_child_failure_is_recorded_and_propagated) ... ok
test_concurrent_heavy_job_is_rejected (test_cloud_runner.CloudRunnerTest.test_concurrent_heavy_job_is_rejected) ... ok
test_mac_does_not_execute_heavy_commands (test_cloud_runner.CloudRunnerTest.test_mac_does_not_execute_heavy_commands) ... ok
test_unlimited_cgroup_uses_host_and_reserves_native_memory (test_cloud_runner.CloudRunnerTest.test_unlimited_cgroup_uses_host_and_reserves_native_memory) ... ok
test_exact_pin_contract_matches_manufacturer_table (test_r8_qualification.QualificationTest.test_exact_pin_contract_matches_manufacturer_table) ... ok
test_firmware_controls_do_not_use_boot_strap_terminals (test_r8_qualification.QualificationTest.test_firmware_controls_do_not_use_boot_strap_terminals) ... ok
test_manufacturer_discrepancy_remains_visible_and_blocking (test_r8_qualification.QualificationTest.test_manufacturer_discrepancy_remains_visible_and_blocking) ... ok
test_previous_revision_manifest_remains_unchanged (test_r8_qualification.QualificationTest.test_previous_revision_manifest_remains_unchanged) ... ok
test_supplier_import_preserves_all_terminal_geometry (test_r8_qualification.QualificationTest.test_supplier_import_preserves_all_terminal_geometry) ... ok

----------------------------------------------------------------------
Ran 10 tests in 0.055s

OK
{
  "conversion_fidelity": "PASS",
  "maximum_conversion_difference_mm": 5.084821452783217e-14,
  "manufacturer_land_pattern_qualification": "BLOCKED \u2014 UNQUALIFIED SUPPLIER VARIATION"
}
Lightweight smoke checks PASS. This is not R8 electrical, routing or fabrication validation.
