bun test v1.3.9 (cf6cdbbb)

tests/generate-symbol-tsx.test.ts:
(pass) keeps the rectangle primitive when its fill is none [10.09ms]
(pass) keeps the rectangle primitive when its fill is #880000 [2.47ms]
(pass) keeps the rectangle primitive when its fill is  [3.60ms]
(pass) generates a centered symbol with positioned, aliased ports [3.03ms]
(pass) transforms EasyEDA paths, arcs, and text into symbol-local coordinates [12.59ms]
(pass) keeps imported crystal symbols on tscircuit's schematic grid [0.63ms]
(pass) uses the symbol bounds when EasyEDA head coordinates are stale [1.62ms]
(pass) maps duplicate EasyEDA symbol pin numbers to unused footprint ports [1.06ms]
(pass) distinguishes custom symbols from chip box representations [6.33ms]

tests/convert-package-rect.test.ts:
(pass) emits package RECT shapes as silkscreen rectangles [1.21ms]
(pass) renders package RECT shapes in the PCB snapshot [3.25ms]

tests/normalize-symbol-name.test.ts:
(pass) normalizeSymbolName > converts + to _POS
(pass) normalizeSymbolName > converts - to _NEG
(pass) normalizeSymbolName > handles whitespace around + and -
(pass) normalizeSymbolName > preserves other names
(pass) normalizeSymbolName > handles names containing + or - but not exactly equal
(pass) normalizeSymbolName > handles empty strings [0.11ms]

tests/get-easyeda-pin-aliases.test.ts:
(pass) converts external pin name PA0/RESET#/UPDI to connection aliases [0.60ms]
(pass) converts external pin name #RST/NMI/SBWTDIO to connection aliases
(pass) converts external pin name PA0/RESET# to connection aliases
(pass) converts external pin name P1.3/TA1.2/A3/C3 to connection aliases
(pass) converts external pin name D+/D- to connection aliases
(pass) converts external pin name SINEIN– to connection aliases
(pass) converts external pin name SINEIN− to connection aliases
(pass) converts external pin name –IN/−OUT to connection aliases
(pass) converts external pin name 3V3(OUT) to connection aliases
(pass) converts external pin name (PA0) to connection aliases
(pass) converts external pin name _READY_ to connection aliases
(pass) converts external pin name 1&#96; to connection aliases
(pass) converts external pin name 2&#x60; to connection aliases
(pass) converts external pin name 1′ to connection aliases
(pass) converts external pin name D&#43;/D&#8722; to connection aliases
(pass) converts external pin name  / PA0 / / UPDI /  to connection aliases
(pass) converts external pin name  to connection aliases
(pass) converts external pin name +/- to connection aliases
(pass) deduplicates aliases before distinguishing shared pin functions

tests/get-polarized-pin-metadata.test.ts:
(pass) getPolarizedPinMetadata > normalizes anode pin 1 [0.02ms]
(pass) getPolarizedPinMetadata > normalizes decorated cathode pin 1

tests/arc-utils.test.ts:
(pass) generateArcFromSweep > uses the near circle center for a small arc [0.56ms]
(pass) generateArcFromSweep > uses the opposite circle center for a large arc

tests/get-board-outline-polygons.test.ts:
(pass) joins unordered reversed tracks and removes notch edge tabs [0.11ms]
(pass) keeps disconnected closed outlines separate [0.19ms]
(pass) does not invent a cutout from a line or an ambiguous open path
(pass) ignores branched outlines without losing a separate closed loop [0.08ms]

tests/normalize-pin-labels.test.ts:
(pass) normalizePinLabels > handles the documentation example correctly [0.05ms]
(pass) normalizePinLabels > handles empty input array
(pass) normalizePinLabels > handles pins with no labels
(pass) normalizePinLabels > preserves unique non-numeric labels [0.01ms]
(pass) normalizePinLabels > normalizes leading hash active-low labels [0.01ms]
(pass) normalizePinLabels > normalizes trailing hash active-low labels without double-prefixing [0.02ms]
(pass) normalizePinLabels > deduplicates normalized active-low labels
(pass) normalizePinLabels > handles multiple labels per pin [0.02ms]
(pass) normalizePinLabels > handles duplicate numeric labels [0.01ms]

tests/browser-bundle-websafe-guard.test.ts:
(pass) browser bundle websafe guard > browser build does not include known non-websafe runtime baggage [3607.53ms]

tests/get-easyeda-cad-model-placement.test.ts:
(pass) getCadModelOffsetMmFromBounds > derives XY placement from explicit bounds even when _objMetadata is missing [3.11ms]
(pass) getCadModelOffsetMmFromBounds > rebases XY against recentered footprint bounds [0.59ms]

tests/generate-footprint-tsx.test.ts:
(pass) generates standalone oval holes [161.95ms]
(pass) preserves fabrication and user notes in generated footprints [112.49ms]

tests/convert-to-ts/C5830143-to-ts.test.ts:
(pass) should convert C5830143 into typescript file [1445.33ms]

tests/convert-to-ts/c82173-to-ts.test.ts:
(pass) generates the C82173 LED driver IC as a chip [3.00ms]

tests/convert-to-ts/C75749-to-ts.test.ts:
(pass) should convert C75749 into typescript file [1344.38ms]

tests/convert-to-ts/C9972-to-ts.test.ts:
(pass) preserves the exact C9972 manufacturer part number [1.66ms]
(pass) reports missing manufacturer part number metadata [1.18ms]

tests/convert-to-ts/C335982-polarized-capacitor-repro.test.ts:
(pass) preserves C335982's curved polarized capacitor plate [656.84ms]

tests/convert-to-ts/C7434162-pin-labels-repro.test.ts:
(pass) renders C7434162 pin 35 and 36 labels [730.55ms]

tests/convert-to-ts/C96225-to-ts.test.ts:
(pass) converts C96225 diode array into a six-pin chip [844.42ms]

tests/convert-to-ts/C284163-to-ts.test.ts:
(pass) converts C284163 to a four-pin crystal [2.18ms]

tests/convert-to-ts/C46497-to-ts.test.ts:
(pass) should convert C46497 into typescript file [1008.18ms]

tests/convert-to-ts/C14877-to-ts.test.ts:
(pass) should convert C14877 into typescript file [1203.37ms]

tests/convert-to-ts/C20526-to-ts.test.ts:
(pass) repro: converts C20526 with a schematic snapshot [658.02ms]

tests/convert-to-ts/C113367-overlapping-pin-labels.test.ts:
(pass) reproduces overlapping pin labels in the C113367 custom symbol [801.76ms]

tests/convert-to-ts/C160354-to-ts.test.ts:
(pass) should convert C160354 into typescript file [963.07ms]

tests/convert-to-ts/C6186-to-ts.test.ts:
(pass) should convert C6186 into typescript file [898.19ms]

tests/convert-to-ts/C5378731-to-ts.test.ts:
(pass) imports C5378731 supplier fabrication notes into its footprint string [939.04ms]

tests/convert-to-ts/C165948-to-ts.test.ts:
(pass) should convert C165948 into typescript file [892.59ms]

tests/convert-to-ts/C19795120-to-ts.test.ts:
(pass) should convert C19795120 into typescript file [644.74ms]

tests/convert-to-ts/C157929-to-ts.test.ts:
(pass) should convert C157929 into typescript file [910.61ms]

tests/convert-to-ts/package-rect-field-order-and-stroke-units.test.ts:
(pass) preserves package RECT layer and line-width fields with correct stroke units [831.84ms]

tests/convert-to-ts/C1525-to-ts.test.ts:
(pass) normalizes the U+00B5 micro symbol [653.64ms]
(pass) normalizes the U+03BC micro symbol [664.12ms]
(pass) converts C1525 to a capacitor with its exact footprint [670.92ms]
(pass) uses the native schematic symbol for an imported C1525 capacitor [628.45ms]
(pass) preserves imported capacitor polarity with the native symbol [652.03ms]

tests/convert-to-ts/C265111-to-ts.test.ts:
(pass) should convert C265111 into typescript file [824.18ms]

tests/convert-to-ts/C2941005-to-ts.test.ts:
(pass) renders the C2941005 schematic and PCB [593.62ms]
(pass) preserves all six C2941005 schematic terminals and their PCB pad mappings [475.63ms]

tests/convert-to-ts/C136720-to-ts.test.ts:
(pass) converts C136720 document-layer tracks to fabrication notes [3.84ms]
(pass) should convert C136720 slide switch into a switch component with pin labels [1096.16ms]

tests/convert-to-ts/C49234237-to-ts.test.ts:
(pass) converts C49234237 into a pushbutton component [698.31ms]

tests/convert-to-ts/C309274-to-ts.test.ts:
(pass) should convert C309274 into typescript file [1283.07ms]

tests/convert-to-ts/infer-pin-attributes.test.ts:
(pass) infers only unambiguous IC power, ground, and no-connect attributes [0.36ms]

tests/convert-to-ts/C410353-to-ts.test.ts:
(pass) should convert C410353 into typescript file [997.25ms]

tests/convert-to-ts/C105419-to-ts.test.ts:
(pass) should convert C105419 into typescript file [882.45ms]

tests/convert-to-ts/C2765186-to-ts.test.ts:
(pass) prefers schematic pin names over footprint pad identifiers [677.84ms]

tests/convert-to-ts/C9900017879-to-ts.test.ts:
(pass) should convert C9900017879 into typescript file [1303.81ms]

tests/convert-to-ts/C2828420-to-ts.test.ts:
(pass) should convert C2828420 diode with metadata-derived pin labels [758.53ms]

tests/convert-to-ts/C501008-mosfet-symbol-repro.test.ts:
(pass) repro: C501008 STL130N6F7 MOSFET renders as an eight-pin chip [538.89ms]

tests/convert-to-ts/switch-category.test.ts:
(pass) does not treat Power Distribution Switches as a mechanical switch [0.14ms]
(pass) does not treat Power-Distribution Switch as a mechanical switch
(pass) does not treat PMIC - Power Distribution Switches, Load Drivers as a mechanical switch
(pass) does not treat Load Switches as a mechanical switch
(pass) does not treat LOAD-SWITCH as a mechanical switch
(pass) does not treat Analog Switches / Multiplexers as a mechanical switch
(pass) does not treat Analog-Switch as a mechanical switch
(pass) does not treat Switching Diodes as a mechanical switch
(pass) does not treat Switch ICs as a mechanical switch
(pass) retains mechanical Slide Switches categories [0.04ms]
(pass) retains mechanical Toggle Switches categories [0.03ms]
(pass) retains mechanical DIP Switches categories
(pass) retains mechanical Key Switches categories
(pass) retains mechanical Micro Switches categories [0.02ms]
(pass) retains mechanical Limit Switches categories
(pass) retains mechanical Power Toggle Switches categories
(pass) ignores absent and non-string categories
(pass) semiconductor tags override a generic switch category [1.00ms]
(pass) semiconductor category metadata overrides generic switch tags [0.73ms]
(pass) semiconductor Category metadata overrides generic switch tags [0.46ms]
(pass) semiconductor LCSC Category metadata overrides generic switch tags [0.59ms]
(pass) semiconductor JLCPCB Category metadata overrides generic switch tags [0.49ms]
(pass) a semiconductor top-level category overrides generic switch tags [0.28ms]

tests/convert-to-ts/usb-type-c-category.test.ts:
(pass) USB-C supplier prefix and package classify a connector without category tags [4.74ms]

tests/convert-to-ts/special-character-pin-labels.test.ts:
(pass) preserves C472489 special-character pin labels [946.74ms]
(pass) preserves C14877 special-character pin labels [740.01ms]
(pass) preserves C2886621 special-character pin labels [834.52ms]

tests/convert-to-ts/C19943592-pin1-footprint-repro.test.ts:
(pass) renders the C19943592 pin 1 rectangular footprint pad [590.75ms]
(pass) preserves RECT pad dimensions and rotation: {"width":60,"height":60,"rotation":0} [1.97ms]
(pass) preserves RECT pad dimensions and rotation: {"width":60,"height":72,"rotation":45} [0.96ms]
(pass) preserves RECT pad dimensions and rotation: {"width":72,"height":60,"rotation":90} [1.02ms]

tests/convert-to-ts/C131337-to-ts.test.ts:
(pass) should convert C131337 into typescript file [999.07ms]

tests/convert-to-ts/C2913206-to-ts.test.ts:
(pass) should convert C2913206 into typescript file [962.38ms]

tests/convert-to-ts/C7519-schematic-view-repro.test.ts:
(pass) renders C7519 with a white body and visible protection diodes [675.22ms]

tests/convert-to-ts/C2998002-to-ts.test.ts:
(pass) should convert C2998002 into typescript file [858.90ms]

tests/convert-to-ts/C22446580-to-ts.test.ts:
(pass) should convert C22446580 into typescript file [1034.65ms]

tests/convert-to-ts/C51950748-to-ts.test.ts:
(pass) should convert C51950748 into typescript file [1081.69ms]

tests/convert-to-ts/c165948-multiple-pin-aliases.test.ts:
(pass) preserves all C165948 pin aliases in generated TSX [716.48ms]

tests/convert-to-ts/C281113-to-ts.test.ts:
(pass) should convert C281113 into typescript file [861.96ms]

tests/convert-to-ts/C488251-pcb-view-repro.test.ts:
(pass) renders the C488251 PCB view [554.66ms]

tests/convert-to-ts/smd-resistors-to-ts.test.ts:
(pass) converts C17168 R0402 to a resistor [521.66ms]
(pass) converts C11702 R0402 to a resistor [622.61ms]
(pass) converts C25744 R0402 to a resistor [629.28ms]
(pass) converts C2929994 R0402 to a resistor [525.12ms]
(pass) converts C107701 R0603 to a resistor [529.26ms]
(pass) uses the native schematic symbol for an imported C107701 resistor [753.87ms]

tests/convert-to-ts/C1985372-to-ts.test.ts:
(pass) keeps C1985372 on tscircuit's schematic grid [533.39ms]

tests/convert-to-ts/C128415-to-ts.test.ts:
(pass) should convert C128415 into typescript file [787.83ms]

tests/convert-to-ts/C3178291-to-ts.test.ts:
(pass) should convert C3178291 into typescript file [868.66ms]

tests/convert-to-ts/C82650-to-ts.test.ts:
(pass) converts C82650 LED display driver into a chip [970.86ms]

tests/convert-to-ts/C2055640-to-ts.test.ts:
(pass) C2055640 should preserve courtyard outlines when round-tripping through TSX [782.50ms]
(pass) repro: C2055640 should preserve circular EasyEDA BGA pads [6.22ms]

tests/convert-to-ts/C157947-to-ts.test.ts:
(pass) should convert C157947 into typescript file [843.96ms]

tests/convert-to-ts/C22446580.test.ts:
(pass) should convert C22446580 into typescript file [672.44ms]

tests/convert-to-ts/C388883-to-ts.test.ts:
(pass) preserves distinct C388883 terminals with encoded prime labels [529.05ms]

tests/convert-to-ts/C139797-to-ts.test.ts:
(pass) should convert C139797 tactile switch into a pushbutton component [963.74ms]

tests/convert-to-ts/C1046-to-ts-with-stepModel.test.ts:
(pass) should include both obj and step cad model urls [524.92ms]

tests/convert-to-ts/C8545-to-ts.test.ts:
(pass) repro: imports C8545 with its custom schematic symbol [866.26ms]

tests/convert-to-ts/C2041570-to-ts.test.ts:
(pass) converts C2041570 to an inductor [624.47ms]

tests/convert-to-ts/C2961147-to-ts.test.ts:
(pass) should convert C2961147 into typescript file [876.87ms]

tests/convert-to-ts/C62857-to-ts.test.ts:
(pass) converts C62857 capacitor array with its EasyEDA symbol [638.91ms]

tests/convert-to-ts/C8465-to-ts.test.ts:
(pass) should convert C8465 into typescript file [713.31ms]

tests/convert-to-ts/C158012-to-ts.test.ts:
(pass) should convert C158012 into typescript file [779.62ms]

tests/convert-to-ts/C90683-to-ts.test.ts:
(pass) renders all NN2-24S05C3N schematic pin labels [669.29ms]

tests/convert-to-ts/C14877.test.ts:
(pass) should convert atmega328p into typescript file [973.72ms]

tests/convert-to-ts/C490691-active-low-labels.test.ts:
(pass) preserves C490691 trailing-hash active-low pin names [707.69ms]

tests/convert-to-ts/C490691-to-ts.test.ts:
(pass) should convert C490691 into typescript file [1075.62ms]

tests/convert-to-ts/c472489-slash-separated-pin-label.test.ts:
(pass) preserves C472489 slash-separated pin 20 label [877.21ms]

tests/convert-to-ts/C393941-to-ts.test.ts:
(pass) should convert C393941 into typescript file [974.34ms]

tests/convert-to-ts/C57759-to-led.test.ts:
(pass) should convert led category components to led elements [523.00ms]

tests/convert-to-ts/C88224-to-ts.test.ts:
(pass) should convert C88224 into typescript file [929.73ms]

tests/convert-to-ts/manufacturer-metadata.test.ts:
(pass) SPDT import preserves all supplier symbol terminals and explicit topology [1.97ms]
(pass) multi-terminal switch refuses an unverified default SPST topology [1.66ms]
(pass) connector import carries verified mating direction in the footprint frame [0.96ms]
(pass) invalid manufacturer metadata is rejected rather than dropped [0.84ms]
(pass) connector classification preserves a supplier contact-switch symbol [4.41ms]

tests/convert-to-ts/pushbutton-category.test.ts:
(pass) should identify JLCPCB pushbutton metadata as pushbuttons
(pass) should identify JLCPCB switch metadata as switches
(pass) should convert JLCPCB pushbutton metadata to pushbutton elements [527.16ms]

tests/convert-to-ts/C8598-to-ts.test.ts:
(pass) should normalize decorated C8598 diode polarity labels [854.33ms]

tests/convert-to-ts/custom-symbol-refdes.test.ts:
(pass) a transistor symbol without supplier text receives a dynamic reference [4.02ms]

tests/convert-to-ts/C19076967-to-ts.test.ts:
(pass) should convert C19076967 into typescript file [956.84ms]

tests/convert-to-ts/c2943786-to-ts.test.ts:
(pass) should import C2943786 into a snapshotted typescript component [2514.29ms]

tests/convert-to-ts/C46749-to-ts.test.ts:
(pass) should convert C46749 into typescript file [1071.00ms]

tests/convert-to-ts/additional-payload-variants.test.ts:
(pass) renders a payload with issue #464 variants [666.13ms]

tests/convert-to-ts/C12084-to-ts.test.ts:
(pass) should convert C12084 into typescript file [530.57ms]

tests/convert-to-ts/thermostat-category.test.ts:
(pass) semiconductor thermostat switches are not mechanical switches [0.01ms]

tests/convert-to-ts/C1046-to-ts.test.ts:
(pass) should convert C1046 into typescript file [849.05ms]

tests/convert-to-ts/C23689428-to-ts.test.ts:
(pass) should convert C23689428 into typescript file [1072.70ms]

tests/convert-to-ts/C561765-to-ts.test.ts:
(pass) should convert C561765 into typescript file [1068.54ms]

tests/convert-to-ts/C2040-to-ts.test.ts:
(pass) should convert C2040 into typescript file [1108.31ms]

tests/convert-to-ts/C18185602-to-ts.test.ts:
(pass) should convert C18185602 into typescript file [959.97ms]

tests/convert-to-ts/C2838502-to-ts.test.ts:
(pass) should convert C2838502 into typescript file [985.90ms]

tests/convert-to-ts/C2687116-to-ts.test.ts:
(pass) infers VBUS power metadata for C2687116 [750.49ms]

tests/convert-to-ts/C2848306-to-ts.test.ts:
(pass) should convert C2848306 into typescript file [1032.81ms]

tests/convert-to-ts/C2979182-to-ts.test.ts:
(pass) should convert C2979182 / MY-18650-02 into typescript file [918.76ms]

tests/convert-to-ts/C55266-power-distribution-switch.test.ts:
(pass) C55266 retains six source pins and their PCB pad mappings [640.15ms]
(pass) renders the C55266 schematic and PCB [532.64ms]
(pass) C55266 exposes all six IC pins in the schematic [531.41ms]
(pass) connects C55266's IN signal [750.23ms]
(pass) connects C55266's GND signal [634.27ms]
(pass) connects C55266's EN signal [639.68ms]
(pass) connects C55266's FAULT signal [715.05ms]
(pass) connects C55266's ILIM signal [746.77ms]
(pass) connects C55266's OUT signal [634.68ms]

tests/convert-to-ts/C15464-to-ts.test.ts:
(pass) normalizes C15464 active-low pin aliases [735.04ms]

tests/convert-to-ts/standard-dip-switches-repro.test.ts:
(pass) preserves the imported symbol for a Standard DIP switch [816.01ms]

tests/convert-to-ts/C5248081-to-ts.test.ts:
(pass) should convert C5248081 into typescript file [1021.35ms]

tests/convert-to-ts/C2879827-to-ts.test.ts:
(pass) C2879827 preserves the source notch geometry during parsing [0.08ms]
(pass) C2879827 converts BoardOutline tracks into one cutout [2.64ms]
(pass) C2879827 preserves the board cutout in generated component TSX [552.10ms]
(pass) C2879827 must retain its board notch as cutout geometry [0.76ms]
(pass) TSX generator must preserve an existing pcb_cutout [0.06ms]

tests/convert-to-ts/C2886621-to-ts.test.ts:
(pass) should convert C2886621 into typescript file [960.15ms]

tests/convert-to-ts/C3273487-to-ts.test.ts:
(pass) converts C3273487 coupled inductor without losing terminals [678.38ms]

tests/convert-to-ts/C113367-to-ts.test.ts:
(pass) should convert C113367 into typescript file [932.63ms]
(pass) C113367 generates one schematic port for each footprint pin [542.31ms]

tests/convert-to-ts/C57759-to-ts.test.ts:
(pass) should convert diode category components to diode elements [630.33ms]

tests/convert-to-ts/C60708-to-ts.test.ts:
(pass) should convert C60708 into typescript file [1264.79ms]

tests/convert-to-ts/C7203002-to-ts.test.ts:
(pass) should convert C7203002 into typescript file [630.97ms]

tests/convert-to-ts/C472489-to-ts.test.ts:
(pass) should convert C472489 into typescript file [1605.47ms]

tests/convert-to-ts/C404969-to-ts.test.ts:
(pass) converts C404969 to a connector [758.79ms]

tests/convert-to-ts/c609652-pin-label.test.ts:
(pass) preserves C609652's PA0/RESET#/UPDI label on pin 16 [674.36ms]
(pass) connects C609652 pin 16 using PA0 [565.13ms]
(pass) connects C609652 pin 16 using N_RESET [1088.78ms]
(pass) connects C609652 pin 16 using UPDI [589.30ms]

tests/convert-to-ts/c2848306-hidden-pin-visibility.test.ts:
(pass) preserves C2848306 EasyEDA-hidden EP pin visibility [659.45ms]

tests/convert-to-ts/C2652953-to-ts.test.ts:
(pass) should convert C2652953 into typescript file [1097.49ms]

tests/convert-to-ts/l0805-inductors-detected-as-chips.test.ts:
(pass) reproduces C1046 L0805 inductor being generated as a generic chip [774.17ms]
(pass) reproduces C281113 L0805 inductor being generated as a generic chip [662.23ms]

tests/convert-to-soup-tests/C160354.test.ts:
(pass) C160354 (JST B4B-PH-SM4-TB) should generate Circuit JSON without errors [2.61ms]

tests/convert-to-soup-tests/convert-usb-c-to-soup.test.ts:
(pass) should convert a usb-c footprint (C2765186) to tscircuit soup json [28.81ms]

tests/convert-to-soup-tests/normalize-plus-minus.test.ts:
(pass) normalizes plus and minus symbols in pin names during conversion [8.20ms]
(pass) normalizes plus and minus symbols in package detail silkscreen text during conversion [2.72ms]

tests/convert-to-soup-tests/declared-slot-length.test.ts:
(pass) preserves declared 1.2 mm slot at 0 degrees [2.28ms]
(pass) preserves declared 1.2 mm slot at 90 degrees [2.30ms]
(pass) preserves declared 1.2 mm slot at 180 degrees [1.70ms]
(pass) preserves declared 1.2 mm slot at 270 degrees [1.18ms]
(pass) oval copper does not imply a slotted drill [1.06ms]

tests/convert-to-soup-tests/esp32-to-soup.test.ts:
(pass) should parse easyeda json for a 555 timer (smd) and convert to tscircuit soup [5.13ms]

tests/convert-to-soup-tests/c5184526.test.ts:
(pass) C5184526 should have two holes [2.98ms]

tests/convert-to-soup-tests/c2848306-to-soup.test.ts:
(pass) C2848306 should parse successfully with 'none' visibility enum [1.12ms]

tests/convert-to-soup-tests/bottom-layer-track.test.ts:
(pass) preserves the side of bottom-layer tracks [5.50ms]

tests/convert-to-soup-tests/c2055640-courtyard.test.ts:
(pass) C2055640 should import courtyard outlines with non-zero height and render them [7.62ms]

tests/convert-to-soup-tests/c19795120-cutout.test.ts:
(pass) C19795120 should generate a pcb_cutout [2.79ms]

tests/convert-to-soup-tests/convert-easyeda-to-tscircuit-soup.test.ts:
(pass) should parse easyeda json for a 555 timer and convert to tscircuit soup [2.70ms]

tests/convert-to-soup-tests/c57759.test.ts:
(pass) C57759 should generate Circuit Json without errors [2.00ms]
(pass) C57759 should parse PT shape correctly [0.81ms]

tests/convert-to-soup-tests/C265111.test.ts:
(pass) C265111 (JST SM08B-GHS-TB) should generate Circuit JSON without errors [2.60ms]

tests/convert-to-soup-tests/C8465.test.ts:
(pass) C8465 (JST B2B-EH-A) should generate Circuit JSON without errors [2.99ms]

tests/convert-to-soup-tests/bottom-layer-arc.test.ts:
(pass) preserves the side of bottom-layer arcs [4.48ms]

tests/convert-to-soup-tests/c46497.test.ts:
(pass) C46497 should generate Circuit Json with vias [5.70ms]

tests/convert-to-soup-tests/c165948-cad-footprint-size-repro.test.ts:
(pass) uses C165948 CAD model bounds instead of its PCB footprint size [645.14ms]

tests/convert-to-soup-tests/C131337.test.ts:
(pass) C131337 (JST B2B-PH-K-S) should generate Circuit JSON without errors [6.57ms]

tests/convert-to-soup-tests/diode-polarity-port-hints.test.ts:
(pass) preserves normalized diode polarity hints on PCB pads [1.56ms]

tests/convert-to-soup-tests/plated-hole-layers.test.ts:
(pass) through-hole pads span both outer copper layers [2.77ms]

tests/convert-to-soup-tests/c4355039-to-soup.test.ts:
(pass) should parse easyeda json for c4355039 and convert to tscircuit soup [2.67ms]

tests/convert-to-soup-tests/fallback-courtyard-model-outline.test.ts:
(pass) uses the FS3000 physical body for its fallback courtyard [1.78ms]
(pass) excludes the VCNL4040 silkscreen marker from its fallback courtyard [0.87ms]

tests/convert-to-soup-tests/C157929.test.ts:
(pass) C157929 (JST B3B-XH-A) should generate Circuit JSON without errors [2.89ms]

tests/convert-to-soup-tests/c88224.test.ts:
(pass) should parse easyeda json for a c88224 and convert to tscircuit soup [4.48ms]

tests/convert-to-soup-tests/c3178291-to-soup.test.ts:
(pass) should convert c3178291 with polygon pads [2.51ms]

tests/convert-to-soup-tests/silkscreen-text-rotation.test.ts:
(pass) preserves rotated silkscreen text in the PCB snapshot [2.94ms]

tests/convert-to-soup-tests/duplicate-pad-numbers.test.ts:
(pass) keeps repeated EasyEDA pad numbers on one logical pin [5.66ms]

tests/convert-to-soup-tests/C158012.test.ts:
(pass) C158012 (JST B2B-XH-A) should generate Circuit JSON without errors [1.90ms]

tests/fetch-tests/c41430893.test.ts:
(pass) should fetch correct part for C41430893 [518.41ms]
(pass) C41430893 should generate Circuit Json without errors [597.79ms]

tests/fetch-tests/c1555-0402-repro.test.ts:
(pass) rejects C1555 when EasyEDA only returns fuzzy value matches [1.11ms]
(pass) snapshots the misleading C1555 search candidate [1.27ms]

tests/fetch-tests/rate-limit-403.test.ts:
(pass) surfaces a search-request HTTP 403 as rate limiting, not a component lookup failure [0.10ms]
(pass) surfaces a component-details HTTP 403 as rate limiting
(pass) keeps 'Component not found' distinct from rate limiting [0.32ms]
(pass) includes the HTTP status in non-403 search failures

tests/fetch-tests/missing-library-component.test.ts:
(pass) reports when S4 has no EasyEDA library search result [0.78ms]
(pass) reports when EasyEDA rejects the search request [0.06ms]

tests/fetch-tests/invalid-search-response.test.ts:
(pass) rejects null response before fetching geometry [0.54ms]
(pass) rejects missing success flag before fetching geometry [0.08ms]
(pass) rejects string success flag before fetching geometry [0.03ms]
(pass) rejects missing results before fetching geometry
(pass) rejects missing lists before fetching geometry
(pass) rejects non-array component list before fetching geometry [0.05ms]
(pass) rejects component without a UUID before fetching geometry [0.06ms]
(pass) rejects API rejection even with a nonempty result list before fetching geometry [0.01ms]

tests/fetch-tests/exact-search-response.test.ts:
(pass) preserves exact matching through supplier parameter [1.12ms]
(pass) preserves exact matching through lcsc number [0.16ms]
(pass) preserves exact matching through szlcsc number [0.14ms]

tests/fetch-tests/c2040.test.ts:
(pass) should fetch correct part for C2040 [663.97ms]

tests/parse-tests/malformed-schema-variants.test.ts:
(pass) coerces a numeric-string szlcsc id [1.74ms]
(pass) accepts an absent dataStr.head.utime value (%s) [1.24ms]
(pass) accepts an absent dataStr.head.utime value (%s) [1.53ms]
(pass) accepts an absent dataStr.head.utime value () [0.70ms]
(pass) normalizes text alignment "P" to left alignment [1.33ms]
(pass) normalizes additional payload variants from issue #464 [0.75ms]

tests/parse-tests/rk3566-import-regression.test.ts:
(pass) parses footprint-only parts with incomplete schematic metadata [0.69ms]
(pass) preserves exponent-like BGA pad identifiers and generates unique ports [0.69ms]
(pass) keeps ordinary decimal pad identifiers numeric [0.05ms]

tests/parse-tests/single-letter-shape-schema.test.ts:
(pass) parses examples for single letter shape schema [0.34ms]
(pass) normalizes literal undefined optional text fields from EasyEDA text shapes [0.16ms]
(pass) normalizes whitespace-only text metadata from C60708 [0.07ms]
(pass) still rejects unexpected fontStyle values [0.24ms]
(pass) parses schematic drawing colors, paths, and pin stems [0.25ms]

tests/parse-tests/parse-c46497.test.ts:
(pass) should parse easyeda json for C46497 with VIA [2.77ms]

tests/parse-tests/parse-c4355039.test.ts:
(pass) should parse easyeda json for a c4355039 [1.03ms]

tests/parse-tests/parse-c124375.test.ts:
(pass) should parse easyeda json for a c124375 [0.59ms]

tests/parse-tests/pin-label-plus-minus.test.ts:
(pass) converts trailing plus and minus in pin labels [0.08ms]
(pass) normalizes voltage pin labels with leading plus [0.02ms]

tests/parse-tests/parse-usb-c.test.ts:
(pass) should parse easyeda json for a mounted usb c plug [4.77ms]

tests/parse-tests/parse-esp32.test.ts:
(pass) should parse easyeda json for a 555 timer [2.74ms]

tests/parse-tests/parse-c124352.test.ts:
(pass) should parse easyeda json for a C124352 [0.88ms]

tests/parse-tests/parse-555-timer-json.test.ts:
(pass) should parse easyeda json for a 555 timer [1.11ms]

tests/parse-tests/pin-label-hash.test.ts:
(pass) converts trailing # in pin labels to active-low N_ prefix [0.09ms]

 308 pass
 0 fail
 77 snapshots, 1281 expect() calls
Ran 308 tests across 164 files. [108.19s]
