{'lcsc': 'C19725033', 'error': 'HTTP Error 429: Too Many Requests'}
C23186 0603WAF5101T5E {'canPresaleNumber': 24102810, 'overseasStockCount': 25180626, 'preMinPurchaseNum': 5000, 'encapsulationNumber': 5000, 'lossNumber': 10, 'leastPatchNumber': 20, 'noBuyReason': None}
C37616412 USB4215-03-A {'canPresaleNumber': 22, 'overseasStockCount': 114, 'preMinPurchaseNum': 13, 'encapsulationNumber': 1200, 'lossNumber': 0, 'leastPatchNumber': 0, 'noBuyReason': None}
C21190 0603WAF1001T5E {'canPresaleNumber': 15805599, 'overseasStockCount': 21263422, 'preMinPurchaseNum': 4512, 'encapsulationNumber': 5000, 'lossNumber': 10, 'leastPatchNumber': 20, 'noBuyReason': None}
C160402 SM02B-SRSS-TB(LF)(SN) {'canPresaleNumber': 31993, 'overseasStockCount': 33491, 'preMinPurchaseNum': 84, 'encapsulationNumber': 3000, 'lossNumber': 2, 'leastPatchNumber': 5, 'noBuyReason': None}
C19666 CL10A475KO8NNNC {'canPresaleNumber': 1855125, 'overseasStockCount': 2465531, 'preMinPurchaseNum': 519, 'encapsulationNumber': 4000, 'lossNumber': 10, 'leastPatchNumber': 20, 'noBuyReason': None}
C2286 KT-0603R {'canPresaleNumber': 4175445, 'overseasStockCount': 4727380, 'preMinPurchaseNum': 1556, 'encapsulationNumber': 4000, 'lossNumber': 10, 'leastPatchNumber': 20, 'noBuyReason': None}
C15850 CL21A106KAYNNNE {'canPresaleNumber': 3446765, 'overseasStockCount': 4823394, 'preMinPurchaseNum': 139, 'encapsulationNumber': 2000, 'lossNumber': 10, 'leastPatchNumber': 20, 'noBuyReason': None}
C22795 0603WAF1303T5E {'canPresaleNumber': 534475, 'overseasStockCount': 584487, 'preMinPurchaseNum': 5000, 'encapsulationNumber': 5000, 'lossNumber': 10, 'leastPatchNumber': 20, 'noBuyReason': None}
C25804 0603WAF1002T5E {'canPresaleNumber': 21622618, 'overseasStockCount': 29550615, 'preMinPurchaseNum': 5000, 'encapsulationNumber': 5000, 'lossNumber': 10, 'leastPatchNumber': 20, 'noBuyReason': None}
C282505 TCC0603COG470J500CT {'canPresaleNumber': 7987, 'overseasStockCount': 8003, 'preMinPurchaseNum': 3610, 'encapsulationNumber': 4000, 'lossNumber': 10, 'leastPatchNumber': 20, 'noBuyReason': None}
C19949072 ESPC3-12-N4 {'canPresaleNumber': 3, 'overseasStockCount': 66, 'preMinPurchaseNum': 4, 'encapsulationNumber': 650, 'lossNumber': 0, 'leastPatchNumber': 0, 'noBuyReason': None}
C14663 CC0603KRX7R9BB104 {'canPresaleNumber': 42852460, 'overseasStockCount': 57155700, 'preMinPurchaseNum': 1026, 'encapsulationNumber': 4000, 'lossNumber': 10, 'leastPatchNumber': 20, 'noBuyReason': None}
C720477 TS-1088-AR02016 {'canPresaleNumber': 717179, 'overseasStockCount': 767717, 'preMinPurchaseNum': 214, 'encapsulationNumber': 4000, 'lossNumber': 4, 'leastPatchNumber': 5, 'noBuyReason': None}
C393942 TS24CA {'canPresaleNumber': 401395, 'overseasStockCount': 407311, 'preMinPurchaseNum': 461, 'encapsulationNumber': 3000, 'lossNumber': 1, 'leastPatchNumber': 5, 'noBuyReason': None}
C160389 BM03B-SRSS-TB(LF)(SN) {'canPresaleNumber': 31699, 'overseasStockCount': 32152, 'preMinPurchaseNum': 33, 'encapsulationNumber': 1500, 'lossNumber': 0, 'leastPatchNumber': 5, 'noBuyReason': None}
C431540 MSK12C02 {'canPresaleNumber': 185720, 'overseasStockCount': 192067, 'preMinPurchaseNum': 196, 'encapsulationNumber': 3000, 'lossNumber': 4, 'leastPatchNumber': 2, 'noBuyReason': None}
C25803 0603WAF1003T5E {'canPresaleNumber': 20063291, 'overseasStockCount': 22005237, 'preMinPurchaseNum': 3760, 'encapsulationNumber': 5000, 'lossNumber': 10, 'leastPatchNumber': 20, 'noBuyReason': None}
C15516 TPS63031DSKR {'canPresaleNumber': 13099, 'overseasStockCount': 13230, 'preMinPurchaseNum': 9, 'encapsulationNumber': 3000, 'lossNumber': 0, 'leastPatchNumber': 0, 'noBuyReason': None}
C8545 2N7002 {'canPresaleNumber': 1436452, 'overseasStockCount': 1576906, 'preMinPurchaseNum': 640, 'encapsulationNumber': 3000, 'lossNumber': 5, 'leastPatchNumber': 10, 'noBuyReason': None}
C56594 SWPA3015S1R5NT {'canPresaleNumber': 4041, 'overseasStockCount': 4197, 'preMinPurchaseNum': 229, 'encapsulationNumber': 2000, 'lossNumber': 4, 'leastPatchNumber': 5, 'noBuyReason': None}
C5219772 TMP390A2DRLR {'canPresaleNumber': 37521, 'overseasStockCount': 37573, 'preMinPurchaseNum': 26, 'encapsulationNumber': 4000, 'lossNumber': 0, 'leastPatchNumber': 2, 'noBuyReason': None}
C22844 0603WAF1621T5E {'canPresaleNumber': 26889, 'overseasStockCount': 26988, 'preMinPurchaseNum': 5000, 'encapsulationNumber': 5000, 'lossNumber': 10, 'leastPatchNumber': 20, 'noBuyReason': None}
C22893 0603WAF1872T5E {'canPresaleNumber': 121574, 'overseasStockCount': 127543, 'preMinPurchaseNum': 5000, 'encapsulationNumber': 5000, 'lossNumber': 10, 'leastPatchNumber': 20, 'noBuyReason': None}
C485802 TPS3839G33DBZR {'canPresaleNumber': 3360, 'overseasStockCount': 3395, 'preMinPurchaseNum': 27, 'encapsulationNumber': 3000, 'lossNumber': 0, 'leastPatchNumber': 5, 'noBuyReason': None}
