Frozen R7 snapshot: 129/129 hashes PASS; recorded source/runtime archives PASS
$ biome format index.circuit.tsx src scripts package.json tsconfig.json tscircuit.config.json
Checked 61 files in 13ms. No fixes applied.
$ tsc --noEmit
test_cgroup_limit_is_respected_instead_of_large_host (test_cloud_runner.CloudRunnerTest.test_cgroup_limit_is_respected_instead_of_large_host) ... ok
test_child_failure_is_recorded_and_propagated (test_cloud_runner.CloudRunnerTest.test_child_failure_is_recorded_and_propagated) ... ok
test_concurrent_heavy_job_is_rejected (test_cloud_runner.CloudRunnerTest.test_concurrent_heavy_job_is_rejected) ... ok
test_mac_does_not_execute_heavy_commands (test_cloud_runner.CloudRunnerTest.test_mac_does_not_execute_heavy_commands) ... ok
test_unlimited_cgroup_uses_host_and_reserves_native_memory (test_cloud_runner.CloudRunnerTest.test_unlimited_cgroup_uses_host_and_reserves_native_memory) ... ok
test_downloaded_cad_files_are_models_not_http_errors (test_r8_alternative_radio.AlternativeRadioTest.test_downloaded_cad_files_are_models_not_http_errors) ... ok
test_exact_manufacturer_pin_map (test_r8_alternative_radio.AlternativeRadioTest.test_exact_manufacturer_pin_map) ... ok
test_lands_match_manufacturer_nominal_drawing (test_r8_alternative_radio.AlternativeRadioTest.test_lands_match_manufacturer_nominal_drawing) ... ok
test_supported_import_preserves_all_supplier_pads (test_r8_alternative_radio.AlternativeRadioTest.test_supported_import_preserves_all_supplier_pads) ... ok
test_downloaded_cad_files_are_models_not_http_errors (test_r8_alternative_radio.SelectedRadioTest.test_downloaded_cad_files_are_models_not_http_errors) ... ok
test_exact_manufacturer_pin_map (test_r8_alternative_radio.SelectedRadioTest.test_exact_manufacturer_pin_map) ... ok
test_lands_match_manufacturer_nominal_drawing (test_r8_alternative_radio.SelectedRadioTest.test_lands_match_manufacturer_nominal_drawing) ... ok
test_supported_import_preserves_all_supplier_pads (test_r8_alternative_radio.SelectedRadioTest.test_supported_import_preserves_all_supplier_pads) ... ok
test_all_manufacturer_pin_labels_and_power_metadata (test_r8_c3_radio.C3RadioQualificationTest.test_all_manufacturer_pin_labels_and_power_metadata) ... ok
test_supplier_pad_conversion_and_manufacturer_nominal_lands (test_r8_c3_radio.C3RadioQualificationTest.test_supplier_pad_conversion_and_manufacturer_nominal_lands) ... ok
test_placement_changes_do_not_change_electrical_contract (test_r8_electrical_contract.ElectricalContractTest.test_placement_changes_do_not_change_electrical_contract) ... ok
test_swapped_uart_signal_is_rejected (test_r8_electrical_contract.ElectricalContractTest.test_swapped_uart_signal_is_rejected) ... ok
test_wrong_charge_setting_is_rejected (test_r8_electrical_contract.ElectricalContractTest.test_wrong_charge_setting_is_rejected) ... ok
test_exact_pin_contract_matches_manufacturer_table (test_r8_qualification.QualificationTest.test_exact_pin_contract_matches_manufacturer_table) ... ok
test_firmware_controls_do_not_use_boot_strap_terminals (test_r8_qualification.QualificationTest.test_firmware_controls_do_not_use_boot_strap_terminals) ... ok
test_manufacturer_discrepancy_remains_visible_and_blocking (test_r8_qualification.QualificationTest.test_manufacturer_discrepancy_remains_visible_and_blocking) ... ok
test_previous_revision_manifest_remains_unchanged (test_r8_qualification.QualificationTest.test_previous_revision_manifest_remains_unchanged) ... ok
test_supplier_import_preserves_all_terminal_geometry (test_r8_qualification.QualificationTest.test_supplier_import_preserves_all_terminal_geometry) ... ok
test_rejects_cache_and_outside_repository_inputs (test_registry_staging.RegistryStaging.test_rejects_cache_and_outside_repository_inputs) ... ok
test_rejects_report_for_another_circuit (test_registry_staging.RegistryStaging.test_rejects_report_for_another_circuit) ... ok
test_alps_rejection_preserves_all_npth_violations (test_side_shutter.SideShutterQualification.test_alps_rejection_preserves_all_npth_violations) ... ok
test_exact_supplier_identity_required (test_side_shutter.SideShutterQualification.test_exact_supplier_identity_required) ... ok
test_frame_is_not_a_switch_contact (test_side_shutter.SideShutterQualification.test_frame_is_not_a_switch_contact) ... ok
test_manufacturer_lands_and_frame_contract (test_side_shutter.SideShutterQualification.test_manufacturer_lands_and_frame_contract) ... ok
test_modified_generated_contact_rejected (test_side_shutter.SideShutterQualification.test_modified_generated_contact_rejected) ... ok
test_rejected_alps_exact_manufacturer_lands (test_side_shutter.SideShutterQualification.test_rejected_alps_exact_manufacturer_lands) ... ok
test_rejected_alps_five_contacts_have_paste_and_correct_internals (test_side_shutter.SideShutterQualification.test_rejected_alps_five_contacts_have_paste_and_correct_internals) ... ok
test_requalified_switch_has_paste_for_every_unchanged_land (test_side_shutter.SideShutterQualification.test_requalified_switch_has_paste_for_every_unchanged_land) ... ok
test_side_actuator_overhang_keeps_every_copper_land_on_board (test_side_shutter.SideShutterQualification.test_side_actuator_overhang_keeps_every_copper_land_on_board) ... ok
test_default_image_is_preserved_c3 (test_standard_jst_programmer.StandardProgrammer.test_default_image_is_preserved_c3) ... ok
test_image_validation_rejects_changed_wrong_chip_and_checksum (test_standard_jst_programmer.StandardProgrammer.test_image_validation_rejects_changed_wrong_chip_and_checksum) ... ok
test_published_host_and_target_contacts (test_standard_jst_programmer.StandardProgrammer.test_published_host_and_target_contacts) ... ok
test_serial_open_preserves_dtr_and_manual_reset (test_standard_jst_programmer.StandardProgrammer.test_serial_open_preserves_dtr_and_manual_reset) ... ok

----------------------------------------------------------------------
Ran 38 tests in 0.123s

OK
bun test v1.3.9 (cf6cdbbb)

tests/r8-power-metadata.test.ts:
(pass) manufacturer power override reaches source ports without changing the supplier footprint [8025.80ms]
(pass) cheaper C2 import exposes its real power pins and stays unrouted [8289.24ms]

 2 pass
 0 fail
 13 expect() calls
Ran 2 tests across 1 file. [17.61s]
{
  "conversion_fidelity": "PASS",
  "maximum_conversion_difference_mm": 5.084821452783217e-14,
  "manufacturer_land_pattern_qualification": "BLOCKED \u2014 UNQUALIFIED SUPPLIER VARIATION"
}
Lightweight smoke checks PASS. This is not R8 electrical, routing or fabrication validation.
